
> frontend@0.0.0 test
> vitest run --run --reporter=verbose


[1m[46m RUN [49m[22m [36mv4.0.16 [39m[90mC:/Users/codeshester0011/Desktop/NLoger/frontend[39m

node.exe : [90mstderr[2m | 
src/pages/admin/AdminDisputes.test.jsx[2m > [22m[2mAdminDisputes 
Component[2m > [22m[2mrenders disputes list
Au caractère Ligne:1 : 1
+ & "C:\Program Files\nodejs/node.exe" "C:\Program 
Files\nodejs/node_mo ...
+ ~~~~~~~~~~~~~~~~~~~~~~~~~~~~~~~~~~~~~~~~~~~~~~~~~~~~~~~~~~~~~~~~~~
~~~
    + CategoryInfo          : NotSpecified: ([90mstderr[2m...s di 
   sputes list:String) [], RemoteException
    + FullyQualifiedErrorId : NativeCommandError
 
[22m[39mAn error occurred in the <DataTable> component.

Consider adding an error boundary to your tree to customize error 
handling behavior.
Visit https://react.dev/link/error-boundaries to learn more about 
error boundaries.


[90mstderr[2m | src/pages/admin/AdminDisputes.test.jsx[2m > 
[22m[2mAdminDisputes Component[2m > [22m[2mresolves dispute 
with full refund
[22m[39mAn error occurred in the <DataTable> component.

Consider adding an error boundary to your tree to customize error 
handling behavior.
Visit https://react.dev/link/error-boundaries to learn more about 
error boundaries.


 [31m├ù[39m src/pages/admin/AdminDisputes.test.jsx[2m > [22mAdminDisputes Component[2m > [22mrenders disputes list[33m 1136[2mms[22m[39m
[31m   ÔåÆ Unable to find an element with the text: Logement non conforme. This could be because the text is broken up by multiple elements. In this case, you can provide a function for your text matcher to make your matcher more flexible.

Ignored nodes: comments, script, style
[36m<body>[31m
  [36m<div />[31m
[36m</body>[31m

Ignored nodes: comments, script, style
[36m<html>[31m
  [36m<head />[31m
  [36m<body>[31m
    [36m<div />[31m
  [36m</body>[31m
[36m</html>[31m[39m
[90mstderr[2m | src/pages/admin/AdminDashboard.test.jsx[2m > 
[22m[2mAdminDashboard Component[2m > [22m[2mdisplays dashboard 
statistics when loaded
[22m[39mThe width(-1) and height(-1) of chart should be greater 
than 0,
       please check the style of container, or the props 
width(100%) and height(100%),
       or add a minWidth(0) or minHeight(undefined) or use 
aspect(undefined) to control the
       height and width.
The width(-1) and height(-1) of chart should be greater than 0,
       please check the style of container, or the props 
width(100%) and height(100%),
       or add a minWidth(0) or minHeight(undefined) or use 
aspect(undefined) to control the
       height and width.

 [31m├ù[39m src/pages/admin/AdminDashboard.test.jsx[2m > [22mAdminDashboard Component[2m > [22mrenders loading state initially[33m 307[2mms[22m[39m
[31m   ÔåÆ Unable to find an accessible element with the role "progressbar"

There are no accessible roles. But there might be some inaccessible roles. If you wish to access them, then set the `hidden` option to `true`. Learn more about this here: https://testing-library.com/docs/dom-testing-library/api-queries#byrole

Ignored nodes: comments, script, style
[36m<body>[31m
  [36m<div>[31m
    [36m<div[31m
      [33mclass[31m=[32m"flex items-center justify-center min-h-[400px]"[31m
    [36m>[31m
      [36m<div[31m
        [33mclass[31m=[32m"animate-spin rounded-full h-12 w-12 border-t-2 border-b-2 border-blue-500"[31m
      [36m/>[31m
    [36m</div>[31m
  [36m</div>[31m
[36m</body>[31m[39m
[90mstderr[2m | src/pages/admin/AdminDashboard.test.jsx[2m > 
[22m[2mAdminDashboard Component[2m > [22m[2mhandles API errors 
gracefully
[22m[39mFailed to fetch admin dashboard data Error: Network error
    at C:/Users/codeshester0011/Desktop/NLoger/frontend/src/pages/ad
min/AdminDashboard.test.jsx:76:31
    at [90mfile:///C:/Users/codeshester0011/Desktop/NLoger/frontend
/[39mnode_modules/[4m@vitest/runner[24m/dist/index.js:145:11
    at [90mfile:///C:/Users/codeshester0011/Desktop/NLoger/frontend
/[39mnode_modules/[4m@vitest/runner[24m/dist/index.js:915:26
    at [90mfile:///C:/Users/codeshester0011/Desktop/NLoger/frontend
/[39mnode_modules/[4m@vitest/runner[24m/dist/index.js:1243:20
    at new Promise (<anonymous>)
    at runWithTimeout [90m(file:///C:/Users/codeshester0011/Desktop
/NLoger/frontend/[39mnode_modules/[4m@vitest/runner[24m/dist/inde
x.js:1209:10[90m)[39m
    at [90mfile:///C:/Users/codeshester0011/Desktop/NLoger/frontend
/[39mnode_modules/[4m@vitest/runner[24m/dist/index.js:1653:37
    at Traces.$ [90m(file:///C:/Users/codeshester0011/Desktop/NLoge
r/frontend/[39mnode_modules/[4mvitest[24m/dist/chunks/traces.U4xD
YhzZ.js:115:27[90m)[39m
    at trace [90m(file:///C:/Users/codeshester0011/Desktop/NLoger/f
rontend/[39mnode_modules/[4mvitest[24m/dist/chunks/test.B8ej_ZHS.
js:239:21[90m)[39m
    at runTest [90m(file:///C:/Users/codeshester0011/Desktop/NLoger
/frontend/[39mnode_modules/[4m@vitest/runner[24m/dist/index.js:16
53:12[90m)[39m

 [31m├ù[39m src/pages/admin/AdminTransactions.test.jsx[2m > [22mAdminTransactions Component[2m > [22mrenders transactions list[33m 1111[2mms[22m[39m
[31m   ÔåÆ Unable to find an element with the text: tenant1. This could be because the text is broken up by multiple elements. In this case, you can provide a function for your text matcher to make your matcher more flexible.

Ignored nodes: comments, script, style
[36m<body>[31m
  [36m<div>[31m
    [36m<div[31m
      [33mclass[31m=[32m"space-y-6 animate-in fade-in slide-in-from-bottom-4 duration-500"[31m
    [36m>[31m
      [36m<div[31m
        [33mclass[31m=[32m"flex justify-between items-center"[31m
      [36m>[31m
        [36m<div>[31m
          [36m<h1[31m
            [33mclass[31m=[32m"text-3xl font-extrabold text-gray-900 dark:text-white tracking-tight"[31m
          [36m>[31m
            [0mTransactions[0m
          [36m</h1>[31m
          [36m<p[31m
            [33mclass[31m=[32m"text-gray-500 dark:text-gray-400"[31m
          [36m>[31m
            [0mG├®rer les demandes d'occupation et r├®servations avec pr├®cision[0m
          [36m</p>[31m
        [36m</div>[31m
      [36m</div>[31m
      [36m<div[31m
        [33mclass[31m=[32m"flex flex-col md:flex-row gap-4 items-center justify-between bg-white dark:bg-gray-800 p-4 rounded-2xl shadow-sm border border-gray-100 dark:border-gray-700"[31m
      [36m>[31m
        [36m<div[31m
          [33mclass[31m=[32m"relative w-full md:w-96"[31m
        [36m>[31m
          [36m<svg[31m
            [33maria-hidden[31m=[32m"true"[31m
            [33mclass[31m=[32m"lucide lucide-search absolute left-3 top-1/2 -translate-y-1/2 text-gray-400"[31m
            [33mfill[31m=[32m"none"[31m
            [33mheight[31m=[32m"18"[31m
            [33mstroke[31m=[32m"currentColor"[31m
            [33mstroke-linecap[31m=[32m"round"[31m
            [33mstroke-linejoin[31m=[32m"round"[31m
            [33mstroke-width[31m=[32m"2"[31m
            [33mviewBox[31m=[32m"0 0 24 24"[31m
            [33mwidth[31m=[32m"18"[31m
            [33mxmlns[31m=[32m"http://www.w3.org/2000/svg"[31m
          [36m>[31m
            [36m<path[31m
              [33md[31m=[32m"m21 21-4.34-4.34"[31m
            [36m/>[31m
            [36m<circle[31m
              [33mcx[31m=[32m"11"[31m
              [33mcy[31m=[32m"11"[31m
              [33mr[31m=[32m"8"[31m
            [36m/>[31m
          [36m</svg>[31m
          [36m<input[31m
            [33mclass[31m=[32m"w-full pl-10 pr-4 py-2.5 rounded-xl border border-gray-200 dark:border-gray-700 focus:outline-none focus:ring-2 focus:ring-blue-500 dark:bg-gray-900 transition-all"[31m
            [33mplaceholder[31m=[32m"Rechercher par logement ou client..."[31m
            [33mtype[31m=[32m"text"[31m
            [33mvalue[31m=[32m""[31m
          [36m/>[31m
        [36m</div>[31m
        [36m<div[31m
          [33mclass[31m=[32m"flex items-center gap-4 w-full md:w-auto"[31m
        [36m>[31m
          [36m<div[31m
            [33mclass[31m=[32m"flex items-center gap-2 bg-gray-50 dark:bg-gray-900 px-3 py-2 rounded-xl border border-gray-200 dark:border-gray-700"[31m
          [36m>[31m
            [36m<svg[31m
              [33maria-hidden[31m=[32m"true"[31m
              [33mclass[31m=[32m"lucide lucide-funnel text-gray-400"[31m
              [33mfill[31m=[32m"none"[31m
              [33mheight[31m=[32m"18"[31m
              [33mstroke[31m=[32m"currentColor"[31m
              [33mstroke-linecap[31m=[32m"round"[31m
              [33mstroke-linejoin[31m=[32m"round"[31m
              [33mstroke-width[31m=[32m"2"[31m
              [33mviewBox[31m=[32m"0 0 24 24"[31m
              [33mwidth[31m=[32m"18"[31m
              [33mxmlns[31m=[32m"http://www.w3.org/2000/svg"[31m
            [36m>[31m
              [36m<path[31m
                [33md[31m=[32m"M10 20a1 1 0 0 0 .553.895l2 1A1 1 0 0 0 14 21v-7a2 2 0 0 1 .517-1.341L21.74 4.67A1 1 0 0 0 21 3H3a1 1 0 0 0-.742 1.67l7.225 7.989A2 2 0 0 1 10 14z"[31m
              [36m/>[31m
            [36m</svg>[31m
            [36m<select[31m
              [33mclass[31m=[32m"bg-transparent border-none focus:ring-0 text-sm font-medium text-gray-700 dark:text-gray-300 outline-none"[31m
            [36m>[31m
              [36m<option[31m
                [33mvalue[31m=[32m""[31m
              [36m>[31m
                [0mTous les statuts[0m
              [36m</option>[31m
              [36m<option[31m
                [33mvalue[31m=[32m"PENDING"[31m
              [36m>[31m
                [0mEn attente[0m
              [36m</option>[31m
              [36m<option[31m
                [33mvalue[31m=[32m"VALIDATED"[31m
              [36m>[31m
                [0mValid├®[0m
              [36m</option>[31m
              [36m<option[31m
                [33mvalue[31m=[32m"CANCELLED"[31m
              [36m>[31m
                [0mAnnul├®[0m
              [36m</option>[31m
              [36m<option[31m
                [33mvalue[31m=[32m"COMPLETED"[31m
              [36m>[31m
                [0mTermin├®[0m
              [36m</option>[31m
              [36m<option[31m
                [33mvalue[31m=[32m"EXPIRED"[31m
              [36m>[31m
                [0mExpir├®[0m
              [36m</option>[31m
            [36m</select>[31m
          [36m</div>[31m
        [36m</div>[31m
      [36m</div>[31m
      [36m<div[31m
        [33mclass[31m=[32m"bg-white dark:bg-gray-800 rounded-2xl border border-gray-100 dark:border-gray-700 shadow-sm overflow-hidden"[31m
      [36m>[31m
        [36m<div[31m
          [33mclass[31m=[32m"overflow-x-auto"[31m
        [36m>[31m
          [36m<table[31m
            [33mclass[31m=[32m"w-full text-left"[31m
          [36m>[31m
            [36m<thead>[31m
              [36m<tr[31m
                [33mclass[31m=[32m"bg-gray-50 dark:bg-gray-900/50 border-b border-gray-100 dark:border-gray-700"[31m
              [36m>[31m
                [36m<th[31m
                  [33mclass[31m=[32m"px-6 py-4 text-xs font-semibold text-gray-500 uppercase tracking-wider"[31m
                [36m>[31m
                  [0mID[0m
                [36m</th>[31m
                [36m<th[31m
                  [33mclass[31m=[32m"px-6 py-4 text-xs font-semibold text-gray-500 uppercase tracking-wider"[31m
                [36m>[31m
                  [0mLogement[0m
                [36m</th>[31m
                [36m<th[31m
                  [33mclass[31m=[32m"px-6 py-4 text-xs font-semibold text-gray-500 uppercase tracking-wider"[31m
                [36m>[31m
                  [0mClient[0m
                [36m</th>[31m
                [36m<th[31m
                  [33mclass[31m=[32m"px-6 py-4 text-xs font-semibold text-gray-500 uppercase tracking-wider"[31m
                [36m>[31m
                  [0mMessage[0m
                [36m</th>[31m
                [36m<th[31m
                  [33mclass[31m=[32m"px-6 py-4 text-xs font-semibold text-gray-500 uppercase tracking-wider"[31m
                [36m>[31m
                  [0mStatut[0m
                [36m</th>[31m
         ...

Ignored nodes: comments, script, style
[36m<html>[31m
  [36m<head />[31m
  [36m<body>[31m
    [36m<div>[31m
      [36m<div[31m
        [33mclass[31m=[32m"space-y-6 animate-in fade-in slide-in-from-bottom-4 duration-500"[31m
      [36m>[31m
        [36m<div[31m
          [33mclass[31m=[32m"flex justify-between items-center"[31m
        [36m>[31m
          [36m<div>[31m
            [36m<h1[31m
              [33mclass[31m=[32m"text-3xl font-extrabold text-gray-900 dark:text-white tracking-tight"[31m
            [36m>[31m
              [0mTransactions[0m
            [36m</h1>[31m
            [36m<p[31m
              [33mclass[31m=[32m"text-gray-500 dark:text-gray-400"[31m
            [36m>[31m
              [0mG├®rer les demandes d'occupation et r├®servations avec pr├®cision[0m
            [36m</p>[31m
          [36m</div>[31m
        [36m</div>[31m
        [36m<div[31m
          [33mclass[31m=[32m"flex flex-col md:flex-row gap-4 items-center justify-between bg-white dark:bg-gray-800 p-4 rounded-2xl shadow-sm border border-gray-100 dark:border-gray-700"[31m
        [36m>[31m
          [36m<div[31m
            [33mclass[31m=[32m"relative w-full md:w-96"[31m
          [36m>[31m
            [36m<svg[31m
              [33maria-hidden[31m=[32m"true"[31m
              [33mclass[31m=[32m"lucide lucide-search absolute left-3 top-1/2 -translate-y-1/2 text-gray-400"[31m
              [33mfill[31m=[32m"none"[31m
              [33mheight[31m=[32m"18"[31m
              [33mstroke[31m=[32m"currentColor"[31m
              [33mstroke-linecap[31m=[32m"round"[31m
              [33mstroke-linejoin[31m=[32m"round"[31m
              [33mstroke-width[31m=[32m"2"[31m
              [33mviewBox[31m=[32m"0 0 24 24"[31m
              [33mwidth[31m=[32m"18"[31m
              [33mxmlns[31m=[32m"http://www.w3.org/2000/svg"[31m
            [36m>[31m
              [36m<path[31m
                [33md[31m=[32m"m21 21-4.34-4.34"[31m
              [36m/>[31m
              [36m<circle[31m
                [33mcx[31m=[32m"11"[31m
                [33mcy[31m=[32m"11"[31m
                [33mr[31m=[32m"8"[31m
              [36m/>[31m
            [36m</svg>[31m
            [36m<input[31m
              [33mclass[31m=[32m"w-full pl-10 pr-4 py-2.5 rounded-xl border border-gray-200 dark:border-gray-700 focus:outline-none focus:ring-2 focus:ring-blue-500 dark:bg-gray-900 transition-all"[31m
              [33mplaceholder[31m=[32m"Rechercher par logement ou client..."[31m
              [33mtype[31m=[32m"text"[31m
              [33mvalue[31m=[32m""[31m
            [36m/>[31m
          [36m</div>[31m
          [36m<div[31m
            [33mclass[31m=[32m"flex items-center gap-4 w-full md:w-auto"[31m
          [36m>[31m
            [36m<div[31m
              [33mclass[31m=[32m"flex items-center gap-2 bg-gray-50 dark:bg-gray-900 px-3 py-2 rounded-xl border border-gray-200 dark:border-gray-700"[31m
            [36m>[31m
              [36m<svg[31m
                [33maria-hidden[31m=[32m"true"[31m
                [33mclass[31m=[32m"lucide lucide-funnel text-gray-400"[31m
                [33mfill[31m=[32m"none"[31m
                [33mheight[31m=[32m"18"[31m
                [33mstroke[31m=[32m"currentColor"[31m
                [33mstroke-linecap[31m=[32m"round"[31m
                [33mstroke-linejoin[31m=[32m"round"[31m
                [33mstroke-width[31m=[32m"2"[31m
                [33mviewBox[31m=[32m"0 0 24 24"[31m
                [33mwidth[31m=[32m"18"[31m
                [33mxmlns[31m=[32m"http://www.w3.org/2000/svg"[31m
              [36m>[31m
                [36m<path[31m
                  [33md[31m=[32m"M10 20a1 1 0 0 0 .553.895l2 1A1 1 0 0 0 14 21v-7a2 2 0 0 1 .517-1.341L21.74 4.67A1 1 0 0 0 21 3H3a1 1 0 0 0-.742 1.67l7.225 7.989A2 2 0 0 1 10 14z"[31m
                [36m/>[31m
              [36m</svg>[31m
              [36m<select[31m
                [33mclass[31m=[32m"bg-transparent border-none focus:ring-0 text-sm font-medium text-gray-700 dark:text-gray-300 outline-none"[31m
              [36m>[31m
                [36m<option[31m
                  [33mvalue[31m=[32m""[31m
                [36m>[31m
                  [0mTous les statuts[0m
                [36m</option>[31m
                [36m<option[31m
                  [33mvalue[31m=[32m"PENDING"[31m
                [36m>[31m
                  [0mEn attente[0m
                [36m</option>[31m
                [36m<option[31m
                  [33mvalue[31m=[32m"VALIDATED"[31m
                [36m>[31m
                  [0mValid├®[0m
                [36m</option>[31m
                [36m<option[31m
                  [33mvalue[31m=[32m"CANCELLED"[31m
                [36m>[31m
                  [0mAnnul├®[0m
                [36m</option>[31m
                [36m<option[31m
                  [33mvalue[31m=[32m"COMPLETED"[31m
                [36m>[31m
                  [0mTermin├®[0m
                [36m</option>[31m
                [36m<option[31m
                  [33mvalue[31m=[32m"EXPIRED"[31m
                [36m>[31m
                  [0mExpir├®[0m
                [36m</option>[31m
              [36m</select>[31m
            [36m</div>[31m
          [36m</div>[31m
        [36m</div>[31m
        [36m<div[31m
          [33mclass[31m=[32m"bg-white dark:bg-gray-800 rounded-2xl border border-gray-100 dark:border-gray-700 shadow-sm overflow-hidden"[31m
        [36m>[31m
          [36m<div[31m
            [33mclass[31m=[32m"overflow-x-auto"[31m
          [36m>[31m
            [36m<table[31m
              [33mclass[31m=[32m"w-full text-left"[31m
            [36m>[31m
              [36m<thead>[31m
                [36m<tr[31m
                  [33mclass[31m=[32m"bg-gray-50 dark:bg-gray-900/50 border-b border-gray-100 dark:border-gray-700"[31m
                [36m>[31m
                  [36m<th[31m
                    [33mclass[31m=[32m"px-6 py-4 text-xs font-semibold text-gray-500 uppercase tracking-wider"[31m
                  [36m>[31m
                    [0mID[0m
                  [36m</th>[31m
                  [36m<th[31m
                    [33mclass[31m=[32m"px-6 py-4 text-xs font-semibold text-gray-500 uppercase tracking-wider"[31m
                  [36m>[31m
                    [0mLogement[0m
                  [36m</th>[31m
                  [36m<th[31m
                    [33mclass[31m=[32m"px-6 py-4 text-xs font-semibold text-gray-500 uppercase tracking-wider"[31m
                  [36m>[31m
                    [0mClient[0m
                  [36m</th>[31m
                  [36m<th[31m
                    [33mclass[31m=[32m"px-6 py-4 text-xs font-semibold text-gray-500 uppercase tracking-wider"[31m
             ...[39m
[90mstderr[2m | src/pages/admin/AdminDashboard.test.jsx[2m > 
[22m[2mAdminDashboard Component[2m > [22m[2mhandles API errors 
gracefully
[22m[39mThe width(-1) and height(-1) of chart should be greater 
than 0,
       please check the style of container, or the props 
width(100%) and height(100%),
       or add a minWidth(0) or minHeight(undefined) or use 
aspect(undefined) to control the
       height and width.
The width(-1) and height(-1) of chart should be greater than 0,
       please check the style of container, or the props 
width(100%) and height(100%),
       or add a minWidth(0) or minHeight(undefined) or use 
aspect(undefined) to control the
       height and width.

[90mstderr[2m | src/pages/admin/AdminDashboard.test.jsx[2m > 
[22m[2mAdminDashboard Component[2m > [22m[2mdisplays charts 
with analytics data
[22m[39mThe width(-1) and height(-1) of chart should be greater 
than 0,
       please check the style of container, or the props 
width(100%) and height(100%),
       or add a minWidth(0) or minHeight(undefined) or use 
aspect(undefined) to control the
       height and width.
The width(-1) and height(-1) of chart should be greater than 0,
       please check the style of container, or the props 
width(100%) and height(100%),
       or add a minWidth(0) or minHeight(undefined) or use 
aspect(undefined) to control the
       height and width.

 [32mÔ£ô[39m src/pages/admin/AdminDashboard.test.jsx[2m > [22mAdminDashboard Component[2m > [22mdisplays dashboard statistics when loaded[32m 162[2mms[22m[39m
 [32mÔ£ô[39m src/pages/admin/AdminDashboard.test.jsx[2m > [22mAdminDashboard Component[2m > [22mhandles API errors gracefully[32m 79[2mms[22m[39m
 [32mÔ£ô[39m src/pages/admin/AdminDashboard.test.jsx[2m > [22mAdminDashboard Component[2m > [22mdisplays charts with analytics data[32m 38[2mms[22m[39m
[90mstderr[2m | src/pages/admin/AdminDisputes.test.jsx[2m > 
[22m[2mAdminDisputes Component[2m > [22m[2mresolves dispute 
with partial refund
[22m[39mAn error occurred in the <DataTable> component.

Consider adding an error boundary to your tree to customize error 
handling behavior.
Visit https://react.dev/link/error-boundaries to learn more about 
error boundaries.


 [31m├ù[39m src/pages/admin/AdminDisputes.test.jsx[2m > [22mAdminDisputes Component[2m > [22mresolves dispute with full refund[33m 1027[2mms[22m[39m
[31m   ÔåÆ Unable to find an element with the text: Logement non conforme. This could be because the text is broken up by multiple elements. In this case, you can provide a function for your text matcher to make your matcher more flexible.

Ignored nodes: comments, script, style
[36m<body>[31m
  [36m<div />[31m
[36m</body>[31m

Ignored nodes: comments, script, style
[36m<html>[31m
  [36m<head />[31m
  [36m<body>[31m
    [36m<div />[31m
  [36m</body>[31m
[36m</html>[31m[39m
 [31m├ù[39m src/pages/admin/AdminTransactions.test.jsx[2m > [22mAdminTransactions Component[2m > [22mfilters transactions by status[33m 1076[2mms[22m[39m
[31m   ÔåÆ Unable to find an element with the text: tenant1. This could be because the text is broken up by multiple elements. In this case, you can provide a function for your text matcher to make your matcher more flexible.

Ignored nodes: comments, script, style
[36m<body>[31m
  [36m<div>[31m
    [36m<div[31m
      [33mclass[31m=[32m"space-y-6 animate-in fade-in slide-in-from-bottom-4 duration-500"[31m
    [36m>[31m
      [36m<div[31m
        [33mclass[31m=[32m"flex justify-between items-center"[31m
      [36m>[31m
        [36m<div>[31m
          [36m<h1[31m
            [33mclass[31m=[32m"text-3xl font-extrabold text-gray-900 dark:text-white tracking-tight"[31m
          [36m>[31m
            [0mTransactions[0m
          [36m</h1>[31m
          [36m<p[31m
            [33mclass[31m=[32m"text-gray-500 dark:text-gray-400"[31m
          [36m>[31m
            [0mG├®rer les demandes d'occupation et r├®servations avec pr├®cision[0m
          [36m</p>[31m
        [36m</div>[31m
      [36m</div>[31m
      [36m<div[31m
        [33mclass[31m=[32m"flex flex-col md:flex-row gap-4 items-center justify-between bg-white dark:bg-gray-800 p-4 rounded-2xl shadow-sm border border-gray-100 dark:border-gray-700"[31m
      [36m>[31m
        [36m<div[31m
          [33mclass[31m=[32m"relative w-full md:w-96"[31m
        [36m>[31m
          [36m<svg[31m
            [33maria-hidden[31m=[32m"true"[31m
            [33mclass[31m=[32m"lucide lucide-search absolute left-3 top-1/2 -translate-y-1/2 text-gray-400"[31m
            [33mfill[31m=[32m"none"[31m
            [33mheight[31m=[32m"18"[31m
            [33mstroke[31m=[32m"currentColor"[31m
            [33mstroke-linecap[31m=[32m"round"[31m
            [33mstroke-linejoin[31m=[32m"round"[31m
            [33mstroke-width[31m=[32m"2"[31m
            [33mviewBox[31m=[32m"0 0 24 24"[31m
            [33mwidth[31m=[32m"18"[31m
            [33mxmlns[31m=[32m"http://www.w3.org/2000/svg"[31m
          [36m>[31m
            [36m<path[31m
              [33md[31m=[32m"m21 21-4.34-4.34"[31m
            [36m/>[31m
            [36m<circle[31m
              [33mcx[31m=[32m"11"[31m
              [33mcy[31m=[32m"11"[31m
              [33mr[31m=[32m"8"[31m
            [36m/>[31m
          [36m</svg>[31m
          [36m<input[31m
            [33mclass[31m=[32m"w-full pl-10 pr-4 py-2.5 rounded-xl border border-gray-200 dark:border-gray-700 focus:outline-none focus:ring-2 focus:ring-blue-500 dark:bg-gray-900 transition-all"[31m
            [33mplaceholder[31m=[32m"Rechercher par logement ou client..."[31m
            [33mtype[31m=[32m"text"[31m
            [33mvalue[31m=[32m""[31m
          [36m/>[31m
        [36m</div>[31m
        [36m<div[31m
          [33mclass[31m=[32m"flex items-center gap-4 w-full md:w-auto"[31m
        [36m>[31m
          [36m<div[31m
            [33mclass[31m=[32m"flex items-center gap-2 bg-gray-50 dark:bg-gray-900 px-3 py-2 rounded-xl border border-gray-200 dark:border-gray-700"[31m
          [36m>[31m
            [36m<svg[31m
              [33maria-hidden[31m=[32m"true"[31m
              [33mclass[31m=[32m"lucide lucide-funnel text-gray-400"[31m
              [33mfill[31m=[32m"none"[31m
              [33mheight[31m=[32m"18"[31m
              [33mstroke[31m=[32m"currentColor"[31m
              [33mstroke-linecap[31m=[32m"round"[31m
              [33mstroke-linejoin[31m=[32m"round"[31m
              [33mstroke-width[31m=[32m"2"[31m
              [33mviewBox[31m=[32m"0 0 24 24"[31m
              [33mwidth[31m=[32m"18"[31m
              [33mxmlns[31m=[32m"http://www.w3.org/2000/svg"[31m
            [36m>[31m
              [36m<path[31m
                [33md[31m=[32m"M10 20a1 1 0 0 0 .553.895l2 1A1 1 0 0 0 14 21v-7a2 2 0 0 1 .517-1.341L21.74 4.67A1 1 0 0 0 21 3H3a1 1 0 0 0-.742 1.67l7.225 7.989A2 2 0 0 1 10 14z"[31m
              [36m/>[31m
            [36m</svg>[31m
            [36m<select[31m
              [33mclass[31m=[32m"bg-transparent border-none focus:ring-0 text-sm font-medium text-gray-700 dark:text-gray-300 outline-none"[31m
            [36m>[31m
              [36m<option[31m
                [33mvalue[31m=[32m""[31m
              [36m>[31m
                [0mTous les statuts[0m
              [36m</option>[31m
              [36m<option[31m
                [33mvalue[31m=[32m"PENDING"[31m
              [36m>[31m
                [0mEn attente[0m
              [36m</option>[31m
              [36m<option[31m
                [33mvalue[31m=[32m"VALIDATED"[31m
              [36m>[31m
                [0mValid├®[0m
              [36m</option>[31m
              [36m<option[31m
                [33mvalue[31m=[32m"CANCELLED"[31m
              [36m>[31m
                [0mAnnul├®[0m
              [36m</option>[31m
              [36m<option[31m
                [33mvalue[31m=[32m"COMPLETED"[31m
              [36m>[31m
                [0mTermin├®[0m
              [36m</option>[31m
              [36m<option[31m
                [33mvalue[31m=[32m"EXPIRED"[31m
              [36m>[31m
                [0mExpir├®[0m
              [36m</option>[31m
            [36m</select>[31m
          [36m</div>[31m
        [36m</div>[31m
      [36m</div>[31m
      [36m<div[31m
        [33mclass[31m=[32m"bg-white dark:bg-gray-800 rounded-2xl border border-gray-100 dark:border-gray-700 shadow-sm overflow-hidden"[31m
      [36m>[31m
        [36m<div[31m
          [33mclass[31m=[32m"overflow-x-auto"[31m
        [36m>[31m
          [36m<table[31m
            [33mclass[31m=[32m"w-full text-left"[31m
          [36m>[31m
            [36m<thead>[31m
              [36m<tr[31m
                [33mclass[31m=[32m"bg-gray-50 dark:bg-gray-900/50 border-b border-gray-100 dark:border-gray-700"[31m
              [36m>[31m
                [36m<th[31m
                  [33mclass[31m=[32m"px-6 py-4 text-xs font-semibold text-gray-500 uppercase tracking-wider"[31m
                [36m>[31m
                  [0mID[0m
                [36m</th>[31m
                [36m<th[31m
                  [33mclass[31m=[32m"px-6 py-4 text-xs font-semibold text-gray-500 uppercase tracking-wider"[31m
                [36m>[31m
                  [0mLogement[0m
                [36m</th>[31m
                [36m<th[31m
                  [33mclass[31m=[32m"px-6 py-4 text-xs font-semibold text-gray-500 uppercase tracking-wider"[31m
                [36m>[31m
                  [0mClient[0m
                [36m</th>[31m
                [36m<th[31m
                  [33mclass[31m=[32m"px-6 py-4 text-xs font-semibold text-gray-500 uppercase tracking-wider"[31m
                [36m>[31m
                  [0mMessage[0m
                [36m</th>[31m
                [36m<th[31m
                  [33mclass[31m=[32m"px-6 py-4 text-xs font-semibold text-gray-500 uppercase tracking-wider"[31m
                [36m>[31m
                  [0mStatut[0m
                [36m</th>[31m
                [36m<th[31m
                  [33mclass[31m=[32m"px-6 py-4 text-xs font-semibold text-gray-500 uppercase tracking-wider"[31m
                [36m>[31m
                  [0mDate[0m
                [36m</th>[31m
                [36m<th[31m
                  [33mclass[31m=[32m"px-6 py-4 text-xs font-semibold text-gray-500 uppercase tracking-wider"[31m
                [36m>[31m
                  [0mActions[0m
                [36m</th>[31m
              [36m</tr>[31m
            [36m</thead>[31m
            [36m<tbody[31m
              [33mclass[31m=[32m"divide-y divide-gray-100 dark:divide-gray-700"[31m
            [36m>[31m
              [36m<tr[31m
                [33mclass[31m=[32m"hover:bg-gray-50/50 dark:hover:bg-gray-900/20 transition-colors"[31m
              [36m>[31m
                [36m<td[31m
                  [33mclass[31m=[32m"px-6 py-4 text-sm text-gray-700 dark:text-gray-300"[31m
                [36m>[31m
                  [36m<span[31m
                    [33mclass[31m=[32m"font-mono text-xs text-gray-400"[31m
                  [36m>[31m
                    [0m#[0m
                    [0m1[0m
                  [36m</span>[31m
                [36m</td>[31m
                [36m<td[31m
                  [33mclass[31m=[32m"px-6 py-4 text-sm text-gray-700 dark:text-gray-300"[31m
                [36m>[31m
                  [36m<div[31m
                    [33mclass[31m=[32m"flex flex-col"[31m
                  [36m>[31m
                    [36m<span[31m
                      [33mclass[31m=[32m"font-medium text-gray-900"[31m
                    [36m/>[31m
                    [36m<span[31m
                      [33mclass[31m=[32m"text-xs text-gray-500"[31m
                    [36m>[31m
                      [0m#[0m
                    [36m</span>[31m
                  [36m</div>[31m
                [36m</td>[31m
                [36m<td[31m
                  [33mclass[31m=[32m"px-6 py-4 text-sm text-gray-700 dark:text-gray-300"[31m
                [36m>[31m
                  [36m<div[31m
                    [33mclass[31m=[32m"flex items-center gap-2"[31m
                  [36m>[31m
                    [36m<div[31m
                      [33mclass[31m=[32m"w-8 h-8 rounded-full bg-blue-100 flex items-center justify-center text-blue-700 font-bold text-xs"[31m
                    [36m>[31m
                      [0m [0m
                    [36m</div>[31m
                    [36m<span[31m
                      [33mclass[31m=[32m"text-sm"[31m
                    [36m/>[31m
                  [36m</div>[31m
                [36m</td>[31m
                [36m<td[31m
                  [33mclass[31m=[32m"px-6 py-4 text-sm text-gray-700 dark:text-gray-300"[31m
                [36m>[31m
                  [36m<p[31m
                    [33mclass[31m=[32m"text-sm text-gray-500 max-w-xs truncate"[31m
                  [36m>[31m
                    [0mAucun message[0m
                    [0m [0m
                  [36m</p>[31m
                [36m</td>[31m
                [36m<td[31m
                  [33mclass[31m=[32m"px-6 py-4 text-sm text-gray-700 dark:text-gray-300"[31m
                [36m>[31m
                  [36m<span[31m
                    [33mclass[31m=[32m"px-2 py-1 rounded-full text-xs font-medium border bg-amber-100 text-amber-700 border-amber-200"[31m
                  [36m>[31m
                    [0mPENDING[0m
                  [36m</span>[31m
                [36m</td>[31m
                [36m<td[31m
                  [33mclass[31m=[32m"px-6 py-4 text-sm text-gray-700 dark:text-gray-300"[31m
                [36m>[31m
                  [36m<span[31m
                    [33mclass[31m=[32m"text-sm text-gray-500"[31m
                  [36m>[31m
                    [0m10/01/2024[0m
                  [36m</span>[31m
                [36m</td>[31m
                [36m<td[31m
                  [33mclass[31m=[32m"px-6 py-4 text-sm text-gray-700 dark:text-gray-300"[31m
                [36m>[31m
                  [36m<div[31m
                    [33mclass[31m=[32m"flex items-center gap-2"[31m
                  [36m>[31m
                    [36m<button[31m
                      [33mclass[31m=[32m"p-1.5 text-emerald-600 hover:bg-emerald-50 dark:hover:bg-emerald-900/20 rounded-xl transition-all active:scale-90"[31m
                      [33mtitle[31m=[32m"Approuver"[31m
                      [33mtype[31m=[32m"button"[31m
                    [36m>[31m
                      [36m<svg[31m
                        [33maria-hidden[31m=[32m"true"[31m
                        [33mclass[31m=[32m"lucide lucide-circle-check"[31m
                        [33mfill[31m=[32m"none"[31m
                        [33mheight[31m=[32m"18"[31m
                        [33mstroke[31m=[32m"currentColor"[31m
                        [33mstroke-linecap[31m=[32m"round"[31m
                        [33mstroke-linejoin[31m=[32m"round"[31m
                        [33mstroke-width[31m=[32m"2"[31m
                        [33mviewBox[31m=[32m"0 0 24 24"[31m
                        [33mwidth[31m=[32m"18"[31m
                        [33mxmlns[31m=[32m"http://www.w3.org/2000/svg"[31m
                      [36m>[31m
                        [36m<circle[31m
                          [33mcx[31m=[32m"12"[31m
                          [33mcy[31m=[32m"12"[31m
                          [33mr[31m=[32m"10"[31m
                        [36m/>[31m
                        [36m<path[31m
                          [33md[31m=[32m"m9 12 2 2 4-4"[31m
                        [36m/>[31m
                      [36m</svg>[31m
                    [36m</button>[31m
                    [36m<button[31m
                      [33mclass[31m=[32m"p-1.5 text-rose-600 hover:bg-rose-50 dark:hover:bg-rose-900/20 rounded-xl transition-all active:scale-90"[31m
                      [33mtitle[31m=[32m"Rejeter"[31m
                      [33mtype[31m=[32m"button"[31m
                    [36m>[31m
                      [36m<svg[31m
                        [33maria-hidden[31m=[32m"true"[31m
                        [33mclass[31m=[32m"lucide lucide-circle-x"[31m
                        [33mfill[31m=[32m"none"[31m
                        [33mheight[31m=[32m"18"[31m
                        [33mstroke[31m=[32m"currentColor"[31m
                        [33mstroke-linecap[31m=[32m"round"[31m
                        [33mstroke-linejoin[31m=[32m"round"[31m
                        [33mstroke-width[31m=[32m"2"[31m
                        [33mviewBox[31m=[32m"0 0 24 24"[31m
                        [33mwidth[31m=[32m"18"[31m
                        [33mxmlns[31m=[32m"http://www.w3.org/2000/svg"[31m
                      [36m>[31m
                        [36m<circle[31m
                          [33mcx[31m=[32m"12"[31m
                          [33mcy[31m=[32m"12"[31m
                          [33mr[31m=[32m"10"[31m
                        [36m/>[31m
                        [36m<path[31m
                          [33md[31m=[32m"m15 9-6 6"[31m
                        [36m/>[31m
                        [36m<path[31m
                          [33md[31m=[32m"m9 9 6 6"[31m
                        [36m/>[31m
                      [36m</svg>[31m
                    [36m</button>[31m
                    [36m<button[31m
                      [33mclass[31m=[32m"p-1.5 text-gray-400 hover:bg-gray-100 dark:hover:bg-gray-800 rounded-xl transition-all active:scale-90"[31m
                      [33mtitle[31m=[32m"Voir les d├®tails"[31m
                      [33mtype[31m=[32m"button"[31m
                    [36m>[31m
                      [36m<svg[31m
                        [33maria-hidden[31m=[32m"true"[31m
                        [33mclass[31m=[32m"lucide lucide-external-link"[31m
                        [33mfill[31m=[32m"none"[31m
                        [33mheight[31m=[32m"18"[31m
                        [33mstroke[31m=[32m"currentColor"[31m
                        [33mstroke-linecap[31m=[32m"round"[31m
                        [33mstroke-linejoin[31m=[32m"round"[31m
                        [33mstroke-width[31m=[32m"2"[31m
                        [33mviewBox[31m=[32m"0 0 24 24"[31m
                        [33mwidth[31m=[32m"18"[31m
                        [33mxmlns[31m=[32m"http://www.w3.org/2000/svg"[31m
                      [36m>[31m
                        [36m<path[31m
                          [33md[31m=[32m"M15 3h6v6"[31m
                        [36m/>[31m
                        [36m<path[31m
                          [33md[31m=[32m"M10 14 21 3"[31m
                        [36m/>[31m
                        [36m<path[31m
                          [33md[31m=[32m"M18 13v6a2 2 0 0 1-2 2H5a2 2 0 0 1-2-2V8a2 2 0 0 1 2-2h6"[31m
                        [36m/>[31m
                      [36m</svg>[31m
                    [36m</button>[31m
                  [36m</div>[31m
                [36m</td>[31m
              [36m</tr>[31m
            [36m</tbody>[31m
          [36m</table>[31m
        [36m</div>[31m
        [36m<div[31m
          [33mclass[31m=[32m"px-6 py-4 bg-gray-50 dark:bg-gray-900/50 border-t border-gray-100 dark:border-gray-700 flex items-center justify-between"[31m
        [36m>[31m
          [36m<span[31m
            [33mclass[31m=[32m"text-sm text-gray-500"[31m
          [36m>[31m
            [0mPage [0m
            [0m1[0m
            [0m sur [0m
            [0m1[0m
          [36m</span>[31m
          [36m<div[31m
            [33mclass[31m=[32m"flex space-x-2"[31m
          [36m>[31m
            [36m<button[31m
              [33mclass[31m=[32m"px-4 py-2 text-sm font-medium text-gray-600 bg-white dark:bg-gray-800 border border-gray-200 dark:border-gray-700 rounded-lg disabled:opacity-50"[31m
              [33mdisabled[31m=[32m""[31m
            [36m>[31m
              [0mPr├®c├®dent[0m
            [36m</button>[31m
            [36m<button[31m
              [33mclass[31m=[32m"px-4 py-2 text-sm font-medium text-gray-600 bg-white dark:bg-gray-800 border border-gray-200 dark:border-gray-700 rounded-lg disabled:opacity-50"[31m
              [33mdisabled[31m=[32m""[31m
            [36m>[31m
              [0mSuivant[0m
            [36m</button>[31m
          [36m</div>[31m
        [36m</div>[31m
      [36m</div>[31m
    [36m</div>[31m
  [36m</div>[31m
[36m</body>[31m

Ignored nodes: comments, script, style
[36m<html>[31m
  [36m<head />[31m
  [36m<body>[31m
    [36m<div>[31m
      [36m<div[31m
        [33mclass[31m=[32m"space-y-6 animate-in fade-in slide-in-from-bottom-4 duration-500"[31m
      [36m>[31m
        [36m<div[31m
          [33mclass[31m=[32m"flex justify-between items-center"[31m
        [36m>[31m
          [36m<div>[31m
            [36m<h1[31m
              [33mclass[31m=[32m"text-3xl font-extrabold text-gray-900 dark:text-white tracking-tight"[31m
            [36m>[31m
              [0mTransactions[0m
            [36m</h1>[31m
            [36m<p[31m
              [33mclass[31m=[32m"text-gray-500 dark:text-gray-400"[31m
            [36m>[31m
              [0mG├®rer les demandes d'occupation et r├®servations avec pr├®cision[0m
            [36m</p>[31m
          [36m</div>[31m
        [36m</div>[31m
        [36m<div[31m
          [33mclass[31m=[32m"flex flex-col md:flex-row gap-4 items-center justify-between bg-white dark:bg-gray-800 p-4 rounded-2xl shadow-sm border border-gray-100 dark:border-gray-700"[31m
        [36m>[31m
          [36m<div[31m
            [33mclass[31m=[32m"relative w-full md:w-96"[31m
          [36m>[31m
            [36m<svg[31m
              [33maria-hidden[31m=[32m"true"[31m
              [33mclass[31m=[32m"lucide lucide-search absolute left-3 top-1/2 -translate-y-1/2 text-gray-400"[31m
              [33mfill[31m=[32m"none"[31m
              [33mheight[31m=[32m"18"[31m
              [33mstroke[31m=[32m"currentColor"[31m
              [33mstroke-linecap[31m=[32m"round"[31m
              [33mstroke-linejoin[31m=[32m"round"[31m
              [33mstroke-width[31m=[32m"2"[31m
              [33mviewBox[31m=[32m"0 0 24 24"[31m
              [33mwidth[31m=[32m"18"[31m
              [33mxmlns[31m=[32m"http://www.w3.org/2000/svg"[31m
            [36m>[31m
              [36m<path[31m
                [33md[31m=[32m"m21 21-4.34-4.34"[31m
              [36m/>[31m
              [36m<circle[31m
                [33mcx[31m=[32m"11"[31m
                [33mcy[31m=[32m"11"[31m
                [33mr[31m=[32m"8"[31m
              [36m/>[31m
            [36m</svg>[31m
            [36m<input[31m
              [33mclass[31m=[32m"w-full pl-10 pr-4 py-2.5 rounded-xl border border-gray-200 dark:border-gray-700 focus:outline-none focus:ring-2 focus:ring-blue-500 dark:bg-gray-900 transition-all"[31m
              [33mplaceholder[31m=[32m"Rechercher par logement ou client..."[31m
              [33mtype[31m=[32m"text"[31m
              [33mvalue[31m=[32m""[31m
            [36m/>[31m
          [36m</div>[31m
          [36m<div[31m
            [33mclass[31m=[32m"flex items-center gap-4 w-full md:w-auto"[31m
          [36m>[31m
            [36m<div[31m
              [33mclass[31m=[32m"flex items-center gap-2 bg-gray-50 dark:bg-gray-900 px-3 py-2 rounded-xl border border-gray-200 dark:border-gray-700"[31m
            [36m>[31m
              [36m<svg[31m
                [33maria-hidden[31m=[32m"true"[31m
                [33mclass[31m=[32m"lucide lucide-funnel text-gray-400"[31m
                [33mfill[31m=[32m"none"[31m
                [33mheight[31m=[32m"18"[31m
                [33mstroke[31m=[32m"currentColor"[31m
                [33mstroke-linecap[31m=[32m"round"[31m
                [33mstroke-linejoin[31m=[32m"round"[31m
                [33mstroke-width[31m=[32m"2"[31m
                [33mviewBox[31m=[32m"0 0 24 24"[31m
                [33mwidth[31m=[32m"18"[31m
                [33mxmlns[31m=[32m"http://www.w3.org/2000/svg"[31m
              [36m>[31m
                [36m<path[31m
                  [33md[31m=[32m"M10 20a1 1 0 0 0 .553.895l2 1A1 1 0 0 0 14 21v-7a2 2 0 0 1 .517-1.341L21.74 4.67A1 1 0 0 0 21 3H3a1 1 0 0 0-.742 1.67l7.225 7.989A2 2 0 0 1 10 14z"[31m
                [36m/>[31m
              [36m</svg>[31m
              [36m<select[31m
                [33mclass[31m=[32m"bg-transparent border-none focus:ring-0 text-sm font-medium text-gray-700 dark:text-gray-300 outline-none"[31m
              [36m>[31m
                [36m<option[31m
                  [33mvalue[31m=[32m""[31m
                [36m>[31m
                  [0mTous les statuts[0m
                [36m</option>[31m
                [36m<option[31m
                  [33mvalue[31m=[32m"PENDING"[31m
                [36m>[31m
                  [0mEn attente[0m
                [36m</option>[31m
                [36m<option[31m
                  [33mvalue[31m=[32m"VALIDATED"[31m
                [36m>[31m
                  [0mValid├®[0m
                [36m</option>[31m
                [36m<option[31m
                  [33mvalue[31m=[32m"CANCELLED"[31m
                [36m>[31m
                  [0mAnnul├®[0m
                [36m</option>[31m
                [36m<option[31m
                  [33mvalue[31m=[32m"COMPLETED"[31m
                [36m>[31m
                  [0mTermin├®[0m
                [36m</option>[31m
                [36m<option[31m
                  [33mvalue[31m=[32m"EXPIRED"[31m
                [36m>[31m
                  [0mExpir├®[0m
                [36m</option>[31m
              [36m</select>[31m
            [36m</div>[31m
          [36m</div>[31m
        [36m</div>[31m
        [36m<div[31m
          [33mclass[31m=[32m"bg-white dark:bg-gray-800 rounded-2xl border border-gray-100 dark:border-gray-700 shadow-sm overflow-hidden"[31m
        [36m>[31m
          [36m<div[31m
            [33mclass[31m=[32m"overflow-x-auto"[31m
          [36m>[31m
            [36m<table[31m
              [33mclass[31m=[32m"w-full text-left"[31m
            [36m>[31m
              [36m<thead>[31m
                [36m<tr[31m
                  [33mclass[31m=[32m"bg-gray-50 dark:bg-gray-900/50 border-b border-gray-100 dark:border-gray-700"[31m
                [36m>[31m
                  [36m<th[31m
                    [33mclass[31m=[32m"px-6 py-4 text-xs font-semibold text-gray-500 uppercase tracking-wider"[31m
                  [36m>[31m
                    [0mID[0m
                  [36m</th>[31m
                  [36m<th[31m
                    [33mclass[31m=[32m"px-6 py-4 text-xs font-semibold text-gray-500 uppercase tracking-wider"[31m
                  [36m>[31m
                    [0mLogement[0m
                  [36m</th>[31m
                  [36m<th[31m
                    [33mclass[31m=[32m"px-6 py-4 text-xs font-semibold text-gray-500 uppercase tracking-wider"[31m
                  [36m>[31m
                    [0mClient[0m
                  [36m</th>[31m
                  [36m<th[31m
                    [33mclass[31m=[32m"px-6 py-4 text-xs font-semibold text-gray-500 uppercase tracking-wider"[31m
             ...[39m
[90mstderr[2m | src/pages/admin/AdminDisputes.test.jsx[2m > 
[22m[2mAdminDisputes Component[2m > [22m[2mresolves dispute 
with no refund
[22m[39mAn error occurred in the <DataTable> component.

Consider adding an error boundary to your tree to customize error 
handling behavior.
Visit https://react.dev/link/error-boundaries to learn more about 
error boundaries.


 [31m├ù[39m src/pages/admin/AdminDisputes.test.jsx[2m > [22mAdminDisputes Component[2m > [22mresolves dispute with partial refund[33m 1033[2mms[22m[39m
[31m   ÔåÆ Unable to find an element with the text: Probl├¿me mineur. This could be because the text is broken up by multiple elements. In this case, you can provide a function for your text matcher to make your matcher more flexible.

Ignored nodes: comments, script, style
[36m<body>[31m
  [36m<div />[31m
[36m</body>[31m

Ignored nodes: comments, script, style
[36m<html>[31m
  [36m<head />[31m
  [36m<body>[31m
    [36m<div />[31m
  [36m</body>[31m
[36m</html>[31m[39m
 [31m├ù[39m src/pages/admin/AdminTransactions.test.jsx[2m > [22mAdminTransactions Component[2m > [22mvalidates a transaction[33m 1020[2mms[22m[39m
[31m   ÔåÆ Unable to find an element with the text: tenant1. This could be because the text is broken up by multiple elements. In this case, you can provide a function for your text matcher to make your matcher more flexible.

Ignored nodes: comments, script, style
[36m<body>[31m
  [36m<div>[31m
    [36m<div[31m
      [33mclass[31m=[32m"space-y-6 animate-in fade-in slide-in-from-bottom-4 duration-500"[31m
    [36m>[31m
      [36m<div[31m
        [33mclass[31m=[32m"flex justify-between items-center"[31m
      [36m>[31m
        [36m<div>[31m
          [36m<h1[31m
            [33mclass[31m=[32m"text-3xl font-extrabold text-gray-900 dark:text-white tracking-tight"[31m
          [36m>[31m
            [0mTransactions[0m
          [36m</h1>[31m
          [36m<p[31m
            [33mclass[31m=[32m"text-gray-500 dark:text-gray-400"[31m
          [36m>[31m
            [0mG├®rer les demandes d'occupation et r├®servations avec pr├®cision[0m
          [36m</p>[31m
        [36m</div>[31m
      [36m</div>[31m
      [36m<div[31m
        [33mclass[31m=[32m"flex flex-col md:flex-row gap-4 items-center justify-between bg-white dark:bg-gray-800 p-4 rounded-2xl shadow-sm border border-gray-100 dark:border-gray-700"[31m
      [36m>[31m
        [36m<div[31m
          [33mclass[31m=[32m"relative w-full md:w-96"[31m
        [36m>[31m
          [36m<svg[31m
            [33maria-hidden[31m=[32m"true"[31m
            [33mclass[31m=[32m"lucide lucide-search absolute left-3 top-1/2 -translate-y-1/2 text-gray-400"[31m
            [33mfill[31m=[32m"none"[31m
            [33mheight[31m=[32m"18"[31m
            [33mstroke[31m=[32m"currentColor"[31m
            [33mstroke-linecap[31m=[32m"round"[31m
            [33mstroke-linejoin[31m=[32m"round"[31m
            [33mstroke-width[31m=[32m"2"[31m
            [33mviewBox[31m=[32m"0 0 24 24"[31m
            [33mwidth[31m=[32m"18"[31m
            [33mxmlns[31m=[32m"http://www.w3.org/2000/svg"[31m
          [36m>[31m
            [36m<path[31m
              [33md[31m=[32m"m21 21-4.34-4.34"[31m
            [36m/>[31m
            [36m<circle[31m
              [33mcx[31m=[32m"11"[31m
              [33mcy[31m=[32m"11"[31m
              [33mr[31m=[32m"8"[31m
            [36m/>[31m
          [36m</svg>[31m
          [36m<input[31m
            [33mclass[31m=[32m"w-full pl-10 pr-4 py-2.5 rounded-xl border border-gray-200 dark:border-gray-700 focus:outline-none focus:ring-2 focus:ring-blue-500 dark:bg-gray-900 transition-all"[31m
            [33mplaceholder[31m=[32m"Rechercher par logement ou client..."[31m
            [33mtype[31m=[32m"text"[31m
            [33mvalue[31m=[32m""[31m
          [36m/>[31m
        [36m</div>[31m
        [36m<div[31m
          [33mclass[31m=[32m"flex items-center gap-4 w-full md:w-auto"[31m
        [36m>[31m
          [36m<div[31m
            [33mclass[31m=[32m"flex items-center gap-2 bg-gray-50 dark:bg-gray-900 px-3 py-2 rounded-xl border border-gray-200 dark:border-gray-700"[31m
          [36m>[31m
            [36m<svg[31m
              [33maria-hidden[31m=[32m"true"[31m
              [33mclass[31m=[32m"lucide lucide-funnel text-gray-400"[31m
              [33mfill[31m=[32m"none"[31m
              [33mheight[31m=[32m"18"[31m
              [33mstroke[31m=[32m"currentColor"[31m
              [33mstroke-linecap[31m=[32m"round"[31m
              [33mstroke-linejoin[31m=[32m"round"[31m
              [33mstroke-width[31m=[32m"2"[31m
              [33mviewBox[31m=[32m"0 0 24 24"[31m
              [33mwidth[31m=[32m"18"[31m
              [33mxmlns[31m=[32m"http://www.w3.org/2000/svg"[31m
            [36m>[31m
              [36m<path[31m
                [33md[31m=[32m"M10 20a1 1 0 0 0 .553.895l2 1A1 1 0 0 0 14 21v-7a2 2 0 0 1 .517-1.341L21.74 4.67A1 1 0 0 0 21 3H3a1 1 0 0 0-.742 1.67l7.225 7.989A2 2 0 0 1 10 14z"[31m
              [36m/>[31m
            [36m</svg>[31m
            [36m<select[31m
              [33mclass[31m=[32m"bg-transparent border-none focus:ring-0 text-sm font-medium text-gray-700 dark:text-gray-300 outline-none"[31m
            [36m>[31m
              [36m<option[31m
                [33mvalue[31m=[32m""[31m
              [36m>[31m
                [0mTous les statuts[0m
              [36m</option>[31m
              [36m<option[31m
                [33mvalue[31m=[32m"PENDING"[31m
              [36m>[31m
                [0mEn attente[0m
              [36m</option>[31m
              [36m<option[31m
                [33mvalue[31m=[32m"VALIDATED"[31m
              [36m>[31m
                [0mValid├®[0m
              [36m</option>[31m
              [36m<option[31m
                [33mvalue[31m=[32m"CANCELLED"[31m
              [36m>[31m
                [0mAnnul├®[0m
              [36m</option>[31m
              [36m<option[31m
                [33mvalue[31m=[32m"COMPLETED"[31m
              [36m>[31m
                [0mTermin├®[0m
              [36m</option>[31m
              [36m<option[31m
                [33mvalue[31m=[32m"EXPIRED"[31m
              [36m>[31m
                [0mExpir├®[0m
              [36m</option>[31m
            [36m</select>[31m
          [36m</div>[31m
        [36m</div>[31m
      [36m</div>[31m
      [36m<div[31m
        [33mclass[31m=[32m"bg-white dark:bg-gray-800 rounded-2xl border border-gray-100 dark:border-gray-700 shadow-sm overflow-hidden"[31m
      [36m>[31m
        [36m<div[31m
          [33mclass[31m=[32m"overflow-x-auto"[31m
        [36m>[31m
          [36m<table[31m
            [33mclass[31m=[32m"w-full text-left"[31m
          [36m>[31m
            [36m<thead>[31m
              [36m<tr[31m
                [33mclass[31m=[32m"bg-gray-50 dark:bg-gray-900/50 border-b border-gray-100 dark:border-gray-700"[31m
              [36m>[31m
                [36m<th[31m
                  [33mclass[31m=[32m"px-6 py-4 text-xs font-semibold text-gray-500 uppercase tracking-wider"[31m
                [36m>[31m
                  [0mID[0m
                [36m</th>[31m
                [36m<th[31m
                  [33mclass[31m=[32m"px-6 py-4 text-xs font-semibold text-gray-500 uppercase tracking-wider"[31m
                [36m>[31m
                  [0mLogement[0m
                [36m</th>[31m
                [36m<th[31m
                  [33mclass[31m=[32m"px-6 py-4 text-xs font-semibold text-gray-500 uppercase tracking-wider"[31m
                [36m>[31m
                  [0mClient[0m
                [36m</th>[31m
                [36m<th[31m
                  [33mclass[31m=[32m"px-6 py-4 text-xs font-semibold text-gray-500 uppercase tracking-wider"[31m
                [36m>[31m
                  [0mMessage[0m
                [36m</th>[31m
                [36m<th[31m
                  [33mclass[31m=[32m"px-6 py-4 text-xs font-semibold text-gray-500 uppercase tracking-wider"[31m
                [36m>[31m
                  [0mStatut[0m
                [36m</th>[31m
                [36m<th[31m
                  [33mclass[31m=[32m"px-6 py-4 text-xs font-semibold text-gray-500 uppercase tracking-wider"[31m
                [36m>[31m
                  [0mDate[0m
                [36m</th>[31m
                [36m<th[31m
                  [33mclass[31m=[32m"px-6 py-4 text-xs font-semibold text-gray-500 uppercase tracking-wider"[31m
                [36m>[31m
                  [0mActions[0m
                [36m</th>[31m
              [36m</tr>[31m
            [36m</thead>[31m
            [36m<tbody[31m
              [33mclass[31m=[32m"divide-y divide-gray-100 dark:divide-gray-700"[31m
            [36m>[31m
              [36m<tr[31m
                [33mclass[31m=[32m"hover:bg-gray-50/50 dark:hover:bg-gray-900/20 transition-colors"[31m
              [36m>[31m
                [36m<td[31m
                  [33mclass[31m=[32m"px-6 py-4 text-sm text-gray-700 dark:text-gray-300"[31m
                [36m>[31m
                  [36m<span[31m
                    [33mclass[31m=[32m"font-mono text-xs text-gray-400"[31m
                  [36m>[31m
                    [0m#[0m
                    [0m1[0m
                  [36m</span>[31m
                [36m</td>[31m
                [36m<td[31m
                  [33mclass[31m=[32m"px-6 py-4 text-sm text-gray-700 dark:text-gray-300"[31m
                [36m>[31m
                  [36m<div[31m
                    [33mclass[31m=[32m"flex flex-col"[31m
                  [36m>[31m
                    [36m<span[31m
                      [33mclass[31m=[32m"font-medium text-gray-900"[31m
                    [36m/>[31m
                    [36m<span[31m
                      [33mclass[31m=[32m"text-xs text-gray-500"[31m
                    [36m>[31m
                      [0m#[0m
                    [36m</span>[31m
                  [36m</div>[31m
                [36m</td>[31m
                [36m<td[31m
                  [33mclass[31m=[32m"px-6 py-4 text-sm text-gray-700 dark:text-gray-300"[31m
                [36m>[31m
                  [36m<div[31m
                    [33mclass[31m=[32m"flex items-center gap-2"[31m
                  [36m>[31m
                    [36m<div[31m
                      [33mclass[31m=[32m"w-8 h-8 rounded-full bg-blue-100 flex items-center justify-center text-blue-700 font-bold text-xs"[31m
                    [36m>[31m
                      [0m [0m
                    [36m</div>[31m
                    [36m<span[31m
                      [33mclass[31m=[32m"text-sm"[31m
                    [36m/>[31m
                  [36m</div>[31m
                [36m</td>[31m
                [36m<td[31m
                  [33mclass[31m=[32m"px-6 py-4 text-sm text-gray-700 dark:text-gray-300"[31m
                [36m>[31m
                  [36m<p[31m
                    [33mclass[31m=[32m"text-sm text-gray-500 max-w-xs truncate"[31m
                  [36m>[31m
                    [0mAucun message[0m
                    [0m [0m
                  [36m</p>[31m
                [36m</td>[31m
                [36m<td[31m
                  [33mclass[31m=[32m"px-6 py-4 text-sm text-gray-700 dark:text-gray-300"[31m
                [36m>[31m
                  [36m<span[31m
                    [33mclass[31m=[32m"px-2 py-1 rounded-full text-xs font-medium border bg-amber-100 text-amber-700 border-amber-200"[31m
                  [36m>[31m
                    [0mPENDING[0m
                  [36m</span>[31m
                [36m</td>[31m
                [36m<td[31m
                  [33mclass[31m=[32m"px-6 py-4 text-sm text-gray-700 dark:text-gray-300"[31m
                [36m>[31m
                  [36m<span[31m
                    [33mclass[31m=[32m"text-sm text-gray-500"[31m
                  [36m>[31m
                    [0m10/01/2024[0m
                  [36m</span>[31m
                [36m</td>[31m
                [36m<td[31m
                  [33mclass[31m=[32m"px-6 py-4 text-sm text-gray-700 dark:text-gray-300"[31m
                [36m>[31m
                  [36m<div[31m
                    [33mclass[31m=[32m"flex items-center gap-2"[31m
                  [36m>[31m
                    [36m<button[31m
                      [33mclass[31m=[32m"p-1.5 text-emerald-600 hover:bg-emerald-50 dark:hover:bg-emerald-900/20 rounded-xl transition-all active:scale-90"[31m
                      [33mtitle[31m=[32m"Approuver"[31m
                      [33mtype[31m=[32m"button"[31m
                    [36m>[31m
                      [36m<svg[31m
                        [33maria-hidden[31m=[32m"true"[31m
                        [33mclass[31m=[32m"lucide lucide-circle-check"[31m
                        [33mfill[31m=[32m"none"[31m
                        [33mheight[31m=[32m"18"[31m
                        [33mstroke[31m=[32m"currentColor"[31m
                        [33mstroke-linecap[31m=[32m"round"[31m
                        [33mstroke-linejoin[31m=[32m"round"[31m
                        [33mstroke-width[31m=[32m"2"[31m
                        [33mviewBox[31m=[32m"0 0 24 24"[31m
                        [33mwidth[31m=[32m"18"[31m
                        [33mxmlns[31m=[32m"http://www.w3.org/2000/svg"[31m
                      [36m>[31m
                        [36m<circle[31m
                          [33mcx[31m=[32m"12"[31m
                          [33mcy[31m=[32m"12"[31m
                          [33mr[31m=[32m"10"[31m
                        [36m/>[31m
                        [36m<path[31m
                          [33md[31m=[32m"m9 12 2 2 4-4"[31m
                        [36m/>[31m
                      [36m</svg>[31m
                    [36m</button>[31m
                    [36m<button[31m
                      [33mclass[31m=[32m"p-1.5 text-rose-600 hover:bg-rose-50 dark:hover:bg-rose-900/20 rounded-xl transition-all active:scale-90"[31m
                      [33mtitle[31m=[32m"Rejeter"[31m
                      [33mtype[31m=[32m"button"[31m
                    [36m>[31m
                      [36m<svg[31m
                        [33maria-hidden[31m=[32m"true"[31m
                        [33mclass[31m=[32m"lucide lucide-circle-x"[31m
                        [33mfill[31m=[32m"none"[31m
                        [33mheight[31m=[32m"18"[31m
                        [33mstroke[31m=[32m"currentColor"[31m
                        [33mstroke-linecap[31m=[32m"round"[31m
                        [33mstroke-linejoin[31m=[32m"round"[31m
                        [33mstroke-width[31m=[32m"2"[31m
                        [33mviewBox[31m=[32m"0 0 24 24"[31m
                        [33mwidth[31m=[32m"18"[31m
                        [33mxmlns[31m=[32m"http://www.w3.org/2000/svg"[31m
                      [36m>[31m
                        [36m<circle[31m
                          [33mcx[31m=[32m"12"[31m
                          [33mcy[31m=[32m"12"[31m
                          [33mr[31m=[32m"10"[31m
                        [36m/>[31m
                        [36m<path[31m
                          [33md[31m=[32m"m15 9-6 6"[31m
                        [36m/>[31m
                        [36m<path[31m
                          [33md[31m=[32m"m9 9 6 6"[31m
                        [36m/>[31m
                      [36m</svg>[31m
                    [36m</button>[31m
                    [36m<button[31m
                      [33mclass[31m=[32m"p-1.5 text-gray-400 hover:bg-gray-100 dark:hover:bg-gray-800 rounded-xl transition-all active:scale-90"[31m
                      [33mtitle[31m=[32m"Voir les d├®tails"[31m
                      [33mtype[31m=[32m"button"[31m
                    [36m>[31m
                      [36m<svg[31m
                        [33maria-hidden[31m=[32m"true"[31m
                        [33mclass[31m=[32m"lucide lucide-external-link"[31m
                        [33mfill[31m=[32m"none"[31m
                        [33mheight[31m=[32m"18"[31m
                        [33mstroke[31m=[32m"currentColor"[31m
                        [33mstroke-linecap[31m=[32m"round"[31m
                        [33mstroke-linejoin[31m=[32m"round"[31m
                        [33mstroke-width[31m=[32m"2"[31m
                        [33mviewBox[31m=[32m"0 0 24 24"[31m
                        [33mwidth[31m=[32m"18"[31m
                        [33mxmlns[31m=[32m"http://www.w3.org/2000/svg"[31m
                      [36m>[31m
                        [36m<path[31m
                          [33md[31m=[32m"M15 3h6v6"[31m
                        [36m/>[31m
                        [36m<path[31m
                          [33md[31m=[32m"M10 14 21 3"[31m
                        [36m/>[31m
                        [36m<path[31m
                          [33md[31m=[32m"M18 13v6a2 2 0 0 1-2 2H5a2 2 0 0 1-2-2V8a2 2 0 0 1 2-2h6"[31m
                        [36m/>[31m
                      [36m</svg>[31m
                    [36m</button>[31m
                  [36m</div>[31m
                [36m</td>[31m
              [36m</tr>[31m
            [36m</tbody>[31m
          [36m</table>[31m
        [36m</div>[31m
        [36m<div[31m
          [33mclass[31m=[32m"px-6 py-4 bg-gray-50 dark:bg-gray-900/50 border-t border-gray-100 dark:border-gray-700 flex items-center justify-between"[31m
        [36m>[31m
          [36m<span[31m
            [33mclass[31m=[32m"text-sm text-gray-500"[31m
          [36m>[31m
            [0mPage [0m
            [0m1[0m
            [0m sur [0m
            [0m1[0m
          [36m</span>[31m
          [36m<div[31m
            [33mclass[31m=[32m"flex space-x-2"[31m
          [36m>[31m
            [36m<button[31m
              [33mclass[31m=[32m"px-4 py-2 text-sm font-medium text-gray-600 bg-white dark:bg-gray-800 border border-gray-200 dark:border-gray-700 rounded-lg disabled:opacity-50"[31m
              [33mdisabled[31m=[32m""[31m
            [36m>[31m
              [0mPr├®c├®dent[0m
            [36m</button>[31m
            [36m<button[31m
              [33mclass[31m=[32m"px-4 py-2 text-sm font-medium text-gray-600 bg-white dark:bg-gray-800 border border-gray-200 dark:border-gray-700 rounded-lg disabled:opacity-50"[31m
              [33mdisabled[31m=[32m""[31m
            [36m>[31m
              [0mSuivant[0m
            [36m</button>[31m
          [36m</div>[31m
        [36m</div>[31m
      [36m</div>[31m
    [36m</div>[31m
  [36m</div>[31m
[36m</body>[31m

Ignored nodes: comments, script, style
[36m<html>[31m
  [36m<head />[31m
  [36m<body>[31m
    [36m<div>[31m
      [36m<div[31m
        [33mclass[31m=[32m"space-y-6 animate-in fade-in slide-in-from-bottom-4 duration-500"[31m
      [36m>[31m
        [36m<div[31m
          [33mclass[31m=[32m"flex justify-between items-center"[31m
        [36m>[31m
          [36m<div>[31m
            [36m<h1[31m
              [33mclass[31m=[32m"text-3xl font-extrabold text-gray-900 dark:text-white tracking-tight"[31m
            [36m>[31m
              [0mTransactions[0m
            [36m</h1>[31m
            [36m<p[31m
              [33mclass[31m=[32m"text-gray-500 dark:text-gray-400"[31m
            [36m>[31m
              [0mG├®rer les demandes d'occupation et r├®servations avec pr├®cision[0m
            [36m</p>[31m
          [36m</div>[31m
        [36m</div>[31m
        [36m<div[31m
          [33mclass[31m=[32m"flex flex-col md:flex-row gap-4 items-center justify-between bg-white dark:bg-gray-800 p-4 rounded-2xl shadow-sm border border-gray-100 dark:border-gray-700"[31m
        [36m>[31m
          [36m<div[31m
            [33mclass[31m=[32m"relative w-full md:w-96"[31m
          [36m>[31m
            [36m<svg[31m
              [33maria-hidden[31m=[32m"true"[31m
              [33mclass[31m=[32m"lucide lucide-search absolute left-3 top-1/2 -translate-y-1/2 text-gray-400"[31m
              [33mfill[31m=[32m"none"[31m
              [33mheight[31m=[32m"18"[31m
              [33mstroke[31m=[32m"currentColor"[31m
              [33mstroke-linecap[31m=[32m"round"[31m
              [33mstroke-linejoin[31m=[32m"round"[31m
              [33mstroke-width[31m=[32m"2"[31m
              [33mviewBox[31m=[32m"0 0 24 24"[31m
              [33mwidth[31m=[32m"18"[31m
              [33mxmlns[31m=[32m"http://www.w3.org/2000/svg"[31m
            [36m>[31m
              [36m<path[31m
                [33md[31m=[32m"m21 21-4.34-4.34"[31m
              [36m/>[31m
              [36m<circle[31m
                [33mcx[31m=[32m"11"[31m
                [33mcy[31m=[32m"11"[31m
                [33mr[31m=[32m"8"[31m
              [36m/>[31m
            [36m</svg>[31m
            [36m<input[31m
              [33mclass[31m=[32m"w-full pl-10 pr-4 py-2.5 rounded-xl border border-gray-200 dark:border-gray-700 focus:outline-none focus:ring-2 focus:ring-blue-500 dark:bg-gray-900 transition-all"[31m
              [33mplaceholder[31m=[32m"Rechercher par logement ou client..."[31m
              [33mtype[31m=[32m"text"[31m
              [33mvalue[31m=[32m""[31m
            [36m/>[31m
          [36m</div>[31m
          [36m<div[31m
            [33mclass[31m=[32m"flex items-center gap-4 w-full md:w-auto"[31m
          [36m>[31m
            [36m<div[31m
              [33mclass[31m=[32m"flex items-center gap-2 bg-gray-50 dark:bg-gray-900 px-3 py-2 rounded-xl border border-gray-200 dark:border-gray-700"[31m
            [36m>[31m
              [36m<svg[31m
                [33maria-hidden[31m=[32m"true"[31m
                [33mclass[31m=[32m"lucide lucide-funnel text-gray-400"[31m
                [33mfill[31m=[32m"none"[31m
                [33mheight[31m=[32m"18"[31m
                [33mstroke[31m=[32m"currentColor"[31m
                [33mstroke-linecap[31m=[32m"round"[31m
                [33mstroke-linejoin[31m=[32m"round"[31m
                [33mstroke-width[31m=[32m"2"[31m
                [33mviewBox[31m=[32m"0 0 24 24"[31m
                [33mwidth[31m=[32m"18"[31m
                [33mxmlns[31m=[32m"http://www.w3.org/2000/svg"[31m
              [36m>[31m
                [36m<path[31m
                  [33md[31m=[32m"M10 20a1 1 0 0 0 .553.895l2 1A1 1 0 0 0 14 21v-7a2 2 0 0 1 .517-1.341L21.74 4.67A1 1 0 0 0 21 3H3a1 1 0 0 0-.742 1.67l7.225 7.989A2 2 0 0 1 10 14z"[31m
                [36m/>[31m
              [36m</svg>[31m
              [36m<select[31m
                [33mclass[31m=[32m"bg-transparent border-none focus:ring-0 text-sm font-medium text-gray-700 dark:text-gray-300 outline-none"[31m
              [36m>[31m
                [36m<option[31m
                  [33mvalue[31m=[32m""[31m
                [36m>[31m
                  [0mTous les statuts[0m
                [36m</option>[31m
                [36m<option[31m
                  [33mvalue[31m=[32m"PENDING"[31m
                [36m>[31m
                  [0mEn attente[0m
                [36m</option>[31m
                [36m<option[31m
                  [33mvalue[31m=[32m"VALIDATED"[31m
                [36m>[31m
                  [0mValid├®[0m
                [36m</option>[31m
                [36m<option[31m
                  [33mvalue[31m=[32m"CANCELLED"[31m
                [36m>[31m
                  [0mAnnul├®[0m
                [36m</option>[31m
                [36m<option[31m
                  [33mvalue[31m=[32m"COMPLETED"[31m
                [36m>[31m
                  [0mTermin├®[0m
                [36m</option>[31m
                [36m<option[31m
                  [33mvalue[31m=[32m"EXPIRED"[31m
                [36m>[31m
                  [0mExpir├®[0m
                [36m</option>[31m
              [36m</select>[31m
            [36m</div>[31m
          [36m</div>[31m
        [36m</div>[31m
        [36m<div[31m
          [33mclass[31m=[32m"bg-white dark:bg-gray-800 rounded-2xl border border-gray-100 dark:border-gray-700 shadow-sm overflow-hidden"[31m
        [36m>[31m
          [36m<div[31m
            [33mclass[31m=[32m"overflow-x-auto"[31m
          [36m>[31m
            [36m<table[31m
              [33mclass[31m=[32m"w-full text-left"[31m
            [36m>[31m
              [36m<thead>[31m
                [36m<tr[31m
                  [33mclass[31m=[32m"bg-gray-50 dark:bg-gray-900/50 border-b border-gray-100 dark:border-gray-700"[31m
                [36m>[31m
                  [36m<th[31m
                    [33mclass[31m=[32m"px-6 py-4 text-xs font-semibold text-gray-500 uppercase tracking-wider"[31m
                  [36m>[31m
                    [0mID[0m
                  [36m</th>[31m
                  [36m<th[31m
                    [33mclass[31m=[32m"px-6 py-4 text-xs font-semibold text-gray-500 uppercase tracking-wider"[31m
                  [36m>[31m
                    [0mLogement[0m
                  [36m</th>[31m
                  [36m<th[31m
                    [33mclass[31m=[32m"px-6 py-4 text-xs font-semibold text-gray-500 uppercase tracking-wider"[31m
                  [36m>[31m
                    [0mClient[0m
                  [36m</th>[31m
                  [36m<th[31m
                    [33mclass[31m=[32m"px-6 py-4 text-xs font-semibold text-gray-500 uppercase tracking-wider"[31m
             ...[39m
[90mstderr[2m | src/pages/admin/AdminDisputes.test.jsx[2m > 
[22m[2mAdminDisputes Component[2m > [22m[2mfilters disputes by 
status
[22m[39mAn error occurred in the <DataTable> component.

Consider adding an error boundary to your tree to customize error 
handling behavior.
Visit https://react.dev/link/error-boundaries to learn more about 
error boundaries.


 [31m├ù[39m src/pages/admin/AdminDisputes.test.jsx[2m > [22mAdminDisputes Component[2m > [22mresolves dispute with no refund[33m 1029[2mms[22m[39m
[31m   ÔåÆ Unable to find an element with the text: R├®clamation non fond├®e. This could be because the text is broken up by multiple elements. In this case, you can provide a function for your text matcher to make your matcher more flexible.

Ignored nodes: comments, script, style
[36m<body>[31m
  [36m<div />[31m
[36m</body>[31m

Ignored nodes: comments, script, style
[36m<html>[31m
  [36m<head />[31m
  [36m<body>[31m
    [36m<div />[31m
  [36m</body>[31m
[36m</html>[31m[39m
 [31m├ù[39m src/pages/admin/AdminTransactions.test.jsx[2m > [22mAdminTransactions Component[2m > [22mdisplays transaction details modal[33m 1033[2mms[22m[39m
[31m   ÔåÆ Unable to find an element with the text: tenant1. This could be because the text is broken up by multiple elements. In this case, you can provide a function for your text matcher to make your matcher more flexible.

Ignored nodes: comments, script, style
[36m<body>[31m
  [36m<div>[31m
    [36m<div[31m
      [33mclass[31m=[32m"space-y-6 animate-in fade-in slide-in-from-bottom-4 duration-500"[31m
    [36m>[31m
      [36m<div[31m
        [33mclass[31m=[32m"flex justify-between items-center"[31m
      [36m>[31m
        [36m<div>[31m
          [36m<h1[31m
            [33mclass[31m=[32m"text-3xl font-extrabold text-gray-900 dark:text-white tracking-tight"[31m
          [36m>[31m
            [0mTransactions[0m
          [36m</h1>[31m
          [36m<p[31m
            [33mclass[31m=[32m"text-gray-500 dark:text-gray-400"[31m
          [36m>[31m
            [0mG├®rer les demandes d'occupation et r├®servations avec pr├®cision[0m
          [36m</p>[31m
        [36m</div>[31m
      [36m</div>[31m
      [36m<div[31m
        [33mclass[31m=[32m"flex flex-col md:flex-row gap-4 items-center justify-between bg-white dark:bg-gray-800 p-4 rounded-2xl shadow-sm border border-gray-100 dark:border-gray-700"[31m
      [36m>[31m
        [36m<div[31m
          [33mclass[31m=[32m"relative w-full md:w-96"[31m
        [36m>[31m
          [36m<svg[31m
            [33maria-hidden[31m=[32m"true"[31m
            [33mclass[31m=[32m"lucide lucide-search absolute left-3 top-1/2 -translate-y-1/2 text-gray-400"[31m
            [33mfill[31m=[32m"none"[31m
            [33mheight[31m=[32m"18"[31m
            [33mstroke[31m=[32m"currentColor"[31m
            [33mstroke-linecap[31m=[32m"round"[31m
            [33mstroke-linejoin[31m=[32m"round"[31m
            [33mstroke-width[31m=[32m"2"[31m
            [33mviewBox[31m=[32m"0 0 24 24"[31m
            [33mwidth[31m=[32m"18"[31m
            [33mxmlns[31m=[32m"http://www.w3.org/2000/svg"[31m
          [36m>[31m
            [36m<path[31m
              [33md[31m=[32m"m21 21-4.34-4.34"[31m
            [36m/>[31m
            [36m<circle[31m
              [33mcx[31m=[32m"11"[31m
              [33mcy[31m=[32m"11"[31m
              [33mr[31m=[32m"8"[31m
            [36m/>[31m
          [36m</svg>[31m
          [36m<input[31m
            [33mclass[31m=[32m"w-full pl-10 pr-4 py-2.5 rounded-xl border border-gray-200 dark:border-gray-700 focus:outline-none focus:ring-2 focus:ring-blue-500 dark:bg-gray-900 transition-all"[31m
            [33mplaceholder[31m=[32m"Rechercher par logement ou client..."[31m
            [33mtype[31m=[32m"text"[31m
            [33mvalue[31m=[32m""[31m
          [36m/>[31m
        [36m</div>[31m
        [36m<div[31m
          [33mclass[31m=[32m"flex items-center gap-4 w-full md:w-auto"[31m
        [36m>[31m
          [36m<div[31m
            [33mclass[31m=[32m"flex items-center gap-2 bg-gray-50 dark:bg-gray-900 px-3 py-2 rounded-xl border border-gray-200 dark:border-gray-700"[31m
          [36m>[31m
            [36m<svg[31m
              [33maria-hidden[31m=[32m"true"[31m
              [33mclass[31m=[32m"lucide lucide-funnel text-gray-400"[31m
              [33mfill[31m=[32m"none"[31m
              [33mheight[31m=[32m"18"[31m
              [33mstroke[31m=[32m"currentColor"[31m
              [33mstroke-linecap[31m=[32m"round"[31m
              [33mstroke-linejoin[31m=[32m"round"[31m
              [33mstroke-width[31m=[32m"2"[31m
              [33mviewBox[31m=[32m"0 0 24 24"[31m
              [33mwidth[31m=[32m"18"[31m
              [33mxmlns[31m=[32m"http://www.w3.org/2000/svg"[31m
            [36m>[31m
              [36m<path[31m
                [33md[31m=[32m"M10 20a1 1 0 0 0 .553.895l2 1A1 1 0 0 0 14 21v-7a2 2 0 0 1 .517-1.341L21.74 4.67A1 1 0 0 0 21 3H3a1 1 0 0 0-.742 1.67l7.225 7.989A2 2 0 0 1 10 14z"[31m
              [36m/>[31m
            [36m</svg>[31m
            [36m<select[31m
              [33mclass[31m=[32m"bg-transparent border-none focus:ring-0 text-sm font-medium text-gray-700 dark:text-gray-300 outline-none"[31m
            [36m>[31m
              [36m<option[31m
                [33mvalue[31m=[32m""[31m
              [36m>[31m
                [0mTous les statuts[0m
              [36m</option>[31m
              [36m<option[31m
                [33mvalue[31m=[32m"PENDING"[31m
              [36m>[31m
                [0mEn attente[0m
              [36m</option>[31m
              [36m<option[31m
                [33mvalue[31m=[32m"VALIDATED"[31m
              [36m>[31m
                [0mValid├®[0m
              [36m</option>[31m
              [36m<option[31m
                [33mvalue[31m=[32m"CANCELLED"[31m
              [36m>[31m
                [0mAnnul├®[0m
              [36m</option>[31m
              [36m<option[31m
                [33mvalue[31m=[32m"COMPLETED"[31m
              [36m>[31m
                [0mTermin├®[0m
              [36m</option>[31m
              [36m<option[31m
                [33mvalue[31m=[32m"EXPIRED"[31m
              [36m>[31m
                [0mExpir├®[0m
              [36m</option>[31m
            [36m</select>[31m
          [36m</div>[31m
        [36m</div>[31m
      [36m</div>[31m
      [36m<div[31m
        [33mclass[31m=[32m"bg-white dark:bg-gray-800 rounded-2xl border border-gray-100 dark:border-gray-700 shadow-sm overflow-hidden"[31m
      [36m>[31m
        [36m<div[31m
          [33mclass[31m=[32m"overflow-x-auto"[31m
        [36m>[31m
          [36m<table[31m
            [33mclass[31m=[32m"w-full text-left"[31m
          [36m>[31m
            [36m<thead>[31m
              [36m<tr[31m
                [33mclass[31m=[32m"bg-gray-50 dark:bg-gray-900/50 border-b border-gray-100 dark:border-gray-700"[31m
              [36m>[31m
                [36m<th[31m
                  [33mclass[31m=[32m"px-6 py-4 text-xs font-semibold text-gray-500 uppercase tracking-wider"[31m
                [36m>[31m
                  [0mID[0m
                [36m</th>[31m
                [36m<th[31m
                  [33mclass[31m=[32m"px-6 py-4 text-xs font-semibold text-gray-500 uppercase tracking-wider"[31m
                [36m>[31m
                  [0mLogement[0m
                [36m</th>[31m
                [36m<th[31m
                  [33mclass[31m=[32m"px-6 py-4 text-xs font-semibold text-gray-500 uppercase tracking-wider"[31m
                [36m>[31m
                  [0mClient[0m
                [36m</th>[31m
                [36m<th[31m
                  [33mclass[31m=[32m"px-6 py-4 text-xs font-semibold text-gray-500 uppercase tracking-wider"[31m
                [36m>[31m
                  [0mMessage[0m
                [36m</th>[31m
                [36m<th[31m
                  [33mclass[31m=[32m"px-6 py-4 text-xs font-semibold text-gray-500 uppercase tracking-wider"[31m
                [36m>[31m
                  [0mStatut[0m
                [36m</th>[31m
                [36m<th[31m
                  [33mclass[31m=[32m"px-6 py-4 text-xs font-semibold text-gray-500 uppercase tracking-wider"[31m
                [36m>[31m
                  [0mDate[0m
                [36m</th>[31m
                [36m<th[31m
                  [33mclass[31m=[32m"px-6 py-4 text-xs font-semibold text-gray-500 uppercase tracking-wider"[31m
                [36m>[31m
                  [0mActions[0m
                [36m</th>[31m
              [36m</tr>[31m
            [36m</thead>[31m
            [36m<tbody[31m
              [33mclass[31m=[32m"divide-y divide-gray-100 dark:divide-gray-700"[31m
            [36m>[31m
              [36m<tr[31m
                [33mclass[31m=[32m"hover:bg-gray-50/50 dark:hover:bg-gray-900/20 transition-colors"[31m
              [36m>[31m
                [36m<td[31m
                  [33mclass[31m=[32m"px-6 py-4 text-sm text-gray-700 dark:text-gray-300"[31m
                [36m>[31m
                  [36m<span[31m
                    [33mclass[31m=[32m"font-mono text-xs text-gray-400"[31m
                  [36m>[31m
                    [0m#[0m
                    [0m1[0m
                  [36m</span>[31m
                [36m</td>[31m
                [36m<td[31m
                  [33mclass[31m=[32m"px-6 py-4 text-sm text-gray-700 dark:text-gray-300"[31m
                [36m>[31m
                  [36m<div[31m
                    [33mclass[31m=[32m"flex flex-col"[31m
                  [36m>[31m
                    [36m<span[31m
                      [33mclass[31m=[32m"font-medium text-gray-900"[31m
                    [36m/>[31m
                    [36m<span[31m
                      [33mclass[31m=[32m"text-xs text-gray-500"[31m
                    [36m>[31m
                      [0m#[0m
                    [36m</span>[31m
                  [36m</div>[31m
                [36m</td>[31m
                [36m<td[31m
                  [33mclass[31m=[32m"px-6 py-4 text-sm text-gray-700 dark:text-gray-300"[31m
                [36m>[31m
                  [36m<div[31m
                    [33mclass[31m=[32m"flex items-center gap-2"[31m
                  [36m>[31m
                    [36m<div[31m
                      [33mclass[31m=[32m"w-8 h-8 rounded-full bg-blue-100 flex items-center justify-center text-blue-700 font-bold text-xs"[31m
                    [36m>[31m
                      [0m [0m
                    [36m</div>[31m
                    [36m<span[31m
                      [33mclass[31m=[32m"text-sm"[31m
                    [36m/>[31m
                  [36m</div>[31m
                [36m</td>[31m
                [36m<td[31m
                  [33mclass[31m=[32m"px-6 py-4 text-sm text-gray-700 dark:text-gray-300"[31m
                [36m>[31m
                  [36m<p[31m
                    [33mclass[31m=[32m"text-sm text-gray-500 max-w-xs truncate"[31m
                  [36m>[31m
                    [0mAucun message[0m
                    [0m [0m
                  [36m</p>[31m
                [36m</td>[31m
                [36m<td[31m
                  [33mclass[31m=[32m"px-6 py-4 text-sm text-gray-700 dark:text-gray-300"[31m
                [36m>[31m
                  [36m<span[31m
                    [33mclass[31m=[32m"px-2 py-1 rounded-full text-xs font-medium border bg-amber-100 text-amber-700 border-amber-200"[31m
                  [36m>[31m
                    [0mPENDING[0m
                  [36m</span>[31m
                [36m</td>[31m
                [36m<td[31m
                  [33mclass[31m=[32m"px-6 py-4 text-sm text-gray-700 dark:text-gray-300"[31m
                [36m>[31m
                  [36m<span[31m
                    [33mclass[31m=[32m"text-sm text-gray-500"[31m
                  [36m>[31m
                    [0m10/01/2024[0m
                  [36m</span>[31m
                [36m</td>[31m
                [36m<td[31m
                  [33mclass[31m=[32m"px-6 py-4 text-sm text-gray-700 dark:text-gray-300"[31m
                [36m>[31m
                  [36m<div[31m
                    [33mclass[31m=[32m"flex items-center gap-2"[31m
                  [36m>[31m
                    [36m<button[31m
                      [33mclass[31m=[32m"p-1.5 text-emerald-600 hover:bg-emerald-50 dark:hover:bg-emerald-900/20 rounded-xl transition-all active:scale-90"[31m
                      [33mtitle[31m=[32m"Approuver"[31m
                      [33mtype[31m=[32m"button"[31m
                    [36m>[31m
                      [36m<svg[31m
                        [33maria-hidden[31m=[32m"true"[31m
                        [33mclass[31m=[32m"lucide lucide-circle-check"[31m
                        [33mfill[31m=[32m"none"[31m
                        [33mheight[31m=[32m"18"[31m
                        [33mstroke[31m=[32m"currentColor"[31m
                        [33mstroke-linecap[31m=[32m"round"[31m
                        [33mstroke-linejoin[31m=[32m"round"[31m
                        [33mstroke-width[31m=[32m"2"[31m
                        [33mviewBox[31m=[32m"0 0 24 24"[31m
                        [33mwidth[31m=[32m"18"[31m
                        [33mxmlns[31m=[32m"http://www.w3.org/2000/svg"[31m
                      [36m>[31m
                        [36m<circle[31m
                          [33mcx[31m=[32m"12"[31m
                          [33mcy[31m=[32m"12"[31m
                          [33mr[31m=[32m"10"[31m
                        [36m/>[31m
                        [36m<path[31m
                          [33md[31m=[32m"m9 12 2 2 4-4"[31m
                        [36m/>[31m
                      [36m</svg>[31m
                    [36m</button>[31m
                    [36m<button[31m
                      [33mclass[31m=[32m"p-1.5 text-rose-600 hover:bg-rose-50 dark:hover:bg-rose-900/20 rounded-xl transition-all active:scale-90"[31m
                      [33mtitle[31m=[32m"Rejeter"[31m
                      [33mtype[31m=[32m"button"[31m
                    [36m>[31m
                      [36m<svg[31m
                        [33maria-hidden[31m=[32m"true"[31m
                        [33mclass[31m=[32m"lucide lucide-circle-x"[31m
                        [33mfill[31m=[32m"none"[31m
                        [33mheight[31m=[32m"18"[31m
                        [33mstroke[31m=[32m"currentColor"[31m
                        [33mstroke-linecap[31m=[32m"round"[31m
                        [33mstroke-linejoin[31m=[32m"round"[31m
                        [33mstroke-width[31m=[32m"2"[31m
                        [33mviewBox[31m=[32m"0 0 24 24"[31m
                        [33mwidth[31m=[32m"18"[31m
                        [33mxmlns[31m=[32m"http://www.w3.org/2000/svg"[31m
                      [36m>[31m
                        [36m<circle[31m
                          [33mcx[31m=[32m"12"[31m
                          [33mcy[31m=[32m"12"[31m
                          [33mr[31m=[32m"10"[31m
                        [36m/>[31m
                        [36m<path[31m
                          [33md[31m=[32m"m15 9-6 6"[31m
                        [36m/>[31m
                        [36m<path[31m
                          [33md[31m=[32m"m9 9 6 6"[31m
                        [36m/>[31m
                      [36m</svg>[31m
                    [36m</button>[31m
                    [36m<button[31m
                      [33mclass[31m=[32m"p-1.5 text-gray-400 hover:bg-gray-100 dark:hover:bg-gray-800 rounded-xl transition-all active:scale-90"[31m
                      [33mtitle[31m=[32m"Voir les d├®tails"[31m
                      [33mtype[31m=[32m"button"[31m
                    [36m>[31m
                      [36m<svg[31m
                        [33maria-hidden[31m=[32m"true"[31m
                        [33mclass[31m=[32m"lucide lucide-external-link"[31m
                        [33mfill[31m=[32m"none"[31m
                        [33mheight[31m=[32m"18"[31m
                        [33mstroke[31m=[32m"currentColor"[31m
                        [33mstroke-linecap[31m=[32m"round"[31m
                        [33mstroke-linejoin[31m=[32m"round"[31m
                        [33mstroke-width[31m=[32m"2"[31m
                        [33mviewBox[31m=[32m"0 0 24 24"[31m
                        [33mwidth[31m=[32m"18"[31m
                        [33mxmlns[31m=[32m"http://www.w3.org/2000/svg"[31m
                      [36m>[31m
                        [36m<path[31m
                          [33md[31m=[32m"M15 3h6v6"[31m
                        [36m/>[31m
                        [36m<path[31m
                          [33md[31m=[32m"M10 14 21 3"[31m
                        [36m/>[31m
                        [36m<path[31m
                          [33md[31m=[32m"M18 13v6a2 2 0 0 1-2 2H5a2 2 0 0 1-2-2V8a2 2 0 0 1 2-2h6"[31m
                        [36m/>[31m
                      [36m</svg>[31m
                    [36m</button>[31m
                  [36m</div>[31m
                [36m</td>[31m
              [36m</tr>[31m
            [36m</tbody>[31m
          [36m</table>[31m
        [36m</div>[31m
        [36m<div[31m
          [33mclass[31m=[32m"px-6 py-4 bg-gray-50 dark:bg-gray-900/50 border-t border-gray-100 dark:border-gray-700 flex items-center justify-between"[31m
        [36m>[31m
          [36m<span[31m
            [33mclass[31m=[32m"text-sm text-gray-500"[31m
          [36m>[31m
            [0mPage [0m
            [0m1[0m
            [0m sur [0m
            [0m1[0m
          [36m</span>[31m
          [36m<div[31m
            [33mclass[31m=[32m"flex space-x-2"[31m
          [36m>[31m
            [36m<button[31m
              [33mclass[31m=[32m"px-4 py-2 text-sm font-medium text-gray-600 bg-white dark:bg-gray-800 border border-gray-200 dark:border-gray-700 rounded-lg disabled:opacity-50"[31m
              [33mdisabled[31m=[32m""[31m
            [36m>[31m
              [0mPr├®c├®dent[0m
            [36m</button>[31m
            [36m<button[31m
              [33mclass[31m=[32m"px-4 py-2 text-sm font-medium text-gray-600 bg-white dark:bg-gray-800 border border-gray-200 dark:border-gray-700 rounded-lg disabled:opacity-50"[31m
              [33mdisabled[31m=[32m""[31m
            [36m>[31m
              [0mSuivant[0m
            [36m</button>[31m
          [36m</div>[31m
        [36m</div>[31m
      [36m</div>[31m
    [36m</div>[31m
  [36m</div>[31m
[36m</body>[31m

Ignored nodes: comments, script, style
[36m<html>[31m
  [36m<head />[31m
  [36m<body>[31m
    [36m<div>[31m
      [36m<div[31m
        [33mclass[31m=[32m"space-y-6 animate-in fade-in slide-in-from-bottom-4 duration-500"[31m
      [36m>[31m
        [36m<div[31m
          [33mclass[31m=[32m"flex justify-between items-center"[31m
        [36m>[31m
          [36m<div>[31m
            [36m<h1[31m
              [33mclass[31m=[32m"text-3xl font-extrabold text-gray-900 dark:text-white tracking-tight"[31m
            [36m>[31m
              [0mTransactions[0m
            [36m</h1>[31m
            [36m<p[31m
              [33mclass[31m=[32m"text-gray-500 dark:text-gray-400"[31m
            [36m>[31m
              [0mG├®rer les demandes d'occupation et r├®servations avec pr├®cision[0m
            [36m</p>[31m
          [36m</div>[31m
        [36m</div>[31m
        [36m<div[31m
          [33mclass[31m=[32m"flex flex-col md:flex-row gap-4 items-center justify-between bg-white dark:bg-gray-800 p-4 rounded-2xl shadow-sm border border-gray-100 dark:border-gray-700"[31m
        [36m>[31m
          [36m<div[31m
            [33mclass[31m=[32m"relative w-full md:w-96"[31m
          [36m>[31m
            [36m<svg[31m
              [33maria-hidden[31m=[32m"true"[31m
              [33mclass[31m=[32m"lucide lucide-search absolute left-3 top-1/2 -translate-y-1/2 text-gray-400"[31m
              [33mfill[31m=[32m"none"[31m
              [33mheight[31m=[32m"18"[31m
              [33mstroke[31m=[32m"currentColor"[31m
              [33mstroke-linecap[31m=[32m"round"[31m
              [33mstroke-linejoin[31m=[32m"round"[31m
              [33mstroke-width[31m=[32m"2"[31m
              [33mviewBox[31m=[32m"0 0 24 24"[31m
              [33mwidth[31m=[32m"18"[31m
              [33mxmlns[31m=[32m"http://www.w3.org/2000/svg"[31m
            [36m>[31m
              [36m<path[31m
                [33md[31m=[32m"m21 21-4.34-4.34"[31m
              [36m/>[31m
              [36m<circle[31m
                [33mcx[31m=[32m"11"[31m
                [33mcy[31m=[32m"11"[31m
                [33mr[31m=[32m"8"[31m
              [36m/>[31m
            [36m</svg>[31m
            [36m<input[31m
              [33mclass[31m=[32m"w-full pl-10 pr-4 py-2.5 rounded-xl border border-gray-200 dark:border-gray-700 focus:outline-none focus:ring-2 focus:ring-blue-500 dark:bg-gray-900 transition-all"[31m
              [33mplaceholder[31m=[32m"Rechercher par logement ou client..."[31m
              [33mtype[31m=[32m"text"[31m
              [33mvalue[31m=[32m""[31m
            [36m/>[31m
          [36m</div>[31m
          [36m<div[31m
            [33mclass[31m=[32m"flex items-center gap-4 w-full md:w-auto"[31m
          [36m>[31m
            [36m<div[31m
              [33mclass[31m=[32m"flex items-center gap-2 bg-gray-50 dark:bg-gray-900 px-3 py-2 rounded-xl border border-gray-200 dark:border-gray-700"[31m
            [36m>[31m
              [36m<svg[31m
                [33maria-hidden[31m=[32m"true"[31m
                [33mclass[31m=[32m"lucide lucide-funnel text-gray-400"[31m
                [33mfill[31m=[32m"none"[31m
                [33mheight[31m=[32m"18"[31m
                [33mstroke[31m=[32m"currentColor"[31m
                [33mstroke-linecap[31m=[32m"round"[31m
                [33mstroke-linejoin[31m=[32m"round"[31m
                [33mstroke-width[31m=[32m"2"[31m
                [33mviewBox[31m=[32m"0 0 24 24"[31m
                [33mwidth[31m=[32m"18"[31m
                [33mxmlns[31m=[32m"http://www.w3.org/2000/svg"[31m
              [36m>[31m
                [36m<path[31m
                  [33md[31m=[32m"M10 20a1 1 0 0 0 .553.895l2 1A1 1 0 0 0 14 21v-7a2 2 0 0 1 .517-1.341L21.74 4.67A1 1 0 0 0 21 3H3a1 1 0 0 0-.742 1.67l7.225 7.989A2 2 0 0 1 10 14z"[31m
                [36m/>[31m
              [36m</svg>[31m
              [36m<select[31m
                [33mclass[31m=[32m"bg-transparent border-none focus:ring-0 text-sm font-medium text-gray-700 dark:text-gray-300 outline-none"[31m
              [36m>[31m
                [36m<option[31m
                  [33mvalue[31m=[32m""[31m
                [36m>[31m
                  [0mTous les statuts[0m
                [36m</option>[31m
                [36m<option[31m
                  [33mvalue[31m=[32m"PENDING"[31m
                [36m>[31m
                  [0mEn attente[0m
                [36m</option>[31m
                [36m<option[31m
                  [33mvalue[31m=[32m"VALIDATED"[31m
                [36m>[31m
                  [0mValid├®[0m
                [36m</option>[31m
                [36m<option[31m
                  [33mvalue[31m=[32m"CANCELLED"[31m
                [36m>[31m
                  [0mAnnul├®[0m
                [36m</option>[31m
                [36m<option[31m
                  [33mvalue[31m=[32m"COMPLETED"[31m
                [36m>[31m
                  [0mTermin├®[0m
                [36m</option>[31m
                [36m<option[31m
                  [33mvalue[31m=[32m"EXPIRED"[31m
                [36m>[31m
                  [0mExpir├®[0m
                [36m</option>[31m
              [36m</select>[31m
            [36m</div>[31m
          [36m</div>[31m
        [36m</div>[31m
        [36m<div[31m
          [33mclass[31m=[32m"bg-white dark:bg-gray-800 rounded-2xl border border-gray-100 dark:border-gray-700 shadow-sm overflow-hidden"[31m
        [36m>[31m
          [36m<div[31m
            [33mclass[31m=[32m"overflow-x-auto"[31m
          [36m>[31m
            [36m<table[31m
              [33mclass[31m=[32m"w-full text-left"[31m
            [36m>[31m
              [36m<thead>[31m
                [36m<tr[31m
                  [33mclass[31m=[32m"bg-gray-50 dark:bg-gray-900/50 border-b border-gray-100 dark:border-gray-700"[31m
                [36m>[31m
                  [36m<th[31m
                    [33mclass[31m=[32m"px-6 py-4 text-xs font-semibold text-gray-500 uppercase tracking-wider"[31m
                  [36m>[31m
                    [0mID[0m
                  [36m</th>[31m
                  [36m<th[31m
                    [33mclass[31m=[32m"px-6 py-4 text-xs font-semibold text-gray-500 uppercase tracking-wider"[31m
                  [36m>[31m
                    [0mLogement[0m
                  [36m</th>[31m
                  [36m<th[31m
                    [33mclass[31m=[32m"px-6 py-4 text-xs font-semibold text-gray-500 uppercase tracking-wider"[31m
                  [36m>[31m
                    [0mClient[0m
                  [36m</th>[31m
                  [36m<th[31m
                    [33mclass[31m=[32m"px-6 py-4 text-xs font-semibold text-gray-500 uppercase tracking-wider"[31m
             ...[39m
 [32mÔ£ô[39m src/pages/admin/AdminTransactions.test.jsx[2m > [22mAdminTransactions Component[2m > [22mhandles empty transaction list[32m 29[2mms[22m[39m
 [31m├ù[39m src/pages/admin/AdminDisputes.test.jsx[2m > [22mAdminDisputes Component[2m > [22mfilters disputes by status[33m 1043[2mms[22m[39m
[31m   ÔåÆ Unable to find an element with the text: Test. This could be because the text is broken up by multiple elements. In this case, you can provide a function for your text matcher to make your matcher more flexible.

Ignored nodes: comments, script, style
[36m<body>[31m
  [36m<div />[31m
[36m</body>[31m

Ignored nodes: comments, script, style
[36m<html>[31m
  [36m<head />[31m
  [36m<body>[31m
    [36m<div />[31m
  [36m</body>[31m
[36m</html>[31m[39m
 [32mÔ£ô[39m src/pages/admin/AdminDisputes.test.jsx[2m > [22mAdminDisputes Component[2m > [22mhandles empty disputes list[32m 91[2mms[22m[39m
 [32mÔ£ô[39m src/components/payments/PaymentForm.test.jsx[2m > [22mPaymentForm Component[2m > [22mrenders correctly with initial state[32m 212[2mms[22m[39m
 [32mÔ£ô[39m src/components/payments/PaymentForm.test.jsx[2m > [22mPaymentForm Component[2m > [22mvalidates phone number on submission[32m 57[2mms[22m[39m
 [32mÔ£ô[39m src/components/payments/PaymentForm.test.jsx[2m > [22mPaymentForm Component[2m > [22mcalls initiatePayment and shows success state[33m 642[2mms[22m[39m
 [32mÔ£ô[39m src/components/payments/PaymentForm.test.jsx[2m > [22mPaymentForm Component[2m > [22mswitches payment methods[32m 156[2mms[22m[39m
 [32mÔ£ô[39m src/pages/Login.test.jsx[2m > [22mLogin Component[2m > [22mrenders login form correctly[33m 488[2mms[22m[39m
 [32mÔ£ô[39m src/pages/Login.test.jsx[2m > [22mLogin Component[2m > [22mhandles successful login[32m 191[2mms[22m[39m
 [32mÔ£ô[39m src/pages/Login.test.jsx[2m > [22mLogin Component[2m > [22mdisplays error message on failed login[32m 236[2mms[22m[39m
 [32mÔ£ô[39m src/pages/AddProperty.test.jsx[2m > [22mAddProperty Integration[2m > [22mshows validation errors for empty fields[33m 882[2mms[22m[39m
 [2m[90mÔåô[39m[22m src/pages/AddProperty.test.jsx[2m > [22mAddProperty Integration[2m > [22msuccessfully submits the form with valid data
 [32mÔ£ô[39m src/pages/Register.test.jsx[2m > [22mRegister Component[2m > [22mrenders registration form correctly[32m 273[2mms[22m[39m
 [32mÔ£ô[39m src/pages/Register.test.jsx[2m > [22mRegister Component[2m > [22mshows document upload fields when Demarcheur role is selected[32m 109[2mms[22m[39m
 [32mÔ£ô[39m src/pages/Register.test.jsx[2m > [22mRegister Component[2m > [22mhandles successful registration for Locataire[33m 859[2mms[22m[39m
 [32mÔ£ô[39m src/pages/Register.test.jsx[2m > [22mRegister Component[2m > [22mhandles successful registration for Demarcheur[32m 285[2mms[22m[39m
 [32mÔ£ô[39m src/pages/Settings.test.jsx[2m > [22mSettings Component[2m > [22mrenders settings page title[32m 216[2mms[22m[39m
 [32mÔ£ô[39m src/pages/Settings.test.jsx[2m > [22mSettings Component[2m > [22mrenders password change section[32m 45[2mms[22m[39m
 [32mÔ£ô[39m src/pages/Settings.test.jsx[2m > [22mSettings Component[2m > [22mrenders notifications section[33m 720[2mms[22m[39m
 [32mÔ£ô[39m src/pages/MandateDashboard.test.jsx[2m > [22mMandateDashboard[2m > [22mrenders correctly and fetches mandates[32m 268[2mms[22m[39m
[90mstderr[2m | src/pages/MandateDashboard.test.jsx[2m > 
[22m[2mMandateDashboard[2m > [22m[2mopens create modal on click
[22m[39mAn update to MandateDashboard inside a test was not 
wrapped in act(...).

When testing, code that causes React state updates should be 
wrapped into act(...):

act(() => {
  /* fire events that update state */
});
/* assert on the output */

This ensures that you're testing the behavior the user would see in 
the browser. Learn more at 
https://react.dev/link/wrap-tests-with-act
An update to MandateDashboard inside a test was not wrapped in 
act(...).

When testing, code that causes React state updates should be 
wrapped into act(...):

act(() => {
  /* fire events that update state */
});
/* assert on the output */

This ensures that you're testing the behavior the user would see in 
the browser. Learn more at 
https://react.dev/link/wrap-tests-with-act
An update to MandateDashboard inside a test was not wrapped in 
act(...).

When testing, code that causes React state updates should be 
wrapped into act(...):

act(() => {
  /* fire events that update state */
});
/* assert on the output */

This ensures that you're testing the behavior the user would see in 
the browser. Learn more at 
https://react.dev/link/wrap-tests-with-act

 [32mÔ£ô[39m src/pages/MandateDashboard.test.jsx[2m > [22mMandateDashboard[2m > [22mshows sign button for owner if not signed[32m 94[2mms[22m[39m
 [32mÔ£ô[39m src/pages/MandateDashboard.test.jsx[2m > [22mMandateDashboard[2m > [22mopens create modal on click[32m 158[2mms[22m[39m
[90mstderr[2m | src/pages/PropertyDetails.test.jsx[2m > 
[22m[2mPropertyDetails Component[2m > [22m[2mrenders loading 
state initially
[22m[39mNo routes matched location "/" 

 [32mÔ£ô[39m src/pages/PropertyDetails.test.jsx[2m > [22mPropertyDetails Component[2m > [22mrenders loading state initially[32m 43[2mms[22m[39m
 [2m[90mÔåô[39m[22m src/pages/PropertyDetails.test.jsx[2m > [22mPropertyDetails Integration[2m > [22mdisplays property details after fetching
 [2m[90mÔåô[39m[22m src/pages/PropertyDetails.test.jsx[2m > [22mPropertyDetails Integration[2m > [22mopens contact modal when logged in user clicks contact
[90mstderr[2m | src/pages/PropertyDetails.test.jsx[2m > 
[22m[2mPropertyDetails Integration[2m > [22m[2mdisplays error 
message when fetch fails
[22m[39mErreur lors du chargement du logement: Error: Network 
error
    at C:/Users/codeshester0011/Desktop/NLoger/frontend/src/pages/Pr
opertyDetails.test.jsx:134:36
    at [90mfile:///C:/Users/codeshester0011/Desktop/NLoger/frontend
/[39mnode_modules/[4m@vitest/runner[24m/dist/index.js:145:11
    at [90mfile:///C:/Users/codeshester0011/Desktop/NLoger/frontend
/[39mnode_modules/[4m@vitest/runner[24m/dist/index.js:915:26
    at [90mfile:///C:/Users/codeshester0011/Desktop/NLoger/frontend
/[39mnode_modules/[4m@vitest/runner[24m/dist/index.js:1243:20
    at new Promise (<anonymous>)
    at runWithTimeout [90m(file:///C:/Users/codeshester0011/Desktop
/NLoger/frontend/[39mnode_modules/[4m@vitest/runner[24m/dist/inde
x.js:1209:10[90m)[39m
    at [90mfile:///C:/Users/codeshester0011/Desktop/NLoger/frontend
/[39mnode_modules/[4m@vitest/runner[24m/dist/index.js:1653:37
    at Traces.$ [90m(file:///C:/Users/codeshester0011/Desktop/NLoge
r/frontend/[39mnode_modules/[4mvitest[24m/dist/chunks/traces.U4xD
YhzZ.js:115:27[90m)[39m
    at trace [90m(file:///C:/Users/codeshester0011/Desktop/NLoger/f
rontend/[39mnode_modules/[4mvitest[24m/dist/chunks/test.B8ej_ZHS.
js:239:21[90m)[39m
    at runTest [90m(file:///C:/Users/codeshester0011/Desktop/NLoger
/frontend/[39mnode_modules/[4m@vitest/runner[24m/dist/index.js:16
53:12[90m)[39m

 [32mÔ£ô[39m src/pages/PropertyDetails.test.jsx[2m > [22mPropertyDetails Integration[2m > [22mredirects to login when not logged in user clicks contact[32m 155[2mms[22m[39m
 [32mÔ£ô[39m src/pages/PropertyDetails.test.jsx[2m > [22mPropertyDetails Integration[2m > [22mdisplays error message when fetch fails[32m 38[2mms[22m[39m
 [32mÔ£ô[39m src/components/payments/EscrowStatus.test.jsx[2m > [22mEscrowStatus Component[2m > [22mrenders HOLDING status correctly[32m 271[2mms[22m[39m
 [32mÔ£ô[39m src/components/payments/EscrowStatus.test.jsx[2m > [22mEscrowStatus Component[2m > [22mrenders RELEASED status correctly[32m 29[2mms[22m[39m
 [32mÔ£ô[39m src/components/payments/EscrowStatus.test.jsx[2m > [22mEscrowStatus Component[2m > [22mrenders REFUNDED status correctly[32m 44[2mms[22m[39m
 [32mÔ£ô[39m src/pages/MyVisits.test.jsx[2m > [22mMyVisits[2m > [22mrenders visits and shows code for visitor[32m 194[2mms[22m[39m
 [32mÔ£ô[39m src/components/PropertyCard.test.jsx[2m > [22mPropertyCard Component[2m > [22mrenders property details information[32m 154[2mms[22m[39m
 [32mÔ£ô[39m src/components/PropertyCard.test.jsx[2m > [22mPropertyCard Component[2m > [22mrenders the correct property type label[32m 15[2mms[22m[39m
 [32mÔ£ô[39m src/components/Navbar.test.jsx[2m > [22mNavbar Component[2m > [22mrenders the logo and navigation items[32m 84[2mms[22m[39m

[31mÔÄ»ÔÄ»ÔÄ»ÔÄ»ÔÄ»ÔÄ»[39m[1m[41m Failed Suites 1 
[49m[22m[31mÔÄ»ÔÄ»ÔÄ»ÔÄ»ÔÄ»ÔÄ»ÔÄ»[39m

[41m[1m FAIL [22m[49m src/pages/PropertyList.test.jsx[2m [ 
src/pages/PropertyList.test.jsx ][22m
[31m[1mError[22m: Failed to resolve import "../api/api" from 
"src/pages/PropertyList.test.jsx". Does the file exist?[39m
  Plugin: [35mvite:import-analysis[39m
  File: [36mC:/Users/codeshester0011/Desktop/NLoger/frontend/src/pa
ges/PropertyList.test.jsx[39m:32:0
[33m  17 |  const __vi_import_2__ = await 
import("react-router-dom");
  18 |  const __vi_import_3__ = await import("./Properties");
  19 |  const __vi_import_4__ = await import("../api/api");
     |                                       ^
  20 |  
  21 |  [39m
[90m [2mÔØ»[22m TransformPluginContext._formatLog 
node_modules/vite/dist/node/chunks/config.js:[2m28998:43[22m[39m
[90m [2mÔØ»[22m TransformPluginContext.error 
node_modules/vite/dist/node/chunks/config.js:[2m28995:14[22m[39m
[90m [2mÔØ»[22m normalizeUrl 
node_modules/vite/dist/node/chunks/config.js:[2m27118:18[22m[39m
[90m [2mÔØ»[22m 
node_modules/vite/dist/node/chunks/config.js:[2m27176:32[22m[39m
[90m [2mÔØ»[22m TransformPluginContext.transform 
node_modules/vite/dist/node/chunks/config.js:[2m27144:4[22m[39m
[90m [2mÔØ»[22m EnvironmentPluginContainer.transform 
node_modules/vite/dist/node/chunks/config.js:[2m28796:14[22m[39m
[90m [2mÔØ»[22m loadAndTransform 
node_modules/vite/dist/node/chunks/config.js:[2m22669:26[22m[39m

[31m[2mÔÄ»ÔÄ»ÔÄ»ÔÄ»ÔÄ»ÔÄ»ÔÄ»ÔÄ»ÔÄ»ÔÄ»ÔÄ»ÔÄ»ÔÄ»ÔÄ»ÔÄ»ÔÄ»ÔÄ»ÔÄ»ÔÄ»ÔÄ
»ÔÄ»ÔÄ»ÔÄ»[1/11]ÔÄ»[22m[39m


[31mÔÄ»ÔÄ»ÔÄ»ÔÄ»ÔÄ»ÔÄ»[39m[1m[41m Failed Tests 10 
[49m[22m[31mÔÄ»ÔÄ»ÔÄ»ÔÄ»ÔÄ»ÔÄ»ÔÄ»[39m

[41m[1m FAIL [22m[49m 
src/pages/admin/AdminDashboard.test.jsx[2m > [22mAdminDashboard 
Component[2m > [22mrenders loading state initially
[31m[1mTestingLibraryElementError[22m: Unable to find an 
accessible element with the role "progressbar"

There are no accessible roles. But there might be some inaccessible 
roles. If you wish to access them, then set the `hidden` option to 
`true`. Learn more about this here: https://testing-library.com/docs
/dom-testing-library/api-queries#byrole

Ignored nodes: comments, script, style
[36m<body>[31m
  [36m<div>[31m
    [36m<div[31m
      [33mclass[31m=[32m"flex items-center justify-center 
min-h-[400px]"[31m
    [36m>[31m
      [36m<div[31m
        [33mclass[31m=[32m"animate-spin rounded-full h-12 w-12 
border-t-2 border-b-2 border-blue-500"[31m
      [36m/>[31m
    [36m</div>[31m
  [36m</div>[31m
[36m</body>[31m[39m
[90m [2mÔØ»[22m Object.getElementError 
node_modules/@testing-library/dom/dist/config.js:[2m37:19[22m[39m
[90m [2mÔØ»[22m node_modules/@testing-library/dom/dist/query-help
ers.js:[2m76:38[22m[39m
[90m [2mÔØ»[22m node_modules/@testing-library/dom/dist/query-help
ers.js:[2m52:17[22m[39m
[90m [2mÔØ»[22m node_modules/@testing-library/dom/dist/query-help
ers.js:[2m95:19[22m[39m
[36m [2mÔØ»[22m 
src/pages/admin/AdminDashboard.test.jsx:[2m29:19[22m[39m
    [90m 27| [39m    )[33m;[39m
    [90m 28| [39m    
    [90m 29| [39m    expect(screen.getByRole('progressbar') || 
document.querySelector('ÔÇª
    [90m   | [39m                  [31m^[39m
    [90m 30| [39m  })[33m;[39m
    [90m 31| [39m

[31m[2mÔÄ»ÔÄ»ÔÄ»ÔÄ»ÔÄ»ÔÄ»ÔÄ»ÔÄ»ÔÄ»ÔÄ»ÔÄ»ÔÄ»ÔÄ»ÔÄ»ÔÄ»ÔÄ»ÔÄ»ÔÄ»ÔÄ»ÔÄ
»ÔÄ»ÔÄ»ÔÄ»[2/11]ÔÄ»[22m[39m

[41m[1m FAIL [22m[49m 
src/pages/admin/AdminDisputes.test.jsx[2m > [22mAdminDisputes 
Component[2m > [22mrenders disputes list
[31m[1mTestingLibraryElementError[22m: Unable to find an element 
with the text: Logement non conforme. This could be because the 
text is broken up by multiple elements. In this case, you can 
provide a function for your text matcher to make your matcher more 
flexible.

Ignored nodes: comments, script, style
[36m<body>[31m
  [36m<div />[31m
[36m</body>[31m

Ignored nodes: comments, script, style
[36m<html>[31m
  [36m<head />[31m
  [36m<body>[31m
    [36m<div />[31m
  [36m</body>[31m
[36m</html>[31m[39m
[90m [2mÔØ»[22m Proxy.waitForWrapper node_modules/@testing-librar
y/dom/dist/wait-for.js:[2m163:27[22m[39m
[36m [2mÔØ»[22m 
src/pages/admin/AdminDisputes.test.jsx:[2m57:11[22m[39m
    [90m 55| [39m    )[33m;[39m
    [90m 56| [39m    
    [90m 57| [39m    [35mawait[39m [34mwaitFor[39m(() 
[33m=>[39m {
    [90m   | [39m          [31m^[39m
    [90m 58| [39m      expect(screen.getByText('Logement non 
conforme')).toBeInTheDocumÔÇª
    [90m 59| [39m      expect(screen.getByText('Probl├¿me de 
paiement')).toBeInTheDocumeÔÇª

[31m[2mÔÄ»ÔÄ»ÔÄ»ÔÄ»ÔÄ»ÔÄ»ÔÄ»ÔÄ»ÔÄ»ÔÄ»ÔÄ»ÔÄ»ÔÄ»ÔÄ»ÔÄ»ÔÄ»ÔÄ»ÔÄ»ÔÄ»ÔÄ
»ÔÄ»ÔÄ»ÔÄ»[3/11]ÔÄ»[22m[39m

[41m[1m FAIL [22m[49m 
src/pages/admin/AdminDisputes.test.jsx[2m > [22mAdminDisputes 
Component[2m > [22mresolves dispute with full refund
[31m[1mTestingLibraryElementError[22m: Unable to find an element 
with the text: Logement non conforme. This could be because the 
text is broken up by multiple elements. In this case, you can 
provide a function for your text matcher to make your matcher more 
flexible.

Ignored nodes: comments, script, style
[36m<body>[31m
  [36m<div />[31m
[36m</body>[31m

Ignored nodes: comments, script, style
[36m<html>[31m
  [36m<head />[31m
  [36m<body>[31m
    [36m<div />[31m
  [36m</body>[31m
[36m</html>[31m[39m
[90m [2mÔØ»[22m Proxy.waitForWrapper node_modules/@testing-librar
y/dom/dist/wait-for.js:[2m163:27[22m[39m
[36m [2mÔØ»[22m 
src/pages/admin/AdminDisputes.test.jsx:[2m93:11[22m[39m
    [90m 91| [39m    )[33m;[39m
    [90m 92| [39m    
    [90m 93| [39m    [35mawait[39m [34mwaitFor[39m(() 
[33m=>[39m {
    [90m   | [39m          [31m^[39m
    [90m 94| [39m      expect(screen.getByText('Logement non 
conforme')).toBeInTheDocumÔÇª
    [90m 95| [39m    })[33m;[39m

[31m[2mÔÄ»ÔÄ»ÔÄ»ÔÄ»ÔÄ»ÔÄ»ÔÄ»ÔÄ»ÔÄ»ÔÄ»ÔÄ»ÔÄ»ÔÄ»ÔÄ»ÔÄ»ÔÄ»ÔÄ»ÔÄ»ÔÄ»ÔÄ
»ÔÄ»ÔÄ»ÔÄ»[4/11]ÔÄ»[22m[39m

[41m[1m FAIL [22m[49m 
src/pages/admin/AdminDisputes.test.jsx[2m > [22mAdminDisputes 
Component[2m > [22mresolves dispute with partial refund
[31m[1mTestingLibraryElementError[22m: Unable to find an element 
with the text: Probl├¿me mineur. This could be because the text is 
broken up by multiple elements. In this case, you can provide a 
function for your text matcher to make your matcher more flexible.

Ignored nodes: comments, script, style
[36m<body>[31m
  [36m<div />[31m
[36m</body>[31m

Ignored nodes: comments, script, style
[36m<html>[31m
  [36m<head />[31m
  [36m<body>[31m
    [36m<div />[31m
  [36m</body>[31m
[36m</html>[31m[39m
[90m [2mÔØ»[22m Proxy.waitForWrapper node_modules/@testing-librar
y/dom/dist/wait-for.js:[2m163:27[22m[39m
[36m [2mÔØ»[22m 
src/pages/admin/AdminDisputes.test.jsx:[2m145:11[22m[39m
    [90m143| [39m    )[33m;[39m
    [90m144| [39m    
    [90m145| [39m    [35mawait[39m [34mwaitFor[39m(() 
[33m=>[39m {
    [90m   | [39m          [31m^[39m
    [90m146| [39m      [34mexpect[39m(screen[33m.[39m[34mgetB
yText[39m([32m'Probl├¿me 
mineur'[39m))[33m.[39m[34mtoBeInTheDocument[39m()[33m;[39m
    [90m147| [39m    })[33m;[39m

[31m[2mÔÄ»ÔÄ»ÔÄ»ÔÄ»ÔÄ»ÔÄ»ÔÄ»ÔÄ»ÔÄ»ÔÄ»ÔÄ»ÔÄ»ÔÄ»ÔÄ»ÔÄ»ÔÄ»ÔÄ»ÔÄ»ÔÄ»ÔÄ
»ÔÄ»ÔÄ»ÔÄ»[5/11]ÔÄ»[22m[39m

[41m[1m FAIL [22m[49m 
src/pages/admin/AdminDisputes.test.jsx[2m > [22mAdminDisputes 
Component[2m > [22mresolves dispute with no refund
[31m[1mTestingLibraryElementError[22m: Unable to find an element 
with the text: R├®clamation non fond├®e. This could be because the 
text is broken up by multiple elements. In this case, you can 
provide a function for your text matcher to make your matcher more 
flexible.

Ignored nodes: comments, script, style
[36m<body>[31m
  [36m<div />[31m
[36m</body>[31m

Ignored nodes: comments, script, style
[36m<html>[31m
  [36m<head />[31m
  [36m<body>[31m
    [36m<div />[31m
  [36m</body>[31m
[36m</html>[31m[39m
[90m [2mÔØ»[22m Proxy.waitForWrapper node_modules/@testing-librar
y/dom/dist/wait-for.js:[2m163:27[22m[39m
[36m [2mÔØ»[22m 
src/pages/admin/AdminDisputes.test.jsx:[2m190:11[22m[39m
    [90m188| [39m    )[33m;[39m
    [90m189| [39m    
    [90m190| [39m    [35mawait[39m [34mwaitFor[39m(() 
[33m=>[39m {
    [90m   | [39m          [31m^[39m
    [90m191| [39m      expect(screen.getByText('R├®clamation non 
fond├®e')).toBeInTheDocuÔÇª
    [90m192| [39m    })[33m;[39m

[31m[2mÔÄ»ÔÄ»ÔÄ»ÔÄ»ÔÄ»ÔÄ»ÔÄ»ÔÄ»ÔÄ»ÔÄ»ÔÄ»ÔÄ»ÔÄ»ÔÄ»ÔÄ»ÔÄ»ÔÄ»ÔÄ»ÔÄ»ÔÄ
»ÔÄ»ÔÄ»ÔÄ»[6/11]ÔÄ»[22m[39m

[41m[1m FAIL [22m[49m 
src/pages/admin/AdminDisputes.test.jsx[2m > [22mAdminDisputes 
Component[2m > [22mfilters disputes by status
[31m[1mTestingLibraryElementError[22m: Unable to find an element 
with the text: Test. This could be because the text is broken up by 
multiple elements. In this case, you can provide a function for 
your text matcher to make your matcher more flexible.

Ignored nodes: comments, script, style
[36m<body>[31m
  [36m<div />[31m
[36m</body>[31m

Ignored nodes: comments, script, style
[36m<html>[31m
  [36m<head />[31m
  [36m<body>[31m
    [36m<div />[31m
  [36m</body>[31m
[36m</html>[31m[39m
[90m [2mÔØ»[22m Proxy.waitForWrapper node_modules/@testing-librar
y/dom/dist/wait-for.js:[2m163:27[22m[39m
[36m [2mÔØ»[22m 
src/pages/admin/AdminDisputes.test.jsx:[2m230:11[22m[39m
    [90m228| [39m    )[33m;[39m
    [90m229| [39m    
    [90m230| [39m    [35mawait[39m [34mwaitFor[39m(() 
[33m=>[39m {
    [90m   | [39m          [31m^[39m
    [90m231| [39m      [34mexpect[39m(screen[33m.[39m[34mgetB
yText[39m([32m'Test'[39m))[33m.[39m[34mtoBeInTheDocument[39m(
)[33m;[39m
    [90m232| [39m    })[33m;[39m

[31m[2mÔÄ»ÔÄ»ÔÄ»ÔÄ»ÔÄ»ÔÄ»ÔÄ»ÔÄ»ÔÄ»ÔÄ»ÔÄ»ÔÄ»ÔÄ»ÔÄ»ÔÄ»ÔÄ»ÔÄ»ÔÄ»ÔÄ»ÔÄ
»ÔÄ»ÔÄ»ÔÄ»[7/11]ÔÄ»[22m[39m

[41m[1m FAIL [22m[49m 
src/pages/admin/AdminTransactions.test.jsx[2m > 
[22mAdminTransactions Component[2m > [22mrenders transactions 
list
[31m[1mTestingLibraryElementError[22m[39m: Unable to find an 
element with the text: tenant1. This could be because the text is 
broken up by multiple elements. In this case, you can provide a 
function for your text matcher to make your matcher more flexible.

Ignored nodes: comments, script, style
[36m<body>[39m
  [36m<div>[39m
    [36m<div[39m
      [33mclass[39m=[32m"space-y-6 animate-in fade-in 
slide-in-from-bottom-4 duration-500"[39m
    [36m>[39m
      [36m<div[39m
        [33mclass[39m=[32m"flex justify-between 
items-center"[39m
      [36m>[39m
        [36m<div>[39m
          [36m<h1[39m
            [33mclass[39m=[32m"text-3xl font-extrabold 
text-gray-900 dark:text-white tracking-tight"[39m
          [36m>[39m
            [0mTransactions[0m
          [36m</h1>[39m
          [36m<p[39m
            [33mclass[39m=[32m"text-gray-500 
dark:text-gray-400"[39m
          [36m>[39m
            [0mG├®rer les demandes d'occupation et r├®servations 
avec pr├®cision[0m
          [36m</p>[39m
        [36m</div>[39m
      [36m</div>[39m
      [36m<div[39m
        [33mclass[39m=[32m"flex flex-col md:flex-row gap-4 
items-center justify-between bg-white dark:bg-gray-800 p-4 
rounded-2xl shadow-sm border border-gray-100 
dark:border-gray-700"[39m
      [36m>[39m
        [36m<div[39m
          [33mclass[39m=[32m"relative w-full md:w-96"[39m
        [36m>[39m
          [36m<svg[39m
            [33maria-hidden[39m=[32m"true"[39m
            [33mclass[39m=[32m"lucide lucide-search absolute 
left-3 top-1/2 -translate-y-1/2 text-gray-400"[39m
            [33mfill[39m=[32m"none"[39m
            [33mheight[39m=[32m"18"[39m
            [33mstroke[39m=[32m"currentColor"[39m
            [33mstroke-linecap[39m=[32m"round"[39m
            [33mstroke-linejoin[39m=[32m"round"[39m
            [33mstroke-width[39m=[32m"2"[39m
            [33mviewBox[39m=[32m"0 0 24 24"[39m
            [33mwidth[39m=[32m"18"[39m
            [33mxmlns[39m=[32m"http://www.w3.org/2000/svg"[39m
          [36m>[39m
            [36m<path[39m
              [33md[39m=[32m"m21 21-4.34-4.34"[39m
            [36m/>[39m
            [36m<circle[39m
              [33mcx[39m=[32m"11"[39m
              [33mcy[39m=[32m"11"[39m
              [33mr[39m=[32m"8"[39m
            [36m/>[39m
          [36m</svg>[39m
          [36m<input[39m
            [33mclass[39m=[32m"w-full pl-10 pr-4 py-2.5 
rounded-xl border border-gray-200 dark:border-gray-700 
focus:outline-none focus:ring-2 focus:ring-blue-500 
dark:bg-gray-900 transition-all"[39m
            [33mplaceholder[39m=[32m"Rechercher par logement ou 
client..."[39m
            [33mtype[39m=[32m"text"[39m
            [33mvalue[39m=[32m""[39m
          [36m/>[39m
        [36m</div>[39m
        [36m<div[39m
          [33mclass[39m=[32m"flex items-center gap-4 w-full 
md:w-auto"[39m
        [36m>[39m
          [36m<div[39m
            [33mclass[39m=[32m"flex items-center gap-2 
bg-gray-50 dark:bg-gray-900 px-3 py-2 rounded-xl border 
border-gray-200 dark:border-gray-700"[39m
          [36m>[39m
            [36m<svg[39m
              [33maria-hidden[39m=[32m"true"[39m
              [33mclass[39m=[32m"lucide lucide-funnel 
text-gray-400"[39m
              [33mfill[39m=[32m"none"[39m
              [33mheight[39m=[32m"18"[39m
              [33mstroke[39m=[32m"currentColor"[39m
              [33mstroke-linecap[39m=[32m"round"[39m
              [33mstroke-linejoin[39m=[32m"round"[39m
              [33mstroke-width[39m=[32m"2"[39m
              [33mviewBox[39m=[32m"0 0 24 24"[39m
              [33mwidth[39m=[32m"18"[39m
              [33mxmlns[39m=[32m"http://www.w3.org/2000/svg"[39m
            [36m>[39m
              [36m<path[39m
                [33md[39m=[32m"M10 20a1 1 0 0 0 .553.895l2 1A1 1 
0 0 0 14 21v-7a2 2 0 0 1 .517-1.341L21.74 4.67A1 1 0 0 0 21 3H3a1 1 
0 0 0-.742 1.67l7.225 7.989A2 2 0 0 1 10 14z"[39m
              [36m/>[39m
            [36m</svg>[39m
            [36m<select[39m
              [33mclass[39m=[32m"bg-transparent border-none 
focus:ring-0 text-sm font-medium text-gray-700 dark:text-gray-300 
outline-none"[39m
            [36m>[39m
              [36m<option[39m
                [33mvalue[39m=[32m""[39m
              [36m>[39m
                [0mTous les statuts[0m
              [36m</option>[39m
              [36m<option[39m
                [33mvalue[39m=[32m"PENDING"[39m
              [36m>[39m
                [0mEn attente[0m
              [36m</option>[39m
              [36m<option[39m
                [33mvalue[39m=[32m"VALIDATED"[39m
              [36m>[39m
                [0mValid├®[0m
              [36m</option>[39m
              [36m<option[39m
                [33mvalue[39m=[32m"CANCELLED"[39m
              [36m>[39m
                [0mAnnul├®[0m
              [36m</option>[39m
              [36m<option[39m
                [33mvalue[39m=[32m"COMPLETED"[39m
              [36m>[39m
                [0mTermin├®[0m
              [36m</option>[39m
              [36m<option[39m
                [33mvalue[39m=[32m"EXPIRED"[39m
              [36m>[39m
                [0mExpir├®[0m
              [36m</option>[39m
            [36m</select>[39m
          [36m</div>[39m
        [36m</div>[39m
      [36m</div>[39m
      [36m<div[39m
        [33mclass[39m=[32m"bg-white dark:bg-gray-800 rounded-2xl 
border border-gray-100 dark:border-gray-700 shadow-sm 
overflow-hidden"[39m
      [36m>[39m
        [36m<div[39m
          [33mclass[39m=[32m"overflow-x-auto"[39m
        [36m>[39m
          [36m<table[39m
            [33mclass[39m=[32m"w-full text-left"[39m
          [36m>[39m
            [36m<thead>[39m
              [36m<tr[39m
                [33mclass[39m=[32m"bg-gray-50 
dark:bg-gray-900/50 border-b border-gray-100 
dark:border-gray-700"[39m
              [36m>[39m
                [36m<th[39m
                  [33mclass[39m=[32m"px-6 py-4 text-xs 
font-semibold text-gray-500 uppercase tracking-wider"[39m
                [36m>[39m
                  [0mID[0m
                [36m</th>[39m
                [36m<th[39m
                  [33mclass[39m=[32m"px-6 py-4 text-xs 
font-semibold text-gray-500 uppercase tracking-wider"[39m
                [36m>[39m
                  [0mLogement[0m
                [36m</th>[39m
                [36m<th[39m
                  [33mclass[39m=[32m"px-6 py-4 text-xs 
font-semibold text-gray-500 uppercase tracking-wider"[39m
                [36m>[39m
                  [0mClient[0m
                [36m</th>[39m
                [36m<th[39m
                  [33mclass[39m=[32m"px-6 py-4 text-xs 
font-semibold text-gray-500 uppercase tracking-wider"[39m
                [36m>[39m
                  [0mMessage[0m
                [36m</th>[39m
                [36m<th[39m
                  [33mclass[39m=[32m"px-6 py-4 text-xs 
font-semibold text-gray-500 uppercase tracking-wider"[39m
                [36m>[39m
                  [0mStatut[0m
                [36m</th>[39m
         ...

Ignored nodes: comments, script, style
[36m<html>[39m
  [36m<head />[39m
  [36m<body>[39m
    [36m<div>[39m
      [36m<div[39m
        [33mclass[39m=[32m"space-y-6 animate-in fade-in 
slide-in-from-bottom-4 duration-500"[39m
      [36m>[39m
        [36m<div[39m
          [33mclass[39m=[32m"flex justify-between 
items-center"[39m
        [36m>[39m
          [36m<div>[39m
            [36m<h1[39m
              [33mclass[39m=[32m"text-3xl font-extrabold 
text-gray-900 dark:text-white tracking-tight"[39m
            [36m>[39m
              [0mTransactions[0m
            [36m</h1>[39m
            [36m<p[39m
              [33mclass[39m=[32m"text-gray-500 
dark:text-gray-400"[39m
            [36m>[39m
              [0mG├®rer les demandes d'occupation et r├®servations 
avec pr├®cision[0m
            [36m</p>[39m
          [36m</div>[39m
        [36m</div>[39m
        [36m<div[39m
          [33mclass[39m=[32m"flex flex-col md:flex-row gap-4 
items-center justify-between bg-white dark:bg-gray-800 p-4 
rounded-2xl shadow-sm border border-gray-100 
dark:border-gray-700"[39m
        [36m>[39m
          [36m<div[39m
            [33mclass[39m=[32m"relative w-full md:w-96"[39m
          [36m>[39m
            [36m<svg[39m
              [33maria-hidden[39m=[32m"true"[39m
              [33mclass[39m=[32m"lucide lucide-search absolute 
left-3 top-1/2 -translate-y-1/2 text-gray-400"[39m
              [33mfill[39m=[32m"none"[39m
              [33mheight[39m=[32m"18"[39m
              [33mstroke[39m=[32m"currentColor"[39m
              [33mstroke-linecap[39m=[32m"round"[39m
              [33mstroke-linejoin[39m=[32m"round"[39m
              [33mstroke-width[39m=[32m"2"[39m
              [33mviewBox[39m=[32m"0 0 24 24"[39m
              [33mwidth[39m=[32m"18"[39m
              [33mxmlns[39m=[32m"http://www.w3.org/2000/svg"[39m
            [36m>[39m
              [36m<path[39m
                [33md[39m=[32m"m21 21-4.34-4.34"[39m
              [36m/>[39m
              [36m<circle[39m
                [33mcx[39m=[32m"11"[39m
                [33mcy[39m=[32m"11"[39m
                [33mr[39m=[32m"8"[39m
              [36m/>[39m
            [36m</svg>[39m
            [36m<input[39m
              [33mclass[39m=[32m"w-full pl-10 pr-4 py-2.5 
rounded-xl border border-gray-200 dark:border-gray-700 
focus:outline-none focus:ring-2 focus:ring-blue-500 
dark:bg-gray-900 transition-all"[39m
              [33mplaceholder[39m=[32m"Rechercher par logement 
ou client..."[39m
              [33mtype[39m=[32m"text"[39m
              [33mvalue[39m=[32m""[39m
            [36m/>[39m
          [36m</div>[39m
          [36m<div[39m
            [33mclass[39m=[32m"flex items-center gap-4 w-full 
md:w-auto"[39m
          [36m>[39m
            [36m<div[39m
              [33mclass[39m=[32m"flex items-center gap-2 
bg-gray-50 dark:bg-gray-900 px-3 py-2 rounded-xl border 
border-gray-200 dark:border-gray-700"[39m
            [36m>[39m
              [36m<svg[39m
                [33maria-hidden[39m=[32m"true"[39m
                [33mclass[39m=[32m"lucide lucide-funnel 
text-gray-400"[39m
                [33mfill[39m=[32m"none"[39m
                [33mheight[39m=[32m"18"[39m
                [33mstroke[39m=[32m"currentColor"[39m
                [33mstroke-linecap[39m=[32m"round"[39m
                [33mstroke-linejoin[39m=[32m"round"[39m
                [33mstroke-width[39m=[32m"2"[39m
                [33mviewBox[39m=[32m"0 0 24 24"[39m
                [33mwidth[39m=[32m"18"[39m
                
[33mxmlns[39m=[32m"http://www.w3.org/2000/svg"[39m
              [36m>[39m
                [36m<path[39m
                  [33md[39m=[32m"M10 20a1 1 0 0 0 .553.895l2 1A1 
1 0 0 0 14 21v-7a2 2 0 0 1 .517-1.341L21.74 4.67A1 1 0 0 0 21 3H3a1 
1 0 0 0-.742 1.67l7.225 7.989A2 2 0 0 1 10 14z"[39m
                [36m/>[39m
              [36m</svg>[39m
              [36m<select[39m
                [33mclass[39m=[32m"bg-transparent border-none 
focus:ring-0 text-sm font-medium text-gray-700 dark:text-gray-300 
outline-none"[39m
              [36m>[39m
                [36m<option[39m
                  [33mvalue[39m=[32m""[39m
                [36m>[39m
                  [0mTous les statuts[0m
                [36m</option>[39m
                [36m<option[39m
                  [33mvalue[39m=[32m"PENDING"[39m
                [36m>[39m
                  [0mEn attente[0m
                [36m</option>[39m
                [36m<option[39m
                  [33mvalue[39m=[32m"VALIDATED"[39m
                [36m>[39m
                  [0mValid├®[0m
                [36m</option>[39m
                [36m<option[39m
                  [33mvalue[39m=[32m"CANCELLED"[39m
                [36m>[39m
                  [0mAnnul├®[0m
                [36m</option>[39m
                [36m<option[39m
                  [33mvalue[39m=[32m"COMPLETED"[39m
                [36m>[39m
                  [0mTermin├®[0m
                [36m</option>[39m
                [36m<option[39m
                  [33mvalue[39m=[32m"EXPIRED"[39m
                [36m>[39m
                  [0mExpir├®[0m
                [36m</option>[39m
              [36m</select>[39m
            [36m</div>[39m
          [36m</div>[39m
        [36m</div>[39m
        [36m<div[39m
          [33mclass[39m=[32m"bg-white dark:bg-gray-800 
rounded-2xl border border-gray-100 dark:border-gray-700 shadow-sm 
overflow-hidden"[39m
        [36m>[39m
          [36m<div[39m
            [33mclass[39m=[32m"overflow-x-auto"[39m
          [36m>[39m
            [36m<table[39m
              [33mclass[39m=[32m"w-full text-left"[39m
            [36m>[39m
              [36m<thead>[39m
                [36m<tr[39m
                  [33mclass[39m=[32m"bg-gray-50 
dark:bg-gray-900/50 border-b border-gray-100 
dark:border-gray-700"[39m
                [36m>[39m
                  [36m<th[39m
                    [33mclass[39m=[32m"px-6 py-4 text-xs 
font-semibold text-gray-500 uppercase tracking-wider"[39m
                  [36m>[39m
                    [0mID[0m
                  [36m</th>[39m
                  [36m<th[39m
                    [33mclass[39m=[32m"px-6 py-4 text-xs 
font-semibold text-gray-500 uppercase tracking-wider"[39m
                  [36m>[39m
                    [0mLogement[0m
                  [36m</th>[39m
                  [36m<th[39m
                    [33mclass[39m=[32m"px-6 py-4 text-xs 
font-semibold text-gray-500 uppercase tracking-wider"[39m
                  [36m>[39m
                    [0mClient[0m
                  [36m</th>[39m
                  [36m<th[39m
                    [33mclass[39m=[32m"px-6 py-4 text-xs 
font-semibold text-gray-500 uppercase tracking-wider"[39m
             ...
[90m [2mÔØ»[22m Proxy.waitForWrapper node_modules/@testing-librar
y/dom/dist/wait-for.js:[2m163:27[22m[39m
[36m [2mÔØ»[22m 
src/pages/admin/AdminTransactions.test.jsx:[2m49:11[22m[39m
    [90m 47| [39m    )[33m;[39m
    [90m 48| [39m    
    [90m 49| [39m    [35mawait[39m [34mwaitFor[39m(() 
[33m=>[39m {
    [90m   | [39m          [31m^[39m
    [90m 50| [39m      [34mexpect[39m(screen[33m.[39m[34mgetB
yText[39m([32m'tenant1'[39m))[33m.[39m[34mtoBeInTheDocument[3
9m()[33m;[39m
    [90m 51| [39m      [34mexpect[39m(screen[33m.[39m[34mgetB
yText[39m([32m'tenant2'[39m))[33m.[39m[34mtoBeInTheDocument[3
9m()[33m;[39m

[31m[2mÔÄ»ÔÄ»ÔÄ»ÔÄ»ÔÄ»ÔÄ»ÔÄ»ÔÄ»ÔÄ»ÔÄ»ÔÄ»ÔÄ»ÔÄ»ÔÄ»ÔÄ»ÔÄ»ÔÄ»ÔÄ»ÔÄ»ÔÄ
»ÔÄ»ÔÄ»ÔÄ»[8/11]ÔÄ»[22m[39m

[41m[1m FAIL [22m[49m 
src/pages/admin/AdminTransactions.test.jsx[2m > 
[22mAdminTransactions Component[2m > [22mfilters transactions by 
status
[31m[1mTestingLibraryElementError[22m[39m: Unable to find an 
element with the text: tenant1. This could be because the text is 
broken up by multiple elements. In this case, you can provide a 
function for your text matcher to make your matcher more flexible.

Ignored nodes: comments, script, style
[36m<body>[39m
  [36m<div>[39m
    [36m<div[39m
      [33mclass[39m=[32m"space-y-6 animate-in fade-in 
slide-in-from-bottom-4 duration-500"[39m
    [36m>[39m
      [36m<div[39m
        [33mclass[39m=[32m"flex justify-between 
items-center"[39m
      [36m>[39m
        [36m<div>[39m
          [36m<h1[39m
            [33mclass[39m=[32m"text-3xl font-extrabold 
text-gray-900 dark:text-white tracking-tight"[39m
          [36m>[39m
            [0mTransactions[0m
          [36m</h1>[39m
          [36m<p[39m
            [33mclass[39m=[32m"text-gray-500 
dark:text-gray-400"[39m
          [36m>[39m
            [0mG├®rer les demandes d'occupation et r├®servations 
avec pr├®cision[0m
          [36m</p>[39m
        [36m</div>[39m
      [36m</div>[39m
      [36m<div[39m
        [33mclass[39m=[32m"flex flex-col md:flex-row gap-4 
items-center justify-between bg-white dark:bg-gray-800 p-4 
rounded-2xl shadow-sm border border-gray-100 
dark:border-gray-700"[39m
      [36m>[39m
        [36m<div[39m
          [33mclass[39m=[32m"relative w-full md:w-96"[39m
        [36m>[39m
          [36m<svg[39m
            [33maria-hidden[39m=[32m"true"[39m
            [33mclass[39m=[32m"lucide lucide-search absolute 
left-3 top-1/2 -translate-y-1/2 text-gray-400"[39m
            [33mfill[39m=[32m"none"[39m
            [33mheight[39m=[32m"18"[39m
            [33mstroke[39m=[32m"currentColor"[39m
            [33mstroke-linecap[39m=[32m"round"[39m
            [33mstroke-linejoin[39m=[32m"round"[39m
            [33mstroke-width[39m=[32m"2"[39m
            [33mviewBox[39m=[32m"0 0 24 24"[39m
            [33mwidth[39m=[32m"18"[39m
            [33mxmlns[39m=[32m"http://www.w3.org/2000/svg"[39m
          [36m>[39m
            [36m<path[39m
              [33md[39m=[32m"m21 21-4.34-4.34"[39m
            [36m/>[39m
            [36m<circle[39m
              [33mcx[39m=[32m"11"[39m
              [33mcy[39m=[32m"11"[39m
              [33mr[39m=[32m"8"[39m
            [36m/>[39m
          [36m</svg>[39m
          [36m<input[39m
            [33mclass[39m=[32m"w-full pl-10 pr-4 py-2.5 
rounded-xl border border-gray-200 dark:border-gray-700 
focus:outline-none focus:ring-2 focus:ring-blue-500 
dark:bg-gray-900 transition-all"[39m
            [33mplaceholder[39m=[32m"Rechercher par logement ou 
client..."[39m
            [33mtype[39m=[32m"text"[39m
            [33mvalue[39m=[32m""[39m
          [36m/>[39m
        [36m</div>[39m
        [36m<div[39m
          [33mclass[39m=[32m"flex items-center gap-4 w-full 
md:w-auto"[39m
        [36m>[39m
          [36m<div[39m
            [33mclass[39m=[32m"flex items-center gap-2 
bg-gray-50 dark:bg-gray-900 px-3 py-2 rounded-xl border 
border-gray-200 dark:border-gray-700"[39m
          [36m>[39m
            [36m<svg[39m
              [33maria-hidden[39m=[32m"true"[39m
              [33mclass[39m=[32m"lucide lucide-funnel 
text-gray-400"[39m
              [33mfill[39m=[32m"none"[39m
              [33mheight[39m=[32m"18"[39m
              [33mstroke[39m=[32m"currentColor"[39m
              [33mstroke-linecap[39m=[32m"round"[39m
              [33mstroke-linejoin[39m=[32m"round"[39m
              [33mstroke-width[39m=[32m"2"[39m
              [33mviewBox[39m=[32m"0 0 24 24"[39m
              [33mwidth[39m=[32m"18"[39m
              [33mxmlns[39m=[32m"http://www.w3.org/2000/svg"[39m
            [36m>[39m
              [36m<path[39m
                [33md[39m=[32m"M10 20a1 1 0 0 0 .553.895l2 1A1 1 
0 0 0 14 21v-7a2 2 0 0 1 .517-1.341L21.74 4.67A1 1 0 0 0 21 3H3a1 1 
0 0 0-.742 1.67l7.225 7.989A2 2 0 0 1 10 14z"[39m
              [36m/>[39m
            [36m</svg>[39m
            [36m<select[39m
              [33mclass[39m=[32m"bg-transparent border-none 
focus:ring-0 text-sm font-medium text-gray-700 dark:text-gray-300 
outline-none"[39m
            [36m>[39m
              [36m<option[39m
                [33mvalue[39m=[32m""[39m
              [36m>[39m
                [0mTous les statuts[0m
              [36m</option>[39m
              [36m<option[39m
                [33mvalue[39m=[32m"PENDING"[39m
              [36m>[39m
                [0mEn attente[0m
              [36m</option>[39m
              [36m<option[39m
                [33mvalue[39m=[32m"VALIDATED"[39m
              [36m>[39m
                [0mValid├®[0m
              [36m</option>[39m
              [36m<option[39m
                [33mvalue[39m=[32m"CANCELLED"[39m
              [36m>[39m
                [0mAnnul├®[0m
              [36m</option>[39m
              [36m<option[39m
                [33mvalue[39m=[32m"COMPLETED"[39m
              [36m>[39m
                [0mTermin├®[0m
              [36m</option>[39m
              [36m<option[39m
                [33mvalue[39m=[32m"EXPIRED"[39m
              [36m>[39m
                [0mExpir├®[0m
              [36m</option>[39m
            [36m</select>[39m
          [36m</div>[39m
        [36m</div>[39m
      [36m</div>[39m
      [36m<div[39m
        [33mclass[39m=[32m"bg-white dark:bg-gray-800 rounded-2xl 
border border-gray-100 dark:border-gray-700 shadow-sm 
overflow-hidden"[39m
      [36m>[39m
        [36m<div[39m
          [33mclass[39m=[32m"overflow-x-auto"[39m
        [36m>[39m
          [36m<table[39m
            [33mclass[39m=[32m"w-full text-left"[39m
          [36m>[39m
            [36m<thead>[39m
              [36m<tr[39m
                [33mclass[39m=[32m"bg-gray-50 
dark:bg-gray-900/50 border-b border-gray-100 
dark:border-gray-700"[39m
              [36m>[39m
                [36m<th[39m
                  [33mclass[39m=[32m"px-6 py-4 text-xs 
font-semibold text-gray-500 uppercase tracking-wider"[39m
                [36m>[39m
                  [0mID[0m
                [36m</th>[39m
                [36m<th[39m
                  [33mclass[39m=[32m"px-6 py-4 text-xs 
font-semibold text-gray-500 uppercase tracking-wider"[39m
                [36m>[39m
                  [0mLogement[0m
                [36m</th>[39m
                [36m<th[39m
                  [33mclass[39m=[32m"px-6 py-4 text-xs 
font-semibold text-gray-500 uppercase tracking-wider"[39m
                [36m>[39m
                  [0mClient[0m
                [36m</th>[39m
                [36m<th[39m
                  [33mclass[39m=[32m"px-6 py-4 text-xs 
font-semibold text-gray-500 uppercase tracking-wider"[39m
                [36m>[39m
                  [0mMessage[0m
                [36m</th>[39m
                [36m<th[39m
                  [33mclass[39m=[32m"px-6 py-4 text-xs 
font-semibold text-gray-500 uppercase tracking-wider"[39m
                [36m>[39m
                  [0mStatut[0m
                [36m</th>[39m
                [36m<th[39m
                  [33mclass[39m=[32m"px-6 py-4 text-xs 
font-semibold text-gray-500 uppercase tracking-wider"[39m
                [36m>[39m
                  [0mDate[0m
                [36m</th>[39m
                [36m<th[39m
                  [33mclass[39m=[32m"px-6 py-4 text-xs 
font-semibold text-gray-500 uppercase tracking-wider"[39m
                [36m>[39m
                  [0mActions[0m
                [36m</th>[39m
              [36m</tr>[39m
            [36m</thead>[39m
            [36m<tbody[39m
              [33mclass[39m=[32m"divide-y divide-gray-100 
dark:divide-gray-700"[39m
            [36m>[39m
              [36m<tr[39m
                [33mclass[39m=[32m"hover:bg-gray-50/50 
dark:hover:bg-gray-900/20 transition-colors"[39m
              [36m>[39m
                [36m<td[39m
                  [33mclass[39m=[32m"px-6 py-4 text-sm 
text-gray-700 dark:text-gray-300"[39m
                [36m>[39m
                  [36m<span[39m
                    [33mclass[39m=[32m"font-mono text-xs 
text-gray-400"[39m
                  [36m>[39m
                    [0m#[0m
                    [0m1[0m
                  [36m</span>[39m
                [36m</td>[39m
                [36m<td[39m
                  [33mclass[39m=[32m"px-6 py-4 text-sm 
text-gray-700 dark:text-gray-300"[39m
                [36m>[39m
                  [36m<div[39m
                    [33mclass[39m=[32m"flex flex-col"[39m
                  [36m>[39m
                    [36m<span[39m
                      [33mclass[39m=[32m"font-medium 
text-gray-900"[39m
                    [36m/>[39m
                    [36m<span[39m
                      [33mclass[39m=[32m"text-xs 
text-gray-500"[39m
                    [36m>[39m
                      [0m#[0m
                    [36m</span>[39m
                  [36m</div>[39m
                [36m</td>[39m
                [36m<td[39m
                  [33mclass[39m=[32m"px-6 py-4 text-sm 
text-gray-700 dark:text-gray-300"[39m
                [36m>[39m
                  [36m<div[39m
                    [33mclass[39m=[32m"flex items-center 
gap-2"[39m
                  [36m>[39m
                    [36m<div[39m
                      [33mclass[39m=[32m"w-8 h-8 rounded-full 
bg-blue-100 flex items-center justify-center text-blue-700 
font-bold text-xs"[39m
                    [36m>[39m
                      [0m [0m
                    [36m</div>[39m
                    [36m<span[39m
                      [33mclass[39m=[32m"text-sm"[39m
                    [36m/>[39m
                  [36m</div>[39m
                [36m</td>[39m
                [36m<td[39m
                  [33mclass[39m=[32m"px-6 py-4 text-sm 
text-gray-700 dark:text-gray-300"[39m
                [36m>[39m
                  [36m<p[39m
                    [33mclass[39m=[32m"text-sm text-gray-500 
max-w-xs truncate"[39m
                  [36m>[39m
                    [0mAucun message[0m
                    [0m [0m
                  [36m</p>[39m
                [36m</td>[39m
                [36m<td[39m
                  [33mclass[39m=[32m"px-6 py-4 text-sm 
text-gray-700 dark:text-gray-300"[39m
                [36m>[39m
                  [36m<span[39m
                    [33mclass[39m=[32m"px-2 py-1 rounded-full 
text-xs font-medium border bg-amber-100 text-amber-700 
border-amber-200"[39m
                  [36m>[39m
                    [0mPENDING[0m
                  [36m</span>[39m
                [36m</td>[39m
                [36m<td[39m
                  [33mclass[39m=[32m"px-6 py-4 text-sm 
text-gray-700 dark:text-gray-300"[39m
                [36m>[39m
                  [36m<span[39m
                    [33mclass[39m=[32m"text-sm 
text-gray-500"[39m
                  [36m>[39m
                    [0m10/01/2024[0m
                  [36m</span>[39m
                [36m</td>[39m
                [36m<td[39m
                  [33mclass[39m=[32m"px-6 py-4 text-sm 
text-gray-700 dark:text-gray-300"[39m
                [36m>[39m
                  [36m<div[39m
                    [33mclass[39m=[32m"flex items-center 
gap-2"[39m
                  [36m>[39m
                    [36m<button[39m
                      [33mclass[39m=[32m"p-1.5 text-emerald-600 
hover:bg-emerald-50 dark:hover:bg-emerald-900/20 rounded-xl 
transition-all active:scale-90"[39m
                      [33mtitle[39m=[32m"Approuver"[39m
                      [33mtype[39m=[32m"button"[39m
                    [36m>[39m
                      [36m<svg[39m
                        [33maria-hidden[39m=[32m"true"[39m
                        [33mclass[39m=[32m"lucide 
lucide-circle-check"[39m
                        [33mfill[39m=[32m"none"[39m
                        [33mheight[39m=[32m"18"[39m
                        [33mstroke[39m=[32m"currentColor"[39m
                        [33mstroke-linecap[39m=[32m"round"[39m
                        [33mstroke-linejoin[39m=[32m"round"[39m
                        [33mstroke-width[39m=[32m"2"[39m
                        [33mviewBox[39m=[32m"0 0 24 24"[39m
                        [33mwidth[39m=[32m"18"[39m
                        
[33mxmlns[39m=[32m"http://www.w3.org/2000/svg"[39m
                      [36m>[39m
                        [36m<circle[39m
                          [33mcx[39m=[32m"12"[39m
                          [33mcy[39m=[32m"12"[39m
                          [33mr[39m=[32m"10"[39m
                        [36m/>[39m
                        [36m<path[39m
                          [33md[39m=[32m"m9 12 2 2 4-4"[39m
                        [36m/>[39m
                      [36m</svg>[39m
                    [36m</button>[39m
                    [36m<button[39m
                      [33mclass[39m=[32m"p-1.5 text-rose-600 
hover:bg-rose-50 dark:hover:bg-rose-900/20 rounded-xl 
transition-all active:scale-90"[39m
                      [33mtitle[39m=[32m"Rejeter"[39m
                      [33mtype[39m=[32m"button"[39m
                    [36m>[39m
                      [36m<svg[39m
                        [33maria-hidden[39m=[32m"true"[39m
                        [33mclass[39m=[32m"lucide 
lucide-circle-x"[39m
                        [33mfill[39m=[32m"none"[39m
                        [33mheight[39m=[32m"18"[39m
                        [33mstroke[39m=[32m"currentColor"[39m
                        [33mstroke-linecap[39m=[32m"round"[39m
                        [33mstroke-linejoin[39m=[32m"round"[39m
                        [33mstroke-width[39m=[32m"2"[39m
                        [33mviewBox[39m=[32m"0 0 24 24"[39m
                        [33mwidth[39m=[32m"18"[39m
                        
[33mxmlns[39m=[32m"http://www.w3.org/2000/svg"[39m
                      [36m>[39m
                        [36m<circle[39m
                          [33mcx[39m=[32m"12"[39m
                          [33mcy[39m=[32m"12"[39m
                          [33mr[39m=[32m"10"[39m
                        [36m/>[39m
                        [36m<path[39m
                          [33md[39m=[32m"m15 9-6 6"[39m
                        [36m/>[39m
                        [36m<path[39m
                          [33md[39m=[32m"m9 9 6 6"[39m
                        [36m/>[39m
                      [36m</svg>[39m
                    [36m</button>[39m
                    [36m<button[39m
                      [33mclass[39m=[32m"p-1.5 text-gray-400 
hover:bg-gray-100 dark:hover:bg-gray-800 rounded-xl transition-all 
active:scale-90"[39m
                      [33mtitle[39m=[32m"Voir les d├®tails"[39m
                      [33mtype[39m=[32m"button"[39m
                    [36m>[39m
                      [36m<svg[39m
                        [33maria-hidden[39m=[32m"true"[39m
                        [33mclass[39m=[32m"lucide 
lucide-external-link"[39m
                        [33mfill[39m=[32m"none"[39m
                        [33mheight[39m=[32m"18"[39m
                        [33mstroke[39m=[32m"currentColor"[39m
                        [33mstroke-linecap[39m=[32m"round"[39m
                        [33mstroke-linejoin[39m=[32m"round"[39m
                        [33mstroke-width[39m=[32m"2"[39m
                        [33mviewBox[39m=[32m"0 0 24 24"[39m
                        [33mwidth[39m=[32m"18"[39m
                        
[33mxmlns[39m=[32m"http://www.w3.org/2000/svg"[39m
                      [36m>[39m
                        [36m<path[39m
                          [33md[39m=[32m"M15 3h6v6"[39m
                        [36m/>[39m
                        [36m<path[39m
                          [33md[39m=[32m"M10 14 21 3"[39m
                        [36m/>[39m
                        [36m<path[39m
                          [33md[39m=[32m"M18 13v6a2 2 0 0 1-2 
2H5a2 2 0 0 1-2-2V8a2 2 0 0 1 2-2h6"[39m
                        [36m/>[39m
                      [36m</svg>[39m
                    [36m</button>[39m
                  [36m</div>[39m
                [36m</td>[39m
              [36m</tr>[39m
            [36m</tbody>[39m
          [36m</table>[39m
        [36m</div>[39m
        [36m<div[39m
          [33mclass[39m=[32m"px-6 py-4 bg-gray-50 
dark:bg-gray-900/50 border-t border-gray-100 dark:border-gray-700 
flex items-center justify-between"[39m
        [36m>[39m
          [36m<span[39m
            [33mclass[39m=[32m"text-sm text-gray-500"[39m
          [36m>[39m
            [0mPage [0m
            [0m1[0m
            [0m sur [0m
            [0m1[0m
          [36m</span>[39m
          [36m<div[39m
            [33mclass[39m=[32m"flex space-x-2"[39m
          [36m>[39m
            [36m<button[39m
              [33mclass[39m=[32m"px-4 py-2 text-sm font-medium 
text-gray-600 bg-white dark:bg-gray-800 border border-gray-200 
dark:border-gray-700 rounded-lg disabled:opacity-50"[39m
              [33mdisabled[39m=[32m""[39m
            [36m>[39m
              [0mPr├®c├®dent[0m
            [36m</button>[39m
            [36m<button[39m
              [33mclass[39m=[32m"px-4 py-2 text-sm font-medium 
text-gray-600 bg-white dark:bg-gray-800 border border-gray-200 
dark:border-gray-700 rounded-lg disabled:opacity-50"[39m
              [33mdisabled[39m=[32m""[39m
            [36m>[39m
              [0mSuivant[0m
            [36m</button>[39m
          [36m</div>[39m
        [36m</div>[39m
      [36m</div>[39m
    [36m</div>[39m
  [36m</div>[39m
[36m</body>[39m

Ignored nodes: comments, script, style
[36m<html>[39m
  [36m<head />[39m
  [36m<body>[39m
    [36m<div>[39m
      [36m<div[39m
        [33mclass[39m=[32m"space-y-6 animate-in fade-in 
slide-in-from-bottom-4 duration-500"[39m
      [36m>[39m
        [36m<div[39m
          [33mclass[39m=[32m"flex justify-between 
items-center"[39m
        [36m>[39m
          [36m<div>[39m
            [36m<h1[39m
              [33mclass[39m=[32m"text-3xl font-extrabold 
text-gray-900 dark:text-white tracking-tight"[39m
            [36m>[39m
              [0mTransactions[0m
            [36m</h1>[39m
            [36m<p[39m
              [33mclass[39m=[32m"text-gray-500 
dark:text-gray-400"[39m
            [36m>[39m
              [0mG├®rer les demandes d'occupation et r├®servations 
avec pr├®cision[0m
            [36m</p>[39m
          [36m</div>[39m
        [36m</div>[39m
        [36m<div[39m
          [33mclass[39m=[32m"flex flex-col md:flex-row gap-4 
items-center justify-between bg-white dark:bg-gray-800 p-4 
rounded-2xl shadow-sm border border-gray-100 
dark:border-gray-700"[39m
        [36m>[39m
          [36m<div[39m
            [33mclass[39m=[32m"relative w-full md:w-96"[39m
          [36m>[39m
            [36m<svg[39m
              [33maria-hidden[39m=[32m"true"[39m
              [33mclass[39m=[32m"lucide lucide-search absolute 
left-3 top-1/2 -translate-y-1/2 text-gray-400"[39m
              [33mfill[39m=[32m"none"[39m
              [33mheight[39m=[32m"18"[39m
              [33mstroke[39m=[32m"currentColor"[39m
              [33mstroke-linecap[39m=[32m"round"[39m
              [33mstroke-linejoin[39m=[32m"round"[39m
              [33mstroke-width[39m=[32m"2"[39m
              [33mviewBox[39m=[32m"0 0 24 24"[39m
              [33mwidth[39m=[32m"18"[39m
              [33mxmlns[39m=[32m"http://www.w3.org/2000/svg"[39m
            [36m>[39m
              [36m<path[39m
                [33md[39m=[32m"m21 21-4.34-4.34"[39m
              [36m/>[39m
              [36m<circle[39m
                [33mcx[39m=[32m"11"[39m
                [33mcy[39m=[32m"11"[39m
                [33mr[39m=[32m"8"[39m
              [36m/>[39m
            [36m</svg>[39m
            [36m<input[39m
              [33mclass[39m=[32m"w-full pl-10 pr-4 py-2.5 
rounded-xl border border-gray-200 dark:border-gray-700 
focus:outline-none focus:ring-2 focus:ring-blue-500 
dark:bg-gray-900 transition-all"[39m
              [33mplaceholder[39m=[32m"Rechercher par logement 
ou client..."[39m
              [33mtype[39m=[32m"text"[39m
              [33mvalue[39m=[32m""[39m
            [36m/>[39m
          [36m</div>[39m
          [36m<div[39m
            [33mclass[39m=[32m"flex items-center gap-4 w-full 
md:w-auto"[39m
          [36m>[39m
            [36m<div[39m
              [33mclass[39m=[32m"flex items-center gap-2 
bg-gray-50 dark:bg-gray-900 px-3 py-2 rounded-xl border 
border-gray-200 dark:border-gray-700"[39m
            [36m>[39m
              [36m<svg[39m
                [33maria-hidden[39m=[32m"true"[39m
                [33mclass[39m=[32m"lucide lucide-funnel 
text-gray-400"[39m
                [33mfill[39m=[32m"none"[39m
                [33mheight[39m=[32m"18"[39m
                [33mstroke[39m=[32m"currentColor"[39m
                [33mstroke-linecap[39m=[32m"round"[39m
                [33mstroke-linejoin[39m=[32m"round"[39m
                [33mstroke-width[39m=[32m"2"[39m
                [33mviewBox[39m=[32m"0 0 24 24"[39m
                [33mwidth[39m=[32m"18"[39m
                
[33mxmlns[39m=[32m"http://www.w3.org/2000/svg"[39m
              [36m>[39m
                [36m<path[39m
                  [33md[39m=[32m"M10 20a1 1 0 0 0 .553.895l2 1A1 
1 0 0 0 14 21v-7a2 2 0 0 1 .517-1.341L21.74 4.67A1 1 0 0 0 21 3H3a1 
1 0 0 0-.742 1.67l7.225 7.989A2 2 0 0 1 10 14z"[39m
                [36m/>[39m
              [36m</svg>[39m
              [36m<select[39m
                [33mclass[39m=[32m"bg-transparent border-none 
focus:ring-0 text-sm font-medium text-gray-700 dark:text-gray-300 
outline-none"[39m
              [36m>[39m
                [36m<option[39m
                  [33mvalue[39m=[32m""[39m
                [36m>[39m
                  [0mTous les statuts[0m
                [36m</option>[39m
                [36m<option[39m
                  [33mvalue[39m=[32m"PENDING"[39m
                [36m>[39m
                  [0mEn attente[0m
                [36m</option>[39m
                [36m<option[39m
                  [33mvalue[39m=[32m"VALIDATED"[39m
                [36m>[39m
                  [0mValid├®[0m
                [36m</option>[39m
                [36m<option[39m
                  [33mvalue[39m=[32m"CANCELLED"[39m
                [36m>[39m
                  [0mAnnul├®[0m
                [36m</option>[39m
                [36m<option[39m
                  [33mvalue[39m=[32m"COMPLETED"[39m
                [36m>[39m
                  [0mTermin├®[0m
                [36m</option>[39m
                [36m<option[39m
                  [33mvalue[39m=[32m"EXPIRED"[39m
                [36m>[39m
                  [0mExpir├®[0m
                [36m</option>[39m
              [36m</select>[39m
            [36m</div>[39m
          [36m</div>[39m
        [36m</div>[39m
        [36m<div[39m
          [33mclass[39m=[32m"bg-white dark:bg-gray-800 
rounded-2xl border border-gray-100 dark:border-gray-700 shadow-sm 
overflow-hidden"[39m
        [36m>[39m
          [36m<div[39m
            [33mclass[39m=[32m"overflow-x-auto"[39m
          [36m>[39m
            [36m<table[39m
              [33mclass[39m=[32m"w-full text-left"[39m
            [36m>[39m
              [36m<thead>[39m
                [36m<tr[39m
                  [33mclass[39m=[32m"bg-gray-50 
dark:bg-gray-900/50 border-b border-gray-100 
dark:border-gray-700"[39m
                [36m>[39m
                  [36m<th[39m
                    [33mclass[39m=[32m"px-6 py-4 text-xs 
font-semibold text-gray-500 uppercase tracking-wider"[39m
                  [36m>[39m
                    [0mID[0m
                  [36m</th>[39m
                  [36m<th[39m
                    [33mclass[39m=[32m"px-6 py-4 text-xs 
font-semibold text-gray-500 uppercase tracking-wider"[39m
                  [36m>[39m
                    [0mLogement[0m
                  [36m</th>[39m
                  [36m<th[39m
                    [33mclass[39m=[32m"px-6 py-4 text-xs 
font-semibold text-gray-500 uppercase tracking-wider"[39m
                  [36m>[39m
                    [0mClient[0m
                  [36m</th>[39m
                  [36m<th[39m
                    [33mclass[39m=[32m"px-6 py-4 text-xs 
font-semibold text-gray-500 uppercase tracking-wider"[39m
             ...
[90m [2mÔØ»[22m Proxy.waitForWrapper node_modules/@testing-librar
y/dom/dist/wait-for.js:[2m163:27[22m[39m
[36m [2mÔØ»[22m 
src/pages/admin/AdminTransactions.test.jsx:[2m75:11[22m[39m
    [90m 73| [39m    )[33m;[39m
    [90m 74| [39m    
    [90m 75| [39m    [35mawait[39m [34mwaitFor[39m(() 
[33m=>[39m {
    [90m   | [39m          [31m^[39m
    [90m 76| [39m      [34mexpect[39m(screen[33m.[39m[34mgetB
yText[39m([32m'tenant1'[39m))[33m.[39m[34mtoBeInTheDocument[3
9m()[33m;[39m
    [90m 77| [39m    })[33m;[39m

[31m[2mÔÄ»ÔÄ»ÔÄ»ÔÄ»ÔÄ»ÔÄ»ÔÄ»ÔÄ»ÔÄ»ÔÄ»ÔÄ»ÔÄ»ÔÄ»ÔÄ»ÔÄ»ÔÄ»ÔÄ»ÔÄ»ÔÄ»ÔÄ
»ÔÄ»ÔÄ»ÔÄ»[9/11]ÔÄ»[22m[39m

[41m[1m FAIL [22m[49m 
src/pages/admin/AdminTransactions.test.jsx[2m > 
[22mAdminTransactions Component[2m > [22mvalidates a transaction
[31m[1mTestingLibraryElementError[22m[39m: Unable to find an 
element with the text: tenant1. This could be because the text is 
broken up by multiple elements. In this case, you can provide a 
function for your text matcher to make your matcher more flexible.

Ignored nodes: comments, script, style
[36m<body>[39m
  [36m<div>[39m
    [36m<div[39m
      [33mclass[39m=[32m"space-y-6 animate-in fade-in 
slide-in-from-bottom-4 duration-500"[39m
    [36m>[39m
      [36m<div[39m
        [33mclass[39m=[32m"flex justify-between 
items-center"[39m
      [36m>[39m
        [36m<div>[39m
          [36m<h1[39m
            [33mclass[39m=[32m"text-3xl font-extrabold 
text-gray-900 dark:text-white tracking-tight"[39m
          [36m>[39m
            [0mTransactions[0m
          [36m</h1>[39m
          [36m<p[39m
            [33mclass[39m=[32m"text-gray-500 
dark:text-gray-400"[39m
          [36m>[39m
            [0mG├®rer les demandes d'occupation et r├®servations 
avec pr├®cision[0m
          [36m</p>[39m
        [36m</div>[39m
      [36m</div>[39m
      [36m<div[39m
        [33mclass[39m=[32m"flex flex-col md:flex-row gap-4 
items-center justify-between bg-white dark:bg-gray-800 p-4 
rounded-2xl shadow-sm border border-gray-100 
dark:border-gray-700"[39m
      [36m>[39m
        [36m<div[39m
          [33mclass[39m=[32m"relative w-full md:w-96"[39m
        [36m>[39m
          [36m<svg[39m
            [33maria-hidden[39m=[32m"true"[39m
            [33mclass[39m=[32m"lucide lucide-search absolute 
left-3 top-1/2 -translate-y-1/2 text-gray-400"[39m
            [33mfill[39m=[32m"none"[39m
            [33mheight[39m=[32m"18"[39m
            [33mstroke[39m=[32m"currentColor"[39m
            [33mstroke-linecap[39m=[32m"round"[39m
            [33mstroke-linejoin[39m=[32m"round"[39m
            [33mstroke-width[39m=[32m"2"[39m
            [33mviewBox[39m=[32m"0 0 24 24"[39m
            [33mwidth[39m=[32m"18"[39m
            [33mxmlns[39m=[32m"http://www.w3.org/2000/svg"[39m
          [36m>[39m
            [36m<path[39m
              [33md[39m=[32m"m21 21-4.34-4.34"[39m
            [36m/>[39m
            [36m<circle[39m
              [33mcx[39m=[32m"11"[39m
              [33mcy[39m=[32m"11"[39m
              [33mr[39m=[32m"8"[39m
            [36m/>[39m
          [36m</svg>[39m
          [36m<input[39m
            [33mclass[39m=[32m"w-full pl-10 pr-4 py-2.5 
rounded-xl border border-gray-200 dark:border-gray-700 
focus:outline-none focus:ring-2 focus:ring-blue-500 
dark:bg-gray-900 transition-all"[39m
            [33mplaceholder[39m=[32m"Rechercher par logement ou 
client..."[39m
            [33mtype[39m=[32m"text"[39m
            [33mvalue[39m=[32m""[39m
          [36m/>[39m
        [36m</div>[39m
        [36m<div[39m
          [33mclass[39m=[32m"flex items-center gap-4 w-full 
md:w-auto"[39m
        [36m>[39m
          [36m<div[39m
            [33mclass[39m=[32m"flex items-center gap-2 
bg-gray-50 dark:bg-gray-900 px-3 py-2 rounded-xl border 
border-gray-200 dark:border-gray-700"[39m
          [36m>[39m
            [36m<svg[39m
              [33maria-hidden[39m=[32m"true"[39m
              [33mclass[39m=[32m"lucide lucide-funnel 
text-gray-400"[39m
              [33mfill[39m=[32m"none"[39m
              [33mheight[39m=[32m"18"[39m
              [33mstroke[39m=[32m"currentColor"[39m
              [33mstroke-linecap[39m=[32m"round"[39m
              [33mstroke-linejoin[39m=[32m"round"[39m
              [33mstroke-width[39m=[32m"2"[39m
              [33mviewBox[39m=[32m"0 0 24 24"[39m
              [33mwidth[39m=[32m"18"[39m
              [33mxmlns[39m=[32m"http://www.w3.org/2000/svg"[39m
            [36m>[39m
              [36m<path[39m
                [33md[39m=[32m"M10 20a1 1 0 0 0 .553.895l2 1A1 1 
0 0 0 14 21v-7a2 2 0 0 1 .517-1.341L21.74 4.67A1 1 0 0 0 21 3H3a1 1 
0 0 0-.742 1.67l7.225 7.989A2 2 0 0 1 10 14z"[39m
              [36m/>[39m
            [36m</svg>[39m
            [36m<select[39m
              [33mclass[39m=[32m"bg-transparent border-none 
focus:ring-0 text-sm font-medium text-gray-700 dark:text-gray-300 
outline-none"[39m
            [36m>[39m
              [36m<option[39m
                [33mvalue[39m=[32m""[39m
              [36m>[39m
                [0mTous les statuts[0m
              [36m</option>[39m
              [36m<option[39m
                [33mvalue[39m=[32m"PENDING"[39m
              [36m>[39m
                [0mEn attente[0m
              [36m</option>[39m
              [36m<option[39m
                [33mvalue[39m=[32m"VALIDATED"[39m
              [36m>[39m
                [0mValid├®[0m
              [36m</option>[39m
              [36m<option[39m
                [33mvalue[39m=[32m"CANCELLED"[39m
              [36m>[39m
                [0mAnnul├®[0m
              [36m</option>[39m
              [36m<option[39m
                [33mvalue[39m=[32m"COMPLETED"[39m
              [36m>[39m
                [0mTermin├®[0m
              [36m</option>[39m
              [36m<option[39m
                [33mvalue[39m=[32m"EXPIRED"[39m
              [36m>[39m
                [0mExpir├®[0m
              [36m</option>[39m
            [36m</select>[39m
          [36m</div>[39m
        [36m</div>[39m
      [36m</div>[39m
      [36m<div[39m
        [33mclass[39m=[32m"bg-white dark:bg-gray-800 rounded-2xl 
border border-gray-100 dark:border-gray-700 shadow-sm 
overflow-hidden"[39m
      [36m>[39m
        [36m<div[39m
          [33mclass[39m=[32m"overflow-x-auto"[39m
        [36m>[39m
          [36m<table[39m
            [33mclass[39m=[32m"w-full text-left"[39m
          [36m>[39m
            [36m<thead>[39m
              [36m<tr[39m
                [33mclass[39m=[32m"bg-gray-50 
dark:bg-gray-900/50 border-b border-gray-100 
dark:border-gray-700"[39m
              [36m>[39m
                [36m<th[39m
                  [33mclass[39m=[32m"px-6 py-4 text-xs 
font-semibold text-gray-500 uppercase tracking-wider"[39m
                [36m>[39m
                  [0mID[0m
                [36m</th>[39m
                [36m<th[39m
                  [33mclass[39m=[32m"px-6 py-4 text-xs 
font-semibold text-gray-500 uppercase tracking-wider"[39m
                [36m>[39m
                  [0mLogement[0m
                [36m</th>[39m
                [36m<th[39m
                  [33mclass[39m=[32m"px-6 py-4 text-xs 
font-semibold text-gray-500 uppercase tracking-wider"[39m
                [36m>[39m
                  [0mClient[0m
                [36m</th>[39m
                [36m<th[39m
                  [33mclass[39m=[32m"px-6 py-4 text-xs 
font-semibold text-gray-500 uppercase tracking-wider"[39m
                [36m>[39m
                  [0mMessage[0m
                [36m</th>[39m
                [36m<th[39m
                  [33mclass[39m=[32m"px-6 py-4 text-xs 
font-semibold text-gray-500 uppercase tracking-wider"[39m
                [36m>[39m
                  [0mStatut[0m
                [36m</th>[39m
                [36m<th[39m
                  [33mclass[39m=[32m"px-6 py-4 text-xs 
font-semibold text-gray-500 uppercase tracking-wider"[39m
                [36m>[39m
                  [0mDate[0m
                [36m</th>[39m
                [36m<th[39m
                  [33mclass[39m=[32m"px-6 py-4 text-xs 
font-semibold text-gray-500 uppercase tracking-wider"[39m
                [36m>[39m
                  [0mActions[0m
                [36m</th>[39m
              [36m</tr>[39m
            [36m</thead>[39m
            [36m<tbody[39m
              [33mclass[39m=[32m"divide-y divide-gray-100 
dark:divide-gray-700"[39m
            [36m>[39m
              [36m<tr[39m
                [33mclass[39m=[32m"hover:bg-gray-50/50 
dark:hover:bg-gray-900/20 transition-colors"[39m
              [36m>[39m
                [36m<td[39m
                  [33mclass[39m=[32m"px-6 py-4 text-sm 
text-gray-700 dark:text-gray-300"[39m
                [36m>[39m
                  [36m<span[39m
                    [33mclass[39m=[32m"font-mono text-xs 
text-gray-400"[39m
                  [36m>[39m
                    [0m#[0m
                    [0m1[0m
                  [36m</span>[39m
                [36m</td>[39m
                [36m<td[39m
                  [33mclass[39m=[32m"px-6 py-4 text-sm 
text-gray-700 dark:text-gray-300"[39m
                [36m>[39m
                  [36m<div[39m
                    [33mclass[39m=[32m"flex flex-col"[39m
                  [36m>[39m
                    [36m<span[39m
                      [33mclass[39m=[32m"font-medium 
text-gray-900"[39m
                    [36m/>[39m
                    [36m<span[39m
                      [33mclass[39m=[32m"text-xs 
text-gray-500"[39m
                    [36m>[39m
                      [0m#[0m
                    [36m</span>[39m
                  [36m</div>[39m
                [36m</td>[39m
                [36m<td[39m
                  [33mclass[39m=[32m"px-6 py-4 text-sm 
text-gray-700 dark:text-gray-300"[39m
                [36m>[39m
                  [36m<div[39m
                    [33mclass[39m=[32m"flex items-center 
gap-2"[39m
                  [36m>[39m
                    [36m<div[39m
                      [33mclass[39m=[32m"w-8 h-8 rounded-full 
bg-blue-100 flex items-center justify-center text-blue-700 
font-bold text-xs"[39m
                    [36m>[39m
                      [0m [0m
                    [36m</div>[39m
                    [36m<span[39m
                      [33mclass[39m=[32m"text-sm"[39m
                    [36m/>[39m
                  [36m</div>[39m
                [36m</td>[39m
                [36m<td[39m
                  [33mclass[39m=[32m"px-6 py-4 text-sm 
text-gray-700 dark:text-gray-300"[39m
                [36m>[39m
                  [36m<p[39m
                    [33mclass[39m=[32m"text-sm text-gray-500 
max-w-xs truncate"[39m
                  [36m>[39m
                    [0mAucun message[0m
                    [0m [0m
                  [36m</p>[39m
                [36m</td>[39m
                [36m<td[39m
                  [33mclass[39m=[32m"px-6 py-4 text-sm 
text-gray-700 dark:text-gray-300"[39m
                [36m>[39m
                  [36m<span[39m
                    [33mclass[39m=[32m"px-2 py-1 rounded-full 
text-xs font-medium border bg-amber-100 text-amber-700 
border-amber-200"[39m
                  [36m>[39m
                    [0mPENDING[0m
                  [36m</span>[39m
                [36m</td>[39m
                [36m<td[39m
                  [33mclass[39m=[32m"px-6 py-4 text-sm 
text-gray-700 dark:text-gray-300"[39m
                [36m>[39m
                  [36m<span[39m
                    [33mclass[39m=[32m"text-sm 
text-gray-500"[39m
                  [36m>[39m
                    [0m10/01/2024[0m
                  [36m</span>[39m
                [36m</td>[39m
                [36m<td[39m
                  [33mclass[39m=[32m"px-6 py-4 text-sm 
text-gray-700 dark:text-gray-300"[39m
                [36m>[39m
                  [36m<div[39m
                    [33mclass[39m=[32m"flex items-center 
gap-2"[39m
                  [36m>[39m
                    [36m<button[39m
                      [33mclass[39m=[32m"p-1.5 text-emerald-600 
hover:bg-emerald-50 dark:hover:bg-emerald-900/20 rounded-xl 
transition-all active:scale-90"[39m
                      [33mtitle[39m=[32m"Approuver"[39m
                      [33mtype[39m=[32m"button"[39m
                    [36m>[39m
                      [36m<svg[39m
                        [33maria-hidden[39m=[32m"true"[39m
                        [33mclass[39m=[32m"lucide 
lucide-circle-check"[39m
                        [33mfill[39m=[32m"none"[39m
                        [33mheight[39m=[32m"18"[39m
                        [33mstroke[39m=[32m"currentColor"[39m
                        [33mstroke-linecap[39m=[32m"round"[39m
                        [33mstroke-linejoin[39m=[32m"round"[39m
                        [33mstroke-width[39m=[32m"2"[39m
                        [33mviewBox[39m=[32m"0 0 24 24"[39m
                        [33mwidth[39m=[32m"18"[39m
                        
[33mxmlns[39m=[32m"http://www.w3.org/2000/svg"[39m
                      [36m>[39m
                        [36m<circle[39m
                          [33mcx[39m=[32m"12"[39m
                          [33mcy[39m=[32m"12"[39m
                          [33mr[39m=[32m"10"[39m
                        [36m/>[39m
                        [36m<path[39m
                          [33md[39m=[32m"m9 12 2 2 4-4"[39m
                        [36m/>[39m
                      [36m</svg>[39m
                    [36m</button>[39m
                    [36m<button[39m
                      [33mclass[39m=[32m"p-1.5 text-rose-600 
hover:bg-rose-50 dark:hover:bg-rose-900/20 rounded-xl 
transition-all active:scale-90"[39m
                      [33mtitle[39m=[32m"Rejeter"[39m
                      [33mtype[39m=[32m"button"[39m
                    [36m>[39m
                      [36m<svg[39m
                        [33maria-hidden[39m=[32m"true"[39m
                        [33mclass[39m=[32m"lucide 
lucide-circle-x"[39m
                        [33mfill[39m=[32m"none"[39m
                        [33mheight[39m=[32m"18"[39m
                        [33mstroke[39m=[32m"currentColor"[39m
                        [33mstroke-linecap[39m=[32m"round"[39m
                        [33mstroke-linejoin[39m=[32m"round"[39m
                        [33mstroke-width[39m=[32m"2"[39m
                        [33mviewBox[39m=[32m"0 0 24 24"[39m
                        [33mwidth[39m=[32m"18"[39m
                        
[33mxmlns[39m=[32m"http://www.w3.org/2000/svg"[39m
                      [36m>[39m
                        [36m<circle[39m
                          [33mcx[39m=[32m"12"[39m
                          [33mcy[39m=[32m"12"[39m
                          [33mr[39m=[32m"10"[39m
                        [36m/>[39m
                        [36m<path[39m
                          [33md[39m=[32m"m15 9-6 6"[39m
                        [36m/>[39m
                        [36m<path[39m
                          [33md[39m=[32m"m9 9 6 6"[39m
                        [36m/>[39m
                      [36m</svg>[39m
                    [36m</button>[39m
                    [36m<button[39m
                      [33mclass[39m=[32m"p-1.5 text-gray-400 
hover:bg-gray-100 dark:hover:bg-gray-800 rounded-xl transition-all 
active:scale-90"[39m
                      [33mtitle[39m=[32m"Voir les d├®tails"[39m
                      [33mtype[39m=[32m"button"[39m
                    [36m>[39m
                      [36m<svg[39m
                        [33maria-hidden[39m=[32m"true"[39m
                        [33mclass[39m=[32m"lucide 
lucide-external-link"[39m
                        [33mfill[39m=[32m"none"[39m
                        [33mheight[39m=[32m"18"[39m
                        [33mstroke[39m=[32m"currentColor"[39m
                        [33mstroke-linecap[39m=[32m"round"[39m
                        [33mstroke-linejoin[39m=[32m"round"[39m
                        [33mstroke-width[39m=[32m"2"[39m
                        [33mviewBox[39m=[32m"0 0 24 24"[39m
                        [33mwidth[39m=[32m"18"[39m
                        
[33mxmlns[39m=[32m"http://www.w3.org/2000/svg"[39m
                      [36m>[39m
                        [36m<path[39m
                          [33md[39m=[32m"M15 3h6v6"[39m
                        [36m/>[39m
                        [36m<path[39m
                          [33md[39m=[32m"M10 14 21 3"[39m
                        [36m/>[39m
                        [36m<path[39m
                          [33md[39m=[32m"M18 13v6a2 2 0 0 1-2 
2H5a2 2 0 0 1-2-2V8a2 2 0 0 1 2-2h6"[39m
                        [36m/>[39m
                      [36m</svg>[39m
                    [36m</button>[39m
                  [36m</div>[39m
                [36m</td>[39m
              [36m</tr>[39m
            [36m</tbody>[39m
          [36m</table>[39m
        [36m</div>[39m
        [36m<div[39m
          [33mclass[39m=[32m"px-6 py-4 bg-gray-50 
dark:bg-gray-900/50 border-t border-gray-100 dark:border-gray-700 
flex items-center justify-between"[39m
        [36m>[39m
          [36m<span[39m
            [33mclass[39m=[32m"text-sm text-gray-500"[39m
          [36m>[39m
            [0mPage [0m
            [0m1[0m
            [0m sur [0m
            [0m1[0m
          [36m</span>[39m
          [36m<div[39m
            [33mclass[39m=[32m"flex space-x-2"[39m
          [36m>[39m
            [36m<button[39m
              [33mclass[39m=[32m"px-4 py-2 text-sm font-medium 
text-gray-600 bg-white dark:bg-gray-800 border border-gray-200 
dark:border-gray-700 rounded-lg disabled:opacity-50"[39m
              [33mdisabled[39m=[32m""[39m
            [36m>[39m
              [0mPr├®c├®dent[0m
            [36m</button>[39m
            [36m<button[39m
              [33mclass[39m=[32m"px-4 py-2 text-sm font-medium 
text-gray-600 bg-white dark:bg-gray-800 border border-gray-200 
dark:border-gray-700 rounded-lg disabled:opacity-50"[39m
              [33mdisabled[39m=[32m""[39m
            [36m>[39m
              [0mSuivant[0m
            [36m</button>[39m
          [36m</div>[39m
        [36m</div>[39m
      [36m</div>[39m
    [36m</div>[39m
  [36m</div>[39m
[36m</body>[39m

Ignored nodes: comments, script, style
[36m<html>[39m
  [36m<head />[39m
  [36m<body>[39m
    [36m<div>[39m
      [36m<div[39m
        [33mclass[39m=[32m"space-y-6 animate-in fade-in 
slide-in-from-bottom-4 duration-500"[39m
      [36m>[39m
        [36m<div[39m
          [33mclass[39m=[32m"flex justify-between 
items-center"[39m
        [36m>[39m
          [36m<div>[39m
            [36m<h1[39m
              [33mclass[39m=[32m"text-3xl font-extrabold 
text-gray-900 dark:text-white tracking-tight"[39m
            [36m>[39m
              [0mTransactions[0m
            [36m</h1>[39m
            [36m<p[39m
              [33mclass[39m=[32m"text-gray-500 
dark:text-gray-400"[39m
            [36m>[39m
              [0mG├®rer les demandes d'occupation et r├®servations 
avec pr├®cision[0m
            [36m</p>[39m
          [36m</div>[39m
        [36m</div>[39m
        [36m<div[39m
          [33mclass[39m=[32m"flex flex-col md:flex-row gap-4 
items-center justify-between bg-white dark:bg-gray-800 p-4 
rounded-2xl shadow-sm border border-gray-100 
dark:border-gray-700"[39m
        [36m>[39m
          [36m<div[39m
            [33mclass[39m=[32m"relative w-full md:w-96"[39m
          [36m>[39m
            [36m<svg[39m
              [33maria-hidden[39m=[32m"true"[39m
              [33mclass[39m=[32m"lucide lucide-search absolute 
left-3 top-1/2 -translate-y-1/2 text-gray-400"[39m
              [33mfill[39m=[32m"none"[39m
              [33mheight[39m=[32m"18"[39m
              [33mstroke[39m=[32m"currentColor"[39m
              [33mstroke-linecap[39m=[32m"round"[39m
              [33mstroke-linejoin[39m=[32m"round"[39m
              [33mstroke-width[39m=[32m"2"[39m
              [33mviewBox[39m=[32m"0 0 24 24"[39m
              [33mwidth[39m=[32m"18"[39m
              [33mxmlns[39m=[32m"http://www.w3.org/2000/svg"[39m
            [36m>[39m
              [36m<path[39m
                [33md[39m=[32m"m21 21-4.34-4.34"[39m
              [36m/>[39m
              [36m<circle[39m
                [33mcx[39m=[32m"11"[39m
                [33mcy[39m=[32m"11"[39m
                [33mr[39m=[32m"8"[39m
              [36m/>[39m
            [36m</svg>[39m
            [36m<input[39m
              [33mclass[39m=[32m"w-full pl-10 pr-4 py-2.5 
rounded-xl border border-gray-200 dark:border-gray-700 
focus:outline-none focus:ring-2 focus:ring-blue-500 
dark:bg-gray-900 transition-all"[39m
              [33mplaceholder[39m=[32m"Rechercher par logement 
ou client..."[39m
              [33mtype[39m=[32m"text"[39m
              [33mvalue[39m=[32m""[39m
            [36m/>[39m
          [36m</div>[39m
          [36m<div[39m
            [33mclass[39m=[32m"flex items-center gap-4 w-full 
md:w-auto"[39m
          [36m>[39m
            [36m<div[39m
              [33mclass[39m=[32m"flex items-center gap-2 
bg-gray-50 dark:bg-gray-900 px-3 py-2 rounded-xl border 
border-gray-200 dark:border-gray-700"[39m
            [36m>[39m
              [36m<svg[39m
                [33maria-hidden[39m=[32m"true"[39m
                [33mclass[39m=[32m"lucide lucide-funnel 
text-gray-400"[39m
                [33mfill[39m=[32m"none"[39m
                [33mheight[39m=[32m"18"[39m
                [33mstroke[39m=[32m"currentColor"[39m
                [33mstroke-linecap[39m=[32m"round"[39m
                [33mstroke-linejoin[39m=[32m"round"[39m
                [33mstroke-width[39m=[32m"2"[39m
                [33mviewBox[39m=[32m"0 0 24 24"[39m
                [33mwidth[39m=[32m"18"[39m
                
[33mxmlns[39m=[32m"http://www.w3.org/2000/svg"[39m
              [36m>[39m
                [36m<path[39m
                  [33md[39m=[32m"M10 20a1 1 0 0 0 .553.895l2 1A1 
1 0 0 0 14 21v-7a2 2 0 0 1 .517-1.341L21.74 4.67A1 1 0 0 0 21 3H3a1 
1 0 0 0-.742 1.67l7.225 7.989A2 2 0 0 1 10 14z"[39m
                [36m/>[39m
              [36m</svg>[39m
              [36m<select[39m
                [33mclass[39m=[32m"bg-transparent border-none 
focus:ring-0 text-sm font-medium text-gray-700 dark:text-gray-300 
outline-none"[39m
              [36m>[39m
                [36m<option[39m
                  [33mvalue[39m=[32m""[39m
                [36m>[39m
                  [0mTous les statuts[0m
                [36m</option>[39m
                [36m<option[39m
                  [33mvalue[39m=[32m"PENDING"[39m
                [36m>[39m
                  [0mEn attente[0m
                [36m</option>[39m
                [36m<option[39m
                  [33mvalue[39m=[32m"VALIDATED"[39m
                [36m>[39m
                  [0mValid├®[0m
                [36m</option>[39m
                [36m<option[39m
                  [33mvalue[39m=[32m"CANCELLED"[39m
                [36m>[39m
                  [0mAnnul├®[0m
                [36m</option>[39m
                [36m<option[39m
                  [33mvalue[39m=[32m"COMPLETED"[39m
                [36m>[39m
                  [0mTermin├®[0m
                [36m</option>[39m
                [36m<option[39m
                  [33mvalue[39m=[32m"EXPIRED"[39m
                [36m>[39m
                  [0mExpir├®[0m
                [36m</option>[39m
              [36m</select>[39m
            [36m</div>[39m
          [36m</div>[39m
        [36m</div>[39m
        [36m<div[39m
          [33mclass[39m=[32m"bg-white dark:bg-gray-800 
rounded-2xl border border-gray-100 dark:border-gray-700 shadow-sm 
overflow-hidden"[39m
        [36m>[39m
          [36m<div[39m
            [33mclass[39m=[32m"overflow-x-auto"[39m
          [36m>[39m
            [36m<table[39m
              [33mclass[39m=[32m"w-full text-left"[39m
            [36m>[39m
              [36m<thead>[39m
                [36m<tr[39m
                  [33mclass[39m=[32m"bg-gray-50 
dark:bg-gray-900/50 border-b border-gray-100 
dark:border-gray-700"[39m
                [36m>[39m
                  [36m<th[39m
                    [33mclass[39m=[32m"px-6 py-4 text-xs 
font-semibold text-gray-500 uppercase tracking-wider"[39m
                  [36m>[39m
                    [0mID[0m
                  [36m</th>[39m
                  [36m<th[39m
                    [33mclass[39m=[32m"px-6 py-4 text-xs 
font-semibold text-gray-500 uppercase tracking-wider"[39m
                  [36m>[39m
                    [0mLogement[0m
                  [36m</th>[39m
                  [36m<th[39m
                    [33mclass[39m=[32m"px-6 py-4 text-xs 
font-semibold text-gray-500 uppercase tracking-wider"[39m
                  [36m>[39m
                    [0mClient[0m
                  [36m</th>[39m
                  [36m<th[39m
                    [33mclass[39m=[32m"px-6 py-4 text-xs 
font-semibold text-gray-500 uppercase tracking-wider"[39m
             ...
[90m [2mÔØ»[22m Proxy.waitForWrapper node_modules/@testing-librar
y/dom/dist/wait-for.js:[2m163:27[22m[39m
[36m [2mÔØ»[22m 
src/pages/admin/AdminTransactions.test.jsx:[2m111:11[22m[39m
    [90m109| [39m    )[33m;[39m
    [90m110| [39m    
    [90m111| [39m    [35mawait[39m [34mwaitFor[39m(() 
[33m=>[39m {
    [90m   | [39m          [31m^[39m
    [90m112| [39m      [34mexpect[39m(screen[33m.[39m[34mgetB
yText[39m([32m'tenant1'[39m))[33m.[39m[34mtoBeInTheDocument[3
9m()[33m;[39m
    [90m113| [39m    })[33m;[39m

[31m[2mÔÄ»ÔÄ»ÔÄ»ÔÄ»ÔÄ»ÔÄ»ÔÄ»ÔÄ»ÔÄ»ÔÄ»ÔÄ»ÔÄ»ÔÄ»ÔÄ»ÔÄ»ÔÄ»ÔÄ»ÔÄ»ÔÄ»ÔÄ
»ÔÄ»ÔÄ»[10/11]ÔÄ»[22m[39m

[41m[1m FAIL [22m[49m 
src/pages/admin/AdminTransactions.test.jsx[2m > 
[22mAdminTransactions Component[2m > [22mdisplays transaction 
details modal
[31m[1mTestingLibraryElementError[22m[39m: Unable to find an 
element with the text: tenant1. This could be because the text is 
broken up by multiple elements. In this case, you can provide a 
function for your text matcher to make your matcher more flexible.

Ignored nodes: comments, script, style
[36m<body>[39m
  [36m<div>[39m
    [36m<div[39m
      [33mclass[39m=[32m"space-y-6 animate-in fade-in 
slide-in-from-bottom-4 duration-500"[39m
    [36m>[39m
      [36m<div[39m
        [33mclass[39m=[32m"flex justify-between 
items-center"[39m
      [36m>[39m
        [36m<div>[39m
          [36m<h1[39m
            [33mclass[39m=[32m"text-3xl font-extrabold 
text-gray-900 dark:text-white tracking-tight"[39m
          [36m>[39m
            [0mTransactions[0m
          [36m</h1>[39m
          [36m<p[39m
            [33mclass[39m=[32m"text-gray-500 
dark:text-gray-400"[39m
          [36m>[39m
            [0mG├®rer les demandes d'occupation et r├®servations 
avec pr├®cision[0m
          [36m</p>[39m
        [36m</div>[39m
      [36m</div>[39m
      [36m<div[39m
        [33mclass[39m=[32m"flex flex-col md:flex-row gap-4 
items-center justify-between bg-white dark:bg-gray-800 p-4 
rounded-2xl shadow-sm border border-gray-100 
dark:border-gray-700"[39m
      [36m>[39m
        [36m<div[39m
          [33mclass[39m=[32m"relative w-full md:w-96"[39m
        [36m>[39m
          [36m<svg[39m
            [33maria-hidden[39m=[32m"true"[39m
            [33mclass[39m=[32m"lucide lucide-search absolute 
left-3 top-1/2 -translate-y-1/2 text-gray-400"[39m
            [33mfill[39m=[32m"none"[39m
            [33mheight[39m=[32m"18"[39m
            [33mstroke[39m=[32m"currentColor"[39m
            [33mstroke-linecap[39m=[32m"round"[39m
            [33mstroke-linejoin[39m=[32m"round"[39m
            [33mstroke-width[39m=[32m"2"[39m
            [33mviewBox[39m=[32m"0 0 24 24"[39m
            [33mwidth[39m=[32m"18"[39m
            [33mxmlns[39m=[32m"http://www.w3.org/2000/svg"[39m
          [36m>[39m
            [36m<path[39m
              [33md[39m=[32m"m21 21-4.34-4.34"[39m
            [36m/>[39m
            [36m<circle[39m
              [33mcx[39m=[32m"11"[39m
              [33mcy[39m=[32m"11"[39m
              [33mr[39m=[32m"8"[39m
            [36m/>[39m
          [36m</svg>[39m
          [36m<input[39m
            [33mclass[39m=[32m"w-full pl-10 pr-4 py-2.5 
rounded-xl border border-gray-200 dark:border-gray-700 
focus:outline-none focus:ring-2 focus:ring-blue-500 
dark:bg-gray-900 transition-all"[39m
            [33mplaceholder[39m=[32m"Rechercher par logement ou 
client..."[39m
            [33mtype[39m=[32m"text"[39m
            [33mvalue[39m=[32m""[39m
          [36m/>[39m
        [36m</div>[39m
        [36m<div[39m
          [33mclass[39m=[32m"flex items-center gap-4 w-full 
md:w-auto"[39m
        [36m>[39m
          [36m<div[39m
            [33mclass[39m=[32m"flex items-center gap-2 
bg-gray-50 dark:bg-gray-900 px-3 py-2 rounded-xl border 
border-gray-200 dark:border-gray-700"[39m
          [36m>[39m
            [36m<svg[39m
              [33maria-hidden[39m=[32m"true"[39m
              [33mclass[39m=[32m"lucide lucide-funnel 
text-gray-400"[39m
              [33mfill[39m=[32m"none"[39m
              [33mheight[39m=[32m"18"[39m
              [33mstroke[39m=[32m"currentColor"[39m
              [33mstroke-linecap[39m=[32m"round"[39m
              [33mstroke-linejoin[39m=[32m"round"[39m
              [33mstroke-width[39m=[32m"2"[39m
              [33mviewBox[39m=[32m"0 0 24 24"[39m
              [33mwidth[39m=[32m"18"[39m
              [33mxmlns[39m=[32m"http://www.w3.org/2000/svg"[39m
            [36m>[39m
              [36m<path[39m
                [33md[39m=[32m"M10 20a1 1 0 0 0 .553.895l2 1A1 1 
0 0 0 14 21v-7a2 2 0 0 1 .517-1.341L21.74 4.67A1 1 0 0 0 21 3H3a1 1 
0 0 0-.742 1.67l7.225 7.989A2 2 0 0 1 10 14z"[39m
              [36m/>[39m
            [36m</svg>[39m
            [36m<select[39m
              [33mclass[39m=[32m"bg-transparent border-none 
focus:ring-0 text-sm font-medium text-gray-700 dark:text-gray-300 
outline-none"[39m
            [36m>[39m
              [36m<option[39m
                [33mvalue[39m=[32m""[39m
              [36m>[39m
                [0mTous les statuts[0m
              [36m</option>[39m
              [36m<option[39m
                [33mvalue[39m=[32m"PENDING"[39m
              [36m>[39m
                [0mEn attente[0m
              [36m</option>[39m
              [36m<option[39m
                [33mvalue[39m=[32m"VALIDATED"[39m
              [36m>[39m
                [0mValid├®[0m
              [36m</option>[39m
              [36m<option[39m
                [33mvalue[39m=[32m"CANCELLED"[39m
              [36m>[39m
                [0mAnnul├®[0m
              [36m</option>[39m
              [36m<option[39m
                [33mvalue[39m=[32m"COMPLETED"[39m
              [36m>[39m
                [0mTermin├®[0m
              [36m</option>[39m
              [36m<option[39m
                [33mvalue[39m=[32m"EXPIRED"[39m
              [36m>[39m
                [0mExpir├®[0m
              [36m</option>[39m
            [36m</select>[39m
          [36m</div>[39m
        [36m</div>[39m
      [36m</div>[39m
      [36m<div[39m
        [33mclass[39m=[32m"bg-white dark:bg-gray-800 rounded-2xl 
border border-gray-100 dark:border-gray-700 shadow-sm 
overflow-hidden"[39m
      [36m>[39m
        [36m<div[39m
          [33mclass[39m=[32m"overflow-x-auto"[39m
        [36m>[39m
          [36m<table[39m
            [33mclass[39m=[32m"w-full text-left"[39m
          [36m>[39m
            [36m<thead>[39m
              [36m<tr[39m
                [33mclass[39m=[32m"bg-gray-50 
dark:bg-gray-900/50 border-b border-gray-100 
dark:border-gray-700"[39m
              [36m>[39m
                [36m<th[39m
                  [33mclass[39m=[32m"px-6 py-4 text-xs 
font-semibold text-gray-500 uppercase tracking-wider"[39m
                [36m>[39m
                  [0mID[0m
                [36m</th>[39m
                [36m<th[39m
                  [33mclass[39m=[32m"px-6 py-4 text-xs 
font-semibold text-gray-500 uppercase tracking-wider"[39m
                [36m>[39m
                  [0mLogement[0m
                [36m</th>[39m
                [36m<th[39m
                  [33mclass[39m=[32m"px-6 py-4 text-xs 
font-semibold text-gray-500 uppercase tracking-wider"[39m
                [36m>[39m
                  [0mClient[0m
                [36m</th>[39m
                [36m<th[39m
                  [33mclass[39m=[32m"px-6 py-4 text-xs 
font-semibold text-gray-500 uppercase tracking-wider"[39m
                [36m>[39m
                  [0mMessage[0m
                [36m</th>[39m
                [36m<th[39m
                  [33mclass[39m=[32m"px-6 py-4 text-xs 
font-semibold text-gray-500 uppercase tracking-wider"[39m
                [36m>[39m
                  [0mStatut[0m
                [36m</th>[39m
                [36m<th[39m
                  [33mclass[39m=[32m"px-6 py-4 text-xs 
font-semibold text-gray-500 uppercase tracking-wider"[39m
                [36m>[39m
                  [0mDate[0m
                [36m</th>[39m
                [36m<th[39m
                  [33mclass[39m=[32m"px-6 py-4 text-xs 
font-semibold text-gray-500 uppercase tracking-wider"[39m
                [36m>[39m
                  [0mActions[0m
                [36m</th>[39m
              [36m</tr>[39m
            [36m</thead>[39m
            [36m<tbody[39m
              [33mclass[39m=[32m"divide-y divide-gray-100 
dark:divide-gray-700"[39m
            [36m>[39m
              [36m<tr[39m
                [33mclass[39m=[32m"hover:bg-gray-50/50 
dark:hover:bg-gray-900/20 transition-colors"[39m
              [36m>[39m
                [36m<td[39m
                  [33mclass[39m=[32m"px-6 py-4 text-sm 
text-gray-700 dark:text-gray-300"[39m
                [36m>[39m
                  [36m<span[39m
                    [33mclass[39m=[32m"font-mono text-xs 
text-gray-400"[39m
                  [36m>[39m
                    [0m#[0m
                    [0m1[0m
                  [36m</span>[39m
                [36m</td>[39m
                [36m<td[39m
                  [33mclass[39m=[32m"px-6 py-4 text-sm 
text-gray-700 dark:text-gray-300"[39m
                [36m>[39m
                  [36m<div[39m
                    [33mclass[39m=[32m"flex flex-col"[39m
                  [36m>[39m
                    [36m<span[39m
                      [33mclass[39m=[32m"font-medium 
text-gray-900"[39m
                    [36m/>[39m
                    [36m<span[39m
                      [33mclass[39m=[32m"text-xs 
text-gray-500"[39m
                    [36m>[39m
                      [0m#[0m
                    [36m</span>[39m
                  [36m</div>[39m
                [36m</td>[39m
                [36m<td[39m
                  [33mclass[39m=[32m"px-6 py-4 text-sm 
text-gray-700 dark:text-gray-300"[39m
                [36m>[39m
                  [36m<div[39m
                    [33mclass[39m=[32m"flex items-center 
gap-2"[39m
                  [36m>[39m
                    [36m<div[39m
                      [33mclass[39m=[32m"w-8 h-8 rounded-full 
bg-blue-100 flex items-center justify-center text-blue-700 
font-bold text-xs"[39m
                    [36m>[39m
                      [0m [0m
                    [36m</div>[39m
                    [36m<span[39m
                      [33mclass[39m=[32m"text-sm"[39m
                    [36m/>[39m
                  [36m</div>[39m
                [36m</td>[39m
                [36m<td[39m
                  [33mclass[39m=[32m"px-6 py-4 text-sm 
text-gray-700 dark:text-gray-300"[39m
                [36m>[39m
                  [36m<p[39m
                    [33mclass[39m=[32m"text-sm text-gray-500 
max-w-xs truncate"[39m
                  [36m>[39m
                    [0mAucun message[0m
                    [0m [0m
                  [36m</p>[39m
                [36m</td>[39m
                [36m<td[39m
                  [33mclass[39m=[32m"px-6 py-4 text-sm 
text-gray-700 dark:text-gray-300"[39m
                [36m>[39m
                  [36m<span[39m
                    [33mclass[39m=[32m"px-2 py-1 rounded-full 
text-xs font-medium border bg-amber-100 text-amber-700 
border-amber-200"[39m
                  [36m>[39m
                    [0mPENDING[0m
                  [36m</span>[39m
                [36m</td>[39m
                [36m<td[39m
                  [33mclass[39m=[32m"px-6 py-4 text-sm 
text-gray-700 dark:text-gray-300"[39m
                [36m>[39m
                  [36m<span[39m
                    [33mclass[39m=[32m"text-sm 
text-gray-500"[39m
                  [36m>[39m
                    [0m10/01/2024[0m
                  [36m</span>[39m
                [36m</td>[39m
                [36m<td[39m
                  [33mclass[39m=[32m"px-6 py-4 text-sm 
text-gray-700 dark:text-gray-300"[39m
                [36m>[39m
                  [36m<div[39m
                    [33mclass[39m=[32m"flex items-center 
gap-2"[39m
                  [36m>[39m
                    [36m<button[39m
                      [33mclass[39m=[32m"p-1.5 text-emerald-600 
hover:bg-emerald-50 dark:hover:bg-emerald-900/20 rounded-xl 
transition-all active:scale-90"[39m
                      [33mtitle[39m=[32m"Approuver"[39m
                      [33mtype[39m=[32m"button"[39m
                    [36m>[39m
                      [36m<svg[39m
                        [33maria-hidden[39m=[32m"true"[39m
                        [33mclass[39m=[32m"lucide 
lucide-circle-check"[39m
                        [33mfill[39m=[32m"none"[39m
                        [33mheight[39m=[32m"18"[39m
                        [33mstroke[39m=[32m"currentColor"[39m
                        [33mstroke-linecap[39m=[32m"round"[39m
                        [33mstroke-linejoin[39m=[32m"round"[39m
                        [33mstroke-width[39m=[32m"2"[39m
                        [33mviewBox[39m=[32m"0 0 24 24"[39m
                        [33mwidth[39m=[32m"18"[39m
                        
[33mxmlns[39m=[32m"http://www.w3.org/2000/svg"[39m
                      [36m>[39m
                        [36m<circle[39m
                          [33mcx[39m=[32m"12"[39m
                          [33mcy[39m=[32m"12"[39m
                          [33mr[39m=[32m"10"[39m
                        [36m/>[39m
                        [36m<path[39m
                          [33md[39m=[32m"m9 12 2 2 4-4"[39m
                        [36m/>[39m
                      [36m</svg>[39m
                    [36m</button>[39m
                    [36m<button[39m
                      [33mclass[39m=[32m"p-1.5 text-rose-600 
hover:bg-rose-50 dark:hover:bg-rose-900/20 rounded-xl 
transition-all active:scale-90"[39m
                      [33mtitle[39m=[32m"Rejeter"[39m
                      [33mtype[39m=[32m"button"[39m
                    [36m>[39m
                      [36m<svg[39m
                        [33maria-hidden[39m=[32m"true"[39m
                        [33mclass[39m=[32m"lucide 
lucide-circle-x"[39m
                        [33mfill[39m=[32m"none"[39m
                        [33mheight[39m=[32m"18"[39m
                        [33mstroke[39m=[32m"currentColor"[39m
                        [33mstroke-linecap[39m=[32m"round"[39m
                        [33mstroke-linejoin[39m=[32m"round"[39m
                        [33mstroke-width[39m=[32m"2"[39m
                        [33mviewBox[39m=[32m"0 0 24 24"[39m
                        [33mwidth[39m=[32m"18"[39m
                        
[33mxmlns[39m=[32m"http://www.w3.org/2000/svg"[39m
                      [36m>[39m
                        [36m<circle[39m
                          [33mcx[39m=[32m"12"[39m
                          [33mcy[39m=[32m"12"[39m
                          [33mr[39m=[32m"10"[39m
                        [36m/>[39m
                        [36m<path[39m
                          [33md[39m=[32m"m15 9-6 6"[39m
                        [36m/>[39m
                        [36m<path[39m
                          [33md[39m=[32m"m9 9 6 6"[39m
                        [36m/>[39m
                      [36m</svg>[39m
                    [36m</button>[39m
                    [36m<button[39m
                      [33mclass[39m=[32m"p-1.5 text-gray-400 
hover:bg-gray-100 dark:hover:bg-gray-800 rounded-xl transition-all 
active:scale-90"[39m
                      [33mtitle[39m=[32m"Voir les d├®tails"[39m
                      [33mtype[39m=[32m"button"[39m
                    [36m>[39m
                      [36m<svg[39m
                        [33maria-hidden[39m=[32m"true"[39m
                        [33mclass[39m=[32m"lucide 
lucide-external-link"[39m
                        [33mfill[39m=[32m"none"[39m
                        [33mheight[39m=[32m"18"[39m
                        [33mstroke[39m=[32m"currentColor"[39m
                        [33mstroke-linecap[39m=[32m"round"[39m
                        [33mstroke-linejoin[39m=[32m"round"[39m
                        [33mstroke-width[39m=[32m"2"[39m
                        [33mviewBox[39m=[32m"0 0 24 24"[39m
                        [33mwidth[39m=[32m"18"[39m
                        
[33mxmlns[39m=[32m"http://www.w3.org/2000/svg"[39m
                      [36m>[39m
                        [36m<path[39m
                          [33md[39m=[32m"M15 3h6v6"[39m
                        [36m/>[39m
                        [36m<path[39m
                          [33md[39m=[32m"M10 14 21 3"[39m
                        [36m/>[39m
                        [36m<path[39m
                          [33md[39m=[32m"M18 13v6a2 2 0 0 1-2 
2H5a2 2 0 0 1-2-2V8a2 2 0 0 1 2-2h6"[39m
                        [36m/>[39m
                      [36m</svg>[39m
                    [36m</button>[39m
                  [36m</div>[39m
                [36m</td>[39m
              [36m</tr>[39m
            [36m</tbody>[39m
          [36m</table>[39m
        [36m</div>[39m
        [36m<div[39m
          [33mclass[39m=[32m"px-6 py-4 bg-gray-50 
dark:bg-gray-900/50 border-t border-gray-100 dark:border-gray-700 
flex items-center justify-between"[39m
        [36m>[39m
          [36m<span[39m
            [33mclass[39m=[32m"text-sm text-gray-500"[39m
          [36m>[39m
            [0mPage [0m
            [0m1[0m
            [0m sur [0m
            [0m1[0m
          [36m</span>[39m
          [36m<div[39m
            [33mclass[39m=[32m"flex space-x-2"[39m
          [36m>[39m
            [36m<button[39m
              [33mclass[39m=[32m"px-4 py-2 text-sm font-medium 
text-gray-600 bg-white dark:bg-gray-800 border border-gray-200 
dark:border-gray-700 rounded-lg disabled:opacity-50"[39m
              [33mdisabled[39m=[32m""[39m
            [36m>[39m
              [0mPr├®c├®dent[0m
            [36m</button>[39m
            [36m<button[39m
              [33mclass[39m=[32m"px-4 py-2 text-sm font-medium 
text-gray-600 bg-white dark:bg-gray-800 border border-gray-200 
dark:border-gray-700 rounded-lg disabled:opacity-50"[39m
              [33mdisabled[39m=[32m""[39m
            [36m>[39m
              [0mSuivant[0m
            [36m</button>[39m
          [36m</div>[39m
        [36m</div>[39m
      [36m</div>[39m
    [36m</div>[39m
  [36m</div>[39m
[36m</body>[39m

Ignored nodes: comments, script, style
[36m<html>[39m
  [36m<head />[39m
  [36m<body>[39m
    [36m<div>[39m
      [36m<div[39m
        [33mclass[39m=[32m"space-y-6 animate-in fade-in 
slide-in-from-bottom-4 duration-500"[39m
      [36m>[39m
        [36m<div[39m
          [33mclass[39m=[32m"flex justify-between 
items-center"[39m
        [36m>[39m
          [36m<div>[39m
            [36m<h1[39m
              [33mclass[39m=[32m"text-3xl font-extrabold 
text-gray-900 dark:text-white tracking-tight"[39m
            [36m>[39m
              [0mTransactions[0m
            [36m</h1>[39m
            [36m<p[39m
              [33mclass[39m=[32m"text-gray-500 
dark:text-gray-400"[39m
            [36m>[39m
              [0mG├®rer les demandes d'occupation et r├®servations 
avec pr├®cision[0m
            [36m</p>[39m
          [36m</div>[39m
        [36m</div>[39m
        [36m<div[39m
          [33mclass[39m=[32m"flex flex-col md:flex-row gap-4 
items-center justify-between bg-white dark:bg-gray-800 p-4 
rounded-2xl shadow-sm border border-gray-100 
dark:border-gray-700"[39m
        [36m>[39m
          [36m<div[39m
            [33mclass[39m=[32m"relative w-full md:w-96"[39m
          [36m>[39m
            [36m<svg[39m
              [33maria-hidden[39m=[32m"true"[39m
              [33mclass[39m=[32m"lucide lucide-search absolute 
left-3 top-1/2 -translate-y-1/2 text-gray-400"[39m
              [33mfill[39m=[32m"none"[39m
              [33mheight[39m=[32m"18"[39m
              [33mstroke[39m=[32m"currentColor"[39m
              [33mstroke-linecap[39m=[32m"round"[39m
              [33mstroke-linejoin[39m=[32m"round"[39m
              [33mstroke-width[39m=[32m"2"[39m
              [33mviewBox[39m=[32m"0 0 24 24"[39m
              [33mwidth[39m=[32m"18"[39m
              [33mxmlns[39m=[32m"http://www.w3.org/2000/svg"[39m
            [36m>[39m
              [36m<path[39m
                [33md[39m=[32m"m21 21-4.34-4.34"[39m
              [36m/>[39m
              [36m<circle[39m
                [33mcx[39m=[32m"11"[39m
                [33mcy[39m=[32m"11"[39m
                [33mr[39m=[32m"8"[39m
              [36m/>[39m
            [36m</svg>[39m
            [36m<input[39m
              [33mclass[39m=[32m"w-full pl-10 pr-4 py-2.5 
rounded-xl border border-gray-200 dark:border-gray-700 
focus:outline-none focus:ring-2 focus:ring-blue-500 
dark:bg-gray-900 transition-all"[39m
              [33mplaceholder[39m=[32m"Rechercher par logement 
ou client..."[39m
              [33mtype[39m=[32m"text"[39m
              [33mvalue[39m=[32m""[39m
            [36m/>[39m
          [36m</div>[39m
          [36m<div[39m
            [33mclass[39m=[32m"flex items-center gap-4 w-full 
md:w-auto"[39m
          [36m>[39m
            [36m<div[39m
              [33mclass[39m=[32m"flex items-center gap-2 
bg-gray-50 dark:bg-gray-900 px-3 py-2 rounded-xl border 
border-gray-200 dark:border-gray-700"[39m
            [36m>[39m
              [36m<svg[39m
                [33maria-hidden[39m=[32m"true"[39m
                [33mclass[39m=[32m"lucide lucide-funnel 
text-gray-400"[39m
                [33mfill[39m=[32m"none"[39m
                [33mheight[39m=[32m"18"[39m
                [33mstroke[39m=[32m"currentColor"[39m
                [33mstroke-linecap[39m=[32m"round"[39m
                [33mstroke-linejoin[39m=[32m"round"[39m
                [33mstroke-width[39m=[32m"2"[39m
                [33mviewBox[39m=[32m"0 0 24 24"[39m
                [33mwidth[39m=[32m"18"[39m
                
[33mxmlns[39m=[32m"http://www.w3.org/2000/svg"[39m
              [36m>[39m
                [36m<path[39m
                  [33md[39m=[32m"M10 20a1 1 0 0 0 .553.895l2 1A1 
1 0 0 0 14 21v-7a2 2 0 0 1 .517-1.341L21.74 4.67A1 1 0 0 0 21 3H3a1 
1 0 0 0-.742 1.67l7.225 7.989A2 2 0 0 1 10 14z"[39m
                [36m/>[39m
              [36m</svg>[39m
              [36m<select[39m
                [33mclass[39m=[32m"bg-transparent border-none 
focus:ring-0 text-sm font-medium text-gray-700 dark:text-gray-300 
outline-none"[39m
              [36m>[39m
                [36m<option[39m
                  [33mvalue[39m=[32m""[39m
                [36m>[39m
                  [0mTous les statuts[0m
                [36m</option>[39m
                [36m<option[39m
                  [33mvalue[39m=[32m"PENDING"[39m
                [36m>[39m
                  [0mEn attente[0m
                [36m</option>[39m
                [36m<option[39m
                  [33mvalue[39m=[32m"VALIDATED"[39m
                [36m>[39m
                  [0mValid├®[0m
                [36m</option>[39m
                [36m<option[39m
                  [33mvalue[39m=[32m"CANCELLED"[39m
                [36m>[39m
                  [0mAnnul├®[0m
                [36m</option>[39m
                [36m<option[39m
                  [33mvalue[39m=[32m"COMPLETED"[39m
                [36m>[39m
                  [0mTermin├®[0m
                [36m</option>[39m
                [36m<option[39m
                  [33mvalue[39m=[32m"EXPIRED"[39m
                [36m>[39m
                  [0mExpir├®[0m
                [36m</option>[39m
              [36m</select>[39m
            [36m</div>[39m
          [36m</div>[39m
        [36m</div>[39m
        [36m<div[39m
          [33mclass[39m=[32m"bg-white dark:bg-gray-800 
rounded-2xl border border-gray-100 dark:border-gray-700 shadow-sm 
overflow-hidden"[39m
        [36m>[39m
          [36m<div[39m
            [33mclass[39m=[32m"overflow-x-auto"[39m
          [36m>[39m
            [36m<table[39m
              [33mclass[39m=[32m"w-full text-left"[39m
            [36m>[39m
              [36m<thead>[39m
                [36m<tr[39m
                  [33mclass[39m=[32m"bg-gray-50 
dark:bg-gray-900/50 border-b border-gray-100 
dark:border-gray-700"[39m
                [36m>[39m
                  [36m<th[39m
                    [33mclass[39m=[32m"px-6 py-4 text-xs 
font-semibold text-gray-500 uppercase tracking-wider"[39m
                  [36m>[39m
                    [0mID[0m
                  [36m</th>[39m
                  [36m<th[39m
                    [33mclass[39m=[32m"px-6 py-4 text-xs 
font-semibold text-gray-500 uppercase tracking-wider"[39m
                  [36m>[39m
                    [0mLogement[0m
                  [36m</th>[39m
                  [36m<th[39m
                    [33mclass[39m=[32m"px-6 py-4 text-xs 
font-semibold text-gray-500 uppercase tracking-wider"[39m
                  [36m>[39m
                    [0mClient[0m
                  [36m</th>[39m
                  [36m<th[39m
                    [33mclass[39m=[32m"px-6 py-4 text-xs 
font-semibold text-gray-500 uppercase tracking-wider"[39m
             ...
[90m [2mÔØ»[22m Proxy.waitForWrapper node_modules/@testing-librar
y/dom/dist/wait-for.js:[2m163:27[22m[39m
[36m [2mÔØ»[22m 
src/pages/admin/AdminTransactions.test.jsx:[2m152:11[22m[39m
    [90m150| [39m    )[33m;[39m
    [90m151| [39m    
    [90m152| [39m    [35mawait[39m [34mwaitFor[39m(() 
[33m=>[39m {
    [90m   | [39m          [31m^[39m
    [90m153| [39m      [34mexpect[39m(screen[33m.[39m[34mgetB
yText[39m([32m'tenant1'[39m))[33m.[39m[34mtoBeInTheDocument[3
9m()[33m;[39m
    [90m154| [39m    })[33m;[39m

[31m[2mÔÄ»ÔÄ»ÔÄ»ÔÄ»ÔÄ»ÔÄ»ÔÄ»ÔÄ»ÔÄ»ÔÄ»ÔÄ»ÔÄ»ÔÄ»ÔÄ»ÔÄ»ÔÄ»ÔÄ»ÔÄ»ÔÄ»ÔÄ
»ÔÄ»ÔÄ»[11/11]ÔÄ»[22m[39m

[31mÔÄ»ÔÄ»ÔÄ»ÔÄ»ÔÄ»ÔÄ»[39m[1m[41m Unhandled Errors 
[49m[22m[31mÔÄ»ÔÄ»ÔÄ»ÔÄ»ÔÄ»ÔÄ»[39m
[31m[1m
Vitest caught 5 unhandled errors during the test run.
This might cause false positive tests. Resolve unhandled errors to 
make sure your tests are not affected.[22m[39m

[31mÔÄ»ÔÄ»ÔÄ»ÔÄ»ÔÄ»[39m[1m[41m Uncaught Exception 
[49m[22m[31mÔÄ»ÔÄ»ÔÄ»ÔÄ»ÔÄ»[39m
[31m[1mTypeError[22m: row.id?.substring is not a function[39m
[36m [2mÔØ»[22m Object.render 
src/pages/admin/AdminDisputes.jsx:[2m67:84[22m[39m
    [90m 65| [39m      header[33m:[39m 
[32m'ID'[39m[33m,[39m 
    [90m 66| [39m      accessor[33m:[39m 
[32m'id'[39m[33m,[39m
    [90m 67| [39m      render: (row) => <span 
className="font-mono text-xs text-gray-40ÔÇª
    [90m   | [39m                                                 
                                  [31m^[39m
    [90m 68| [39m    }[33m,[39m
    [90m 69| [39m    { 
[90m [2mÔØ»[22m 
src/components/admin/DataTable.jsx:[2m39:47[22m[39m
[90m [2mÔØ»[22m 
src/components/admin/DataTable.jsx:[2m37:28[22m[39m
[90m [2mÔØ»[22m DataTable 
src/components/admin/DataTable.jsx:[2m32:20[22m[39m
[90m [2mÔØ»[22m Object.react_stack_bottom_frame node_modules/reac
t-dom/cjs/react-dom-client.development.js:[2m25904:20[22m[39m
[90m [2mÔØ»[22m renderWithHooks node_modules/react-dom/cjs/react-
dom-client.development.js:[2m7662:22[22m[39m
[90m [2mÔØ»[22m updateFunctionComponent node_modules/react-dom/cj
s/react-dom-client.development.js:[2m10166:19[22m[39m
[90m [2mÔØ»[22m beginWork node_modules/react-dom/cjs/react-dom-cl
ient.development.js:[2m11778:18[22m[39m

[31mThis error originated in 
"[1msrc/pages/admin/AdminDisputes.test.jsx[22m" test file. It 
doesn't mean the error was thrown inside the file itself, but while 
it was running.[39m
[31mThe latest test that might've caused the error is "[1mrenders 
disputes list[22m". It might mean one of the following:
- The error was thrown, while Vitest was running this test.
- If the error occurred after the test had been completed, this was 
the last documented test before it was thrown.[39m

[31mÔÄ»ÔÄ»ÔÄ»ÔÄ»ÔÄ»[39m[1m[41m Uncaught Exception 
[49m[22m[31mÔÄ»ÔÄ»ÔÄ»ÔÄ»ÔÄ»[39m
[31m[1mTypeError[22m: row.id?.substring is not a function[39m
[36m [2mÔØ»[22m Object.render 
src/pages/admin/AdminDisputes.jsx:[2m67:84[22m[39m
    [90m 65| [39m      header[33m:[39m 
[32m'ID'[39m[33m,[39m 
    [90m 66| [39m      accessor[33m:[39m 
[32m'id'[39m[33m,[39m
    [90m 67| [39m      render: (row) => <span 
className="font-mono text-xs text-gray-40ÔÇª
    [90m   | [39m                                                 
                                  [31m^[39m
    [90m 68| [39m    }[33m,[39m
    [90m 69| [39m    { 
[90m [2mÔØ»[22m 
src/components/admin/DataTable.jsx:[2m39:47[22m[39m
[90m [2mÔØ»[22m 
src/components/admin/DataTable.jsx:[2m37:28[22m[39m
[90m [2mÔØ»[22m DataTable 
src/components/admin/DataTable.jsx:[2m32:20[22m[39m
[90m [2mÔØ»[22m Object.react_stack_bottom_frame node_modules/reac
t-dom/cjs/react-dom-client.development.js:[2m25904:20[22m[39m
[90m [2mÔØ»[22m renderWithHooks node_modules/react-dom/cjs/react-
dom-client.development.js:[2m7662:22[22m[39m
[90m [2mÔØ»[22m updateFunctionComponent node_modules/react-dom/cj
s/react-dom-client.development.js:[2m10166:19[22m[39m
[90m [2mÔØ»[22m beginWork node_modules/react-dom/cjs/react-dom-cl
ient.development.js:[2m11778:18[22m[39m

[31mThis error originated in 
"[1msrc/pages/admin/AdminDisputes.test.jsx[22m" test file. It 
doesn't mean the error was thrown inside the file itself, but while 
it was running.[39m
[31mThe latest test that might've caused the error is 
"[1mresolves dispute with full refund[22m". It might mean one of 
the following:
- The error was thrown, while Vitest was running this test.
- If the error occurred after the test had been completed, this was 
the last documented test before it was thrown.[39m

[31mÔÄ»ÔÄ»ÔÄ»ÔÄ»ÔÄ»[39m[1m[41m Uncaught Exception 
[49m[22m[31mÔÄ»ÔÄ»ÔÄ»ÔÄ»ÔÄ»[39m
[31m[1mTypeError[22m: row.id?.substring is not a function[39m
[36m [2mÔØ»[22m Object.render 
src/pages/admin/AdminDisputes.jsx:[2m67:84[22m[39m
    [90m 65| [39m      header[33m:[39m 
[32m'ID'[39m[33m,[39m 
    [90m 66| [39m      accessor[33m:[39m 
[32m'id'[39m[33m,[39m
    [90m 67| [39m      render: (row) => <span 
className="font-mono text-xs text-gray-40ÔÇª
    [90m   | [39m                                                 
                                  [31m^[39m
    [90m 68| [39m    }[33m,[39m
    [90m 69| [39m    { 
[90m [2mÔØ»[22m 
src/components/admin/DataTable.jsx:[2m39:47[22m[39m
[90m [2mÔØ»[22m 
src/components/admin/DataTable.jsx:[2m37:28[22m[39m
[90m [2mÔØ»[22m DataTable 
src/components/admin/DataTable.jsx:[2m32:20[22m[39m
[90m [2mÔØ»[22m Object.react_stack_bottom_frame node_modules/reac
t-dom/cjs/react-dom-client.development.js:[2m25904:20[22m[39m
[90m [2mÔØ»[22m renderWithHooks node_modules/react-dom/cjs/react-
dom-client.development.js:[2m7662:22[22m[39m
[90m [2mÔØ»[22m updateFunctionComponent node_modules/react-dom/cj
s/react-dom-client.development.js:[2m10166:19[22m[39m
[90m [2mÔØ»[22m beginWork node_modules/react-dom/cjs/react-dom-cl
ient.development.js:[2m11778:18[22m[39m

[31mThis error originated in 
"[1msrc/pages/admin/AdminDisputes.test.jsx[22m" test file. It 
doesn't mean the error was thrown inside the file itself, but while 
it was running.[39m
[31mThe latest test that might've caused the error is 
"[1mresolves dispute with partial refund[22m". It might mean one 
of the following:
- The error was thrown, while Vitest was running this test.
- If the error occurred after the test had been completed, this was 
the last documented test before it was thrown.[39m


[2m Test Files [22m [1m[31m4 failed[39m[22m[2m | [22m[1m[32m11 passed[39m[22m[90m (15)[39m
[31mÔÄ»ÔÄ»ÔÄ»ÔÄ»ÔÄ»[39m[1m[41m Uncaught Exception 
[49m[22m[31mÔÄ»ÔÄ»ÔÄ»ÔÄ»ÔÄ»[39m
[31m[1mTypeError[22m: row.id?.substring is not a function[39m
[36m [2mÔØ»[22m Object.render 
src/pages/admin/AdminDisputes.jsx:[2m67:84[22m[39m
    [90m 65| [39m      header[33m:[39m 
[32m'ID'[39m[33m,[39m 
    [90m 66| [39m      accessor[33m:[39m 
[32m'id'[39m[33m,[39m
    [90m 67| [39m      render: (row) => <span 
className="font-mono text-xs text-gray-40ÔÇª
    [90m   | [39m                                                 
                                  [31m^[39m
    [90m 68| [39m    }[33m,[39m
    [90m 69| [39m    { 
[90m [2mÔØ»[22m 
src/components/admin/DataTable.jsx:[2m39:47[22m[39m
[90m [2mÔØ»[22m 
src/components/admin/DataTable.jsx:[2m37:28[22m[39m
[90m [2mÔØ»[22m DataTable 
src/components/admin/DataTable.jsx:[2m32:20[22m[39m
[90m [2mÔØ»[22m Object.react_stack_bottom_frame node_modules/reac
t-dom/cjs/react-dom-client.development.js:[2m25904:20[22m[39m
[90m [2mÔØ»[22m renderWithHooks node_modules/react-dom/cjs/react-
dom-client.development.js:[2m7662:22[22m[39m
[90m [2mÔØ»[22m updateFunctionComponent node_modules/react-dom/cj
s/react-dom-client.development.js:[2m10166:19[22m[39m
[90m [2mÔØ»[22m beginWork node_modules/react-dom/cjs/react-dom-cl
ient.development.js:[2m11778:18[22m[39m

[31mThis error originated in 
"[1msrc/pages/admin/AdminDisputes.test.jsx[22m" test file. It 
doesn't mean the error was thrown inside the file itself, but while 
it was running.[39m
[31mThe latest test that might've caused the error is 
"[1mresolves dispute with no refund[22m". It might mean one of 
the following:
- The error was thrown, while Vitest was running this test.
- If the error occurred after the test had been completed, this was 
the last documented test before it was thrown.[39m

[2m      Tests [22m [1m[31m10 failed[39m[22m[2m | [22m[1m[32m33 passed[39m[22m[2m | [22m[33m3 skipped[39m[90m (46)[39m
[2m     Errors [22m [1m[31m5 errors[39m[22m
[2m   Start at [22m 22:26:26
[2m   Duration [22m 30.96s[2m (transform 3.43s, setup 4.69s, import 15.52s, tests 17.19s, environment 40.35s)[22m

[31mÔÄ»ÔÄ»ÔÄ»ÔÄ»ÔÄ»[39m[1m[41m Uncaught Exception 
[49m[22m[31mÔÄ»ÔÄ»ÔÄ»ÔÄ»ÔÄ»[39m
[31m[1mTypeError[22m: row.id?.substring is not a function[39m
[36m [2mÔØ»[22m Object.render 
src/pages/admin/AdminDisputes.jsx:[2m67:84[22m[39m
    [90m 65| [39m      header[33m:[39m 
[32m'ID'[39m[33m,[39m 
    [90m 66| [39m      accessor[33m:[39m 
[32m'id'[39m[33m,[39m
    [90m 67| [39m      render: (row) => <span 
className="font-mono text-xs text-gray-40ÔÇª
    [90m   | [39m                                                 
                                  [31m^[39m
    [90m 68| [39m    }[33m,[39m
    [90m 69| [39m    { 
[90m [2mÔØ»[22m 
src/components/admin/DataTable.jsx:[2m39:47[22m[39m
[90m [2mÔØ»[22m 
src/components/admin/DataTable.jsx:[2m37:28[22m[39m
[90m [2mÔØ»[22m DataTable 
src/components/admin/DataTable.jsx:[2m32:20[22m[39m
[90m [2mÔØ»[22m Object.react_stack_bottom_frame node_modules/reac
t-dom/cjs/react-dom-client.development.js:[2m25904:20[22m[39m
[90m [2mÔØ»[22m renderWithHooks node_modules/react-dom/cjs/react-
dom-client.development.js:[2m7662:22[22m[39m
[90m [2mÔØ»[22m updateFunctionComponent node_modules/react-dom/cj
s/react-dom-client.development.js:[2m10166:19[22m[39m
[90m [2mÔØ»[22m beginWork node_modules/react-dom/cjs/react-dom-cl
ient.development.js:[2m11778:18[22m[39m

[31mThis error originated in 
"[1msrc/pages/admin/AdminDisputes.test.jsx[22m" test file. It 
doesn't mean the error was thrown inside the file itself, but while 
it was running.[39m
[31mThe latest test that might've caused the error is "[1mfilters 
disputes by status[22m". It might mean one of the following:
- The error was thrown, while Vitest was running this test.
- If the error occurred after the test had been completed, this was 
the last documented test before it was thrown.[39m
[31mÔÄ»ÔÄ»ÔÄ»ÔÄ»ÔÄ»ÔÄ»ÔÄ»ÔÄ»ÔÄ»ÔÄ»ÔÄ»ÔÄ»ÔÄ»ÔÄ»ÔÄ»ÔÄ»ÔÄ»ÔÄ»ÔÄ»ÔÄ»ÔÄ»
ÔÄ»ÔÄ»ÔÄ»ÔÄ»ÔÄ»ÔÄ»ÔÄ»ÔÄ»ÔÄ»[39m

